Archive member included to satisfy reference by file (symbol)

c:/program files/atollic/truestudio for arm 7.1.0/armtools/bin/../lib/gcc/arm-atollic-eabi/5.3.1/../../../../arm-atollic-eabi/lib/armv7-m\libc_nano.a(lib_a-init.o)
                              Drivers\CMSIS\Device\ST\STM32F1xx\Source\Templates\gcc\startup_stm32f103xe.o (__libc_init_array)
c:/program files/atollic/truestudio for arm 7.1.0/armtools/bin/../lib/gcc/arm-atollic-eabi/5.3.1/../../../../arm-atollic-eabi/lib/armv7-m\libc_nano.a(lib_a-memcpy-stub.o)
                              Middlewares\Third_Party\FreeRTOS\Source\queue.o (memcpy)
c:/program files/atollic/truestudio for arm 7.1.0/armtools/bin/../lib/gcc/arm-atollic-eabi/5.3.1/../../../../arm-atollic-eabi/lib/armv7-m\libc_nano.a(lib_a-memmove.o)
                              microrl_lib\microrl.o (memmove)
c:/program files/atollic/truestudio for arm 7.1.0/armtools/bin/../lib/gcc/arm-atollic-eabi/5.3.1/../../../../arm-atollic-eabi/lib/armv7-m\libc_nano.a(lib_a-memset.o)
                              Drivers\STM32F1xx_HAL_Driver\Src\stm32f1xx_hal_rcc.o (memset)
c:/program files/atollic/truestudio for arm 7.1.0/armtools/bin/../lib/gcc/arm-atollic-eabi/5.3.1/../../../../arm-atollic-eabi/lib/armv7-m\libc_nano.a(lib_a-strcmp.o)
                              microrl_lib\microrl_func.o (strcmp)
c:/program files/atollic/truestudio for arm 7.1.0/armtools/bin/../lib/gcc/arm-atollic-eabi/5.3.1/../../../../arm-atollic-eabi/lib/armv7-m\libc_nano.a(lib_a-strcpy.o)
                              microrl_lib\microrl.o (strcpy)
c:/program files/atollic/truestudio for arm 7.1.0/armtools/bin/../lib/gcc/arm-atollic-eabi/5.3.1/../../../../arm-atollic-eabi/lib/armv7-m\libc_nano.a(lib_a-strlen.o)
                              microrl_lib\microrl.o (strlen)
c:/program files/atollic/truestudio for arm 7.1.0/armtools/bin/../lib/gcc/arm-atollic-eabi/5.3.1/../../../../arm-atollic-eabi/lib/armv7-m\libc_nano.a(lib_a-strstr.o)
                              microrl_lib\microrl_func.o (strstr)
c:/program files/atollic/truestudio for arm 7.1.0/armtools/bin/../lib/gcc/arm-atollic-eabi/5.3.1/armv7-m\libgcc.a(_lshrdi3.o)
                              Drivers\STM32F1xx_HAL_Driver\Src\stm32f1xx_hal_flash.o (__aeabi_llsr)

Allocating common symbols
Common symbol       size              file

rl                  0xd4              microrl_lib\microrl_func.o
hUsbDeviceFS        0x224             Src\usb_device.o
defaultTaskHandle   0x4               Src\main.o
received_data_size  0x4               Src\usbd_cdc_if.o
xQueueRegistry      0x40              Middlewares\Third_Party\FreeRTOS\Source\queue.o
pFlash              0x20              Drivers\STM32F1xx_HAL_Driver\Src\stm32f1xx_hal_flash.o
UserRxBufferFS      0x40              Src\usbd_cdc_if.o
received_data       0x1               Src\usbd_cdc_if.o
terminalFuncArray   0x78              microrl_lib\microrl_func.o
UserTxBufferFS      0x40              Src\usbd_cdc_if.o
hpcd_USB_FS         0x420             Src\usbd_conf.o
USBD_StrDesc        0x200             Src\usbd_desc.o

Discarded input sections

 .text          0x00000000        0x0 c:/program files/atollic/truestudio for arm 7.1.0/armtools/bin/../lib/gcc/arm-atollic-eabi/5.3.1/armv7-m/crti.o
 .data          0x00000000        0x0 c:/program files/atollic/truestudio for arm 7.1.0/armtools/bin/../lib/gcc/arm-atollic-eabi/5.3.1/armv7-m/crti.o
 .bss           0x00000000        0x0 c:/program files/atollic/truestudio for arm 7.1.0/armtools/bin/../lib/gcc/arm-atollic-eabi/5.3.1/armv7-m/crti.o
 .data          0x00000000        0x4 c:/program files/atollic/truestudio for arm 7.1.0/armtools/bin/../lib/gcc/arm-atollic-eabi/5.3.1/armv7-m/crtbegin.o
 .text          0x00000000       0x14 Drivers\CMSIS\Device\ST\STM32F1xx\Source\Templates\gcc\startup_stm32f103xe.o
 .data          0x00000000        0x0 Drivers\CMSIS\Device\ST\STM32F1xx\Source\Templates\gcc\startup_stm32f103xe.o
 .bss           0x00000000        0x0 Drivers\CMSIS\Device\ST\STM32F1xx\Source\Templates\gcc\startup_stm32f103xe.o
 .text          0x00000000        0x0 Drivers\STM32F1xx_HAL_Driver\Src\stm32f1xx_hal.o
 .data          0x00000000        0x0 Drivers\STM32F1xx_HAL_Driver\Src\stm32f1xx_hal.o
 .bss           0x00000000        0x0 Drivers\STM32F1xx_HAL_Driver\Src\stm32f1xx_hal.o
 .text.HAL_DeInit
                0x00000000       0x18 Drivers\STM32F1xx_HAL_Driver\Src\stm32f1xx_hal.o
 .text.HAL_MspInit
                0x00000000        0x2 Drivers\STM32F1xx_HAL_Driver\Src\stm32f1xx_hal.o
 .text.HAL_MspDeInit
                0x00000000        0x2 Drivers\STM32F1xx_HAL_Driver\Src\stm32f1xx_hal.o
 .text.HAL_SuspendTick
                0x00000000       0x10 Drivers\STM32F1xx_HAL_Driver\Src\stm32f1xx_hal.o
 .text.HAL_ResumeTick
                0x00000000       0x10 Drivers\STM32F1xx_HAL_Driver\Src\stm32f1xx_hal.o
 .text.HAL_GetHalVersion
                0x00000000        0x8 Drivers\STM32F1xx_HAL_Driver\Src\stm32f1xx_hal.o
 .text.HAL_GetREVID
[...]
Memory Configuration

Name             Origin             Length             Attributes
RAM              0x20000000         0x00010000         xrw
FLASH            0x08004000         0x0007b800         xr
*default*        0x00000000         0xffffffff

Linker script and memory map

LOAD c:/program files/atollic/truestudio for arm 7.1.0/armtools/bin/../lib/gcc/arm-atollic-eabi/5.3.1/armv7-m/crti.o
LOAD c:/program files/atollic/truestudio for arm 7.1.0/armtools/bin/../lib/gcc/arm-atollic-eabi/5.3.1/armv7-m/crtbegin.o
LOAD Drivers\CMSIS\Device\ST\STM32F1xx\Source\Templates\gcc\startup_stm32f103xe.o
LOAD Drivers\STM32F1xx_HAL_Driver\Src\stm32f1xx_hal.o
LOAD Drivers\STM32F1xx_HAL_Driver\Src\stm32f1xx_hal_cortex.o
LOAD Drivers\STM32F1xx_HAL_Driver\Src\stm32f1xx_hal_dma.o
LOAD Drivers\STM32F1xx_HAL_Driver\Src\stm32f1xx_hal_flash.o
LOAD Drivers\STM32F1xx_HAL_Driver\Src\stm32f1xx_hal_flash_ex.o
LOAD Drivers\STM32F1xx_HAL_Driver\Src\stm32f1xx_hal_gpio.o
LOAD Drivers\STM32F1xx_HAL_Driver\Src\stm32f1xx_hal_gpio_ex.o
LOAD Drivers\STM32F1xx_HAL_Driver\Src\stm32f1xx_hal_pcd.o
LOAD Drivers\STM32F1xx_HAL_Driver\Src\stm32f1xx_hal_pcd_ex.o
LOAD Drivers\STM32F1xx_HAL_Driver\Src\stm32f1xx_hal_pwr.o
LOAD Drivers\STM32F1xx_HAL_Driver\Src\stm32f1xx_hal_rcc.o
LOAD Drivers\STM32F1xx_HAL_Driver\Src\stm32f1xx_hal_rcc_ex.o
LOAD Drivers\STM32F1xx_HAL_Driver\Src\stm32f1xx_hal_tim.o
LOAD Drivers\STM32F1xx_HAL_Driver\Src\stm32f1xx_hal_tim_ex.o
LOAD Drivers\STM32F1xx_HAL_Driver\Src\stm32f1xx_ll_usb.o
LOAD Middlewares\ST\STM32_USB_Device_Library\Class\CDC\Src\usbd_cdc.o
LOAD Middlewares\ST\STM32_USB_Device_Library\Core\Src\usbd_core.o
LOAD Middlewares\ST\STM32_USB_Device_Library\Core\Src\usbd_ctlreq.o
LOAD Middlewares\ST\STM32_USB_Device_Library\Core\Src\usbd_ioreq.o
LOAD Middlewares\Third_Party\FreeRTOS\Source\CMSIS_RTOS\cmsis_os.o
LOAD Middlewares\Third_Party\FreeRTOS\Source\croutine.o
LOAD Middlewares\Third_Party\FreeRTOS\Source\event_groups.o
LOAD Middlewares\Third_Party\FreeRTOS\Source\list.o
LOAD Middlewares\Third_Party\FreeRTOS\Source\portable\GCC\ARM_CM3\port.o
LOAD Middlewares\Third_Party\FreeRTOS\Source\portable\MemMang\heap_4.o
LOAD Middlewares\Third_Party\FreeRTOS\Source\queue.o
LOAD Middlewares\Third_Party\FreeRTOS\Source\tasks.o
LOAD Middlewares\Third_Party\FreeRTOS\Source\timers.o
LOAD Src\freertos.o
LOAD Src\main.o
LOAD Src\stm32f1xx_hal_msp.o
LOAD Src\stm32f1xx_it.o
LOAD Src\system_stm32f1xx.o
LOAD Src\usb_device.o
LOAD Src\usbd_cdc_if.o
LOAD Src\usbd_conf.o
LOAD Src\usbd_desc.o
LOAD microrl_lib\microrl.o
LOAD microrl_lib\microrl_func.o
START GROUP
LOAD c:/program files/atollic/truestudio for arm 7.1.0/armtools/bin/../lib/gcc/arm-atollic-eabi/5.3.1/../../../../arm-atollic-eabi/lib/armv7-m\libc_nano.a
LOAD c:/program files/atollic/truestudio for arm 7.1.0/armtools/bin/../lib/gcc/arm-atollic-eabi/5.3.1/../../../../arm-atollic-eabi/lib/armv7-m\libm.a
END GROUP
                0x00000080                malloc_getpagesize_P = 0x80
START GROUP
LOAD c:/program files/atollic/truestudio for arm 7.1.0/armtools/bin/../lib/gcc/arm-atollic-eabi/5.3.1/armv7-m\libgcc.a
LOAD c:/program files/atollic/truestudio for arm 7.1.0/armtools/bin/../lib/gcc/arm-atollic-eabi/5.3.1/../../../../arm-atollic-eabi/lib/armv7-m\libc_nano.a
END GROUP
START GROUP
LOAD c:/program files/atollic/truestudio for arm 7.1.0/armtools/bin/../lib/gcc/arm-atollic-eabi/5.3.1/armv7-m\libgcc.a
LOAD c:/program files/atollic/truestudio for arm 7.1.0/armtools/bin/../lib/gcc/arm-atollic-eabi/5.3.1/../../../../arm-atollic-eabi/lib/armv7-m\libc_nano.a
LOAD c:/program files/atollic/truestudio for arm 7.1.0/armtools/bin/../lib/gcc/arm-atollic-eabi/5.3.1/../../../../arm-atollic-eabi/lib/armv7-m\libnosys.a
END GROUP
START GROUP
LOAD c:/program files/atollic/truestudio for arm 7.1.0/armtools/bin/../lib/gcc/arm-atollic-eabi/5.3.1/armv7-m\libgcc.a
LOAD c:/program files/atollic/truestudio for arm 7.1.0/armtools/bin/../lib/gcc/arm-atollic-eabi/5.3.1/../../../../arm-atollic-eabi/lib/armv7-m\libc_nano.a
LOAD c:/program files/atollic/truestudio for arm 7.1.0/armtools/bin/../lib/gcc/arm-atollic-eabi/5.3.1/../../../../arm-atollic-eabi/lib/armv7-m\libnosys.a
END GROUP
LOAD c:/program files/atollic/truestudio for arm 7.1.0/armtools/bin/../lib/gcc/arm-atollic-eabi/5.3.1/armv7-m/crtend.o
LOAD c:/program files/atollic/truestudio for arm 7.1.0/armtools/bin/../lib/gcc/arm-atollic-eabi/5.3.1/armv7-m/crtn.o
                0x20010000                _estack = 0x20010000
                0x00000200                _Min_Heap_Size = 0x200
                0x00000400                _Min_Stack_Size = 0x400

.isr_vector     0x08004000      0x1e4
                0x08004000                . = ALIGN (0x4)
 *(.isr_vector)
 .isr_vector    0x08004000      0x1e4 Drivers\CMSIS\Device\ST\STM32F1xx\Source\Templates\gcc\startup_stm32f103xe.o
                0x08004000                g_pfnVectors
                0x080041e4                . = ALIGN (0x4)

.text           0x080041e4     0x484c
                0x080041e4                . = ALIGN (0x4)
 *(.text)
 .text          0x080041e4       0x40 c:/program files/atollic/truestudio for arm 7.1.0/armtools/bin/../lib/gcc/arm-atollic-eabi/5.3.1/armv7-m/crtbegin.o
 .text          0x08004224       0x14 c:/program files/atollic/truestudio for arm 7.1.0/armtools/bin/../lib/gcc/arm-atollic-eabi/5.3.1/../../../../arm-atollic-eabi/lib/armv7-m\libc_nano.a(lib_a-strcmp.o)
                0x08004224                strcmp
 .text          0x08004238       0x10 c:/program files/atollic/truestudio for arm 7.1.0/armtools/bin/../lib/gcc/arm-atollic-eabi/5.3.1/../../../../arm-atollic-eabi/lib/armv7-m\libc_nano.a(lib_a-strlen.o)
                0x08004238                strlen
 *(.text*)
 .text.Reset_Handler
                0x08004248       0x48 Drivers\CMSIS\Device\ST\STM32F1xx\Source\Templates\gcc\startup_stm32f103xe.o
                0x08004248                Reset_Handler
 .text.Default_Handler
                0x08004290        0x2 Drivers\CMSIS\Device\ST\STM32F1xx\Source\Templates\gcc\startup_stm32f103xe.o
                0x08004290                RTC_Alarm_IRQHandler
                0x08004290                EXTI2_IRQHandler
                0x08004290                TIM8_TRG_COM_IRQHandler
                0x08004290                TIM8_CC_IRQHandler
                0x08004290                TIM1_CC_IRQHandler
                0x08004290                TIM6_IRQHandler
                0x08004290                PVD_IRQHandler
                0x08004290                SDIO_IRQHandler
                0x08004290                EXTI3_IRQHandler
                0x08004290                EXTI0_IRQHandler
                0x08004290                I2C2_EV_IRQHandler
                0x08004290                ADC1_2_IRQHandler
                0x08004290                SPI1_IRQHandler
                0x08004290                TAMPER_IRQHandler
                0x08004290                TIM8_UP_IRQHandler
                0x08004290                DMA2_Channel2_IRQHandler
                0x08004290                DMA1_Channel4_IRQHandler
                0x08004290                USART3_IRQHandler
                0x08004290                RTC_IRQHandler
                0x08004290                DMA1_Channel7_IRQHandler
                0x08004290                CAN1_RX1_IRQHandler
                0x08004290                UART5_IRQHandler
                0x08004290                ADC3_IRQHandler
                0x08004290                TIM4_IRQHandler
                0x08004290                DMA2_Channel1_IRQHandler
                0x08004290                I2C1_EV_IRQHandler
                0x08004290                DMA1_Channel6_IRQHandler
                0x08004290                UART4_IRQHandler
                0x08004290                TIM3_IRQHandler
                0x08004290                RCC_IRQHandler
                0x08004290                TIM1_TRG_COM_IRQHandler
                0x08004290                DMA1_Channel1_IRQHandler
                0x08004290                Default_Handler
                0x08004290                EXTI15_10_IRQHandler
                0x08004290                TIM7_IRQHandler
                0x08004290                TIM5_IRQHandler
                0x08004290                EXTI9_5_IRQHandler
                0x08004290                SPI2_IRQHandler
                0x08004290                DMA1_Channel5_IRQHandler
                0x08004290                EXTI4_IRQHandler
                0x08004290                USB_HP_CAN1_TX_IRQHandler
                0x08004290                DMA1_Channel3_IRQHandler
                0x08004290                FSMC_IRQHandler
                0x08004290                TIM1_UP_IRQHandler
                0x08004290                WWDG_IRQHandler
                0x08004290                TIM2_IRQHandler
                0x08004290                TIM1_BRK_IRQHandler
                0x08004290                EXTI1_IRQHandler
                0x08004290                DMA2_Channel4_5_IRQHandler
                0x08004290                USART2_IRQHandler
                0x08004290                I2C2_ER_IRQHandler
                0x08004290                DMA1_Channel2_IRQHandler
                0x08004290                TIM8_BRK_IRQHandler
                0x08004290                CAN1_SCE_IRQHandler
                0x08004290                FLASH_IRQHandler
                0x08004290                USART1_IRQHandler
                0x08004290                SPI3_IRQHandler
                0x08004290                I2C1_ER_IRQHandler
                0x08004290                USBWakeUp_IRQHandler
                0x08004290                DMA2_Channel3_IRQHandler
 .text.HAL_InitTick
                0x08004292       0x24 Drivers\STM32F1xx_HAL_Driver\Src\stm32f1xx_hal.o
                0x08004292                HAL_InitTick
 *fill*         0x080042b6        0x2 
 .text.HAL_Init
                0x080042b8       0x20 Drivers\STM32F1xx_HAL_Driver\Src\stm32f1xx_hal.o
                0x080042b8                HAL_Init
 .text.HAL_IncTick
                0x080042d8       0x10 Drivers\STM32F1xx_HAL_Driver\Src\stm32f1xx_hal.o
                0x080042d8                HAL_IncTick
 .text.HAL_GetTick
                0x080042e8        0xc Drivers\STM32F1xx_HAL_Driver\Src\stm32f1xx_hal.o
                0x080042e8                HAL_GetTick
 .text.HAL_Delay
                0x080042f4       0x1a Drivers\STM32F1xx_HAL_Driver\Src\stm32f1xx_hal.o
                0x080042f4                HAL_Delay
 *fill*         0x0800430e        0x2 
 .text.HAL_NVIC_SetPriorityGrouping
                0x08004310       0x24 Drivers\STM32F1xx_HAL_Driver\Src\stm32f1xx_hal_cortex.o
                0x08004310                HAL_NVIC_SetPriorityGrouping
 .text.HAL_NVIC_SetPriority
                0x08004334       0x68 Drivers\STM32F1xx_HAL_Driver\Src\stm32f1xx_hal_cortex.o
                0x08004334                HAL_NVIC_SetPriority
 .text.HAL_NVIC_EnableIRQ
                0x0800439c       0x18 Drivers\STM32F1xx_HAL_Driver\Src\stm32f1xx_hal_cortex.o
                0x0800439c                HAL_NVIC_EnableIRQ
 .text.HAL_SYSTICK_Config
                0x080043b4       0x2c Drivers\STM32F1xx_HAL_Driver\Src\stm32f1xx_hal_cortex.o
                0x080043b4                HAL_SYSTICK_Config
 .text.HAL_SYSTICK_CLKSourceConfig
                0x080043e0       0x18 Drivers\STM32F1xx_HAL_Driver\Src\stm32f1xx_hal_cortex.o
                0x080043e0                HAL_SYSTICK_CLKSourceConfig
 .text.HAL_GPIO_Init
                0x080043f8      0x1cc Drivers\STM32F1xx_HAL_Driver\Src\stm32f1xx_hal_gpio.o
                0x080043f8                HAL_GPIO_Init
 .text.HAL_GPIO_WritePin
                0x080045c4        0x8 Drivers\STM32F1xx_HAL_Driver\Src\stm32f1xx_hal_gpio.o
                0x080045c4                HAL_GPIO_WritePin
 .text.HAL_GPIO_TogglePin
                0x080045cc        0x8 Drivers\STM32F1xx_HAL_Driver\Src\stm32f1xx_hal_gpio.o
                0x080045cc                HAL_GPIO_TogglePin
 .text.HAL_PCD_Init
                0x080045d4       0xd4 Drivers\STM32F1xx_HAL_Driver\Src\stm32f1xx_hal_pcd.o
                0x080045d4                HAL_PCD_Init
 .text.HAL_PCD_Start
                0x080046a8       0x2e Drivers\STM32F1xx_HAL_Driver\Src\stm32f1xx_hal_pcd.o
                0x080046a8                HAL_PCD_Start
 .text.HAL_PCD_SetAddress
                0x080046d6       0x28 Drivers\STM32F1xx_HAL_Driver\Src\stm32f1xx_hal_pcd.o
                0x080046d6                HAL_PCD_SetAddress
 .text.HAL_PCD_EP_Open
                0x080046fe       0x46 Drivers\STM32F1xx_HAL_Driver\Src\stm32f1xx_hal_pcd.o
                0x080046fe                HAL_PCD_EP_Open
 .text.HAL_PCD_EP_Close
                0x08004744       0x42 Drivers\STM32F1xx_HAL_Driver\Src\stm32f1xx_hal_pcd.o
                0x08004744                HAL_PCD_EP_Close
 .text.HAL_PCD_EP_Receive
                0x08004786       0x48 Drivers\STM32F1xx_HAL_Driver\Src\stm32f1xx_hal_pcd.o
                0x08004786                HAL_PCD_EP_Receive
 .text.HAL_PCD_EP_GetRxCount
                0x080047ce        0xe Drivers\STM32F1xx_HAL_Driver\Src\stm32f1xx_hal_pcd.o
                0x080047ce                HAL_PCD_EP_GetRxCount
 .text.HAL_PCD_EP_Transmit
                0x080047dc       0x40 Drivers\STM32F1xx_HAL_Driver\Src\stm32f1xx_hal_pcd.o
                0x080047dc                HAL_PCD_EP_Transmit
 .text.HAL_PCD_IRQHandler
                0x0800481c      0x4d0 Drivers\STM32F1xx_HAL_Driver\Src\stm32f1xx_hal_pcd.o
                0x0800481c                HAL_PCD_IRQHandler
 .text.HAL_PCD_EP_SetStall
                0x08004cec       0x52 Drivers\STM32F1xx_HAL_Driver\Src\stm32f1xx_hal_pcd.o
                0x08004cec                HAL_PCD_EP_SetStall
 .text.HAL_PCD_EP_ClrStall
                0x08004d3e       0x46 Drivers\STM32F1xx_HAL_Driver\Src\stm32f1xx_hal_pcd.o
                0x08004d3e                HAL_PCD_EP_ClrStall
 .text.HAL_PCDEx_PMAConfig
                0x08004d84       0x30 Drivers\STM32F1xx_HAL_Driver\Src\stm32f1xx_hal_pcd_ex.o
                0x08004d84                HAL_PCDEx_PMAConfig
 .text.HAL_RCC_OscConfig
                0x08004db4      0x4c0 Drivers\STM32F1xx_HAL_Driver\Src\stm32f1xx_hal_rcc.o
                0x08004db4                HAL_RCC_OscConfig
 .text.HAL_RCC_GetSysClockFreq
                0x08005274       0x90 Drivers\STM32F1xx_HAL_Driver\Src\stm32f1xx_hal_rcc.o
                0x08005274                HAL_RCC_GetSysClockFreq
 .text.HAL_RCC_ClockConfig
                0x08005304      0x164 Drivers\STM32F1xx_HAL_Driver\Src\stm32f1xx_hal_rcc.o
                0x08005304                HAL_RCC_ClockConfig
 .text.HAL_RCC_GetHCLKFreq
                0x08005468        0xc Drivers\STM32F1xx_HAL_Driver\Src\stm32f1xx_hal_rcc.o
                0x08005468                HAL_RCC_GetHCLKFreq
 .text.HAL_RCCEx_PeriphCLKConfig
                0x08005474      0x114 Drivers\STM32F1xx_HAL_Driver\Src\stm32f1xx_hal_rcc_ex.o
                0x08005474                HAL_RCCEx_PeriphCLKConfig
 .text.USB_CoreInit
                0x08005588        0xe Drivers\STM32F1xx_HAL_Driver\Src\stm32f1xx_ll_usb.o
                0x08005588                USB_CoreInit
 .text.USB_EnableGlobalInt
                0x08005596       0x12 Drivers\STM32F1xx_HAL_Driver\Src\stm32f1xx_ll_usb.o
                0x08005596                USB_EnableGlobalInt
 .text.USB_DisableGlobalInt
                0x080055a8       0x14 Drivers\STM32F1xx_HAL_Driver\Src\stm32f1xx_ll_usb.o
                0x080055a8                USB_DisableGlobalInt
 .text.USB_SetCurrentMode
                0x080055bc        0x4 Drivers\STM32F1xx_HAL_Driver\Src\stm32f1xx_ll_usb.o
                0x080055bc                USB_SetCurrentMode
 .text.USB_DevInit
                0x080055c0       0x28 Drivers\STM32F1xx_HAL_Driver\Src\stm32f1xx_ll_usb.o
                0x080055c0                USB_DevInit
 .text.USB_ActivateEndpoint
                0x080055e8      0x2e4 Drivers\STM32F1xx_HAL_Driver\Src\stm32f1xx_ll_usb.o
                0x080055e8                USB_ActivateEndpoint
 .text.USB_DeactivateEndpoint
                0x080058cc      0x170 Drivers\STM32F1xx_HAL_Driver\Src\stm32f1xx_ll_usb.o
                0x080058cc                USB_DeactivateEndpoint
 .text.USB_EPSetStall
                0x08005a3c       0x62 Drivers\STM32F1xx_HAL_Driver\Src\stm32f1xx_ll_usb.o
                0x08005a3c                USB_EPSetStall
 .text.USB_EPClearStall
                0x08005a9e       0x84 Drivers\STM32F1xx_HAL_Driver\Src\stm32f1xx_ll_usb.o
                0x08005a9e                USB_EPClearStall
 .text.USB_SetDevAddress
                0x08005b22        0xc Drivers\STM32F1xx_HAL_Driver\Src\stm32f1xx_ll_usb.o
                0x08005b22                USB_SetDevAddress
 .text.USB_DevConnect
                0x08005b2e        0x4 Drivers\STM32F1xx_HAL_Driver\Src\stm32f1xx_ll_usb.o
                0x08005b2e                USB_DevConnect
 .text.USB_DevDisconnect
                0x08005b32        0x4 Drivers\STM32F1xx_HAL_Driver\Src\stm32f1xx_ll_usb.o
                0x08005b32                USB_DevDisconnect
 .text.USB_ReadInterrupts
                0x08005b36        0x8 Drivers\STM32F1xx_HAL_Driver\Src\stm32f1xx_ll_usb.o
                0x08005b36                USB_ReadInterrupts
 .text.USB_EP0_OutStart
                0x08005b3e        0x4 Drivers\STM32F1xx_HAL_Driver\Src\stm32f1xx_ll_usb.o
                0x08005b3e                USB_EP0_OutStart
 .text.USB_WritePMA
                0x08005b42       0x22 Drivers\STM32F1xx_HAL_Driver\Src\stm32f1xx_ll_usb.o
                0x08005b42                USB_WritePMA
 .text.USB_EPStartXfer
                0x08005b64      0x1a0 Drivers\STM32F1xx_HAL_Driver\Src\stm32f1xx_ll_usb.o
                0x08005b64                USB_EPStartXfer
 .text.USB_ReadPMA
                0x08005d04       0x22 Drivers\STM32F1xx_HAL_Driver\Src\stm32f1xx_ll_usb.o
                0x08005d04                USB_ReadPMA
 .text.USBD_CDC_DataIn
                0x08005d26       0x12 Middlewares\ST\STM32_USB_Device_Library\Class\CDC\Src\usbd_cdc.o
 .text.USBD_CDC_EP0_RxReady
                0x08005d38       0x28 Middlewares\ST\STM32_USB_Device_Library\Class\CDC\Src\usbd_cdc.o
 .text.USBD_CDC_GetFSCfgDesc
                0x08005d60        0xc Middlewares\ST\STM32_USB_Device_Library\Class\CDC\Src\usbd_cdc.o
 .text.USBD_CDC_GetHSCfgDesc
                0x08005d6c        0xc Middlewares\ST\STM32_USB_Device_Library\Class\CDC\Src\usbd_cdc.o
 .text.USBD_CDC_GetOtherSpeedCfgDesc
                0x08005d78        0xc Middlewares\ST\STM32_USB_Device_Library\Class\CDC\Src\usbd_cdc.o
 .text.USBD_CDC_GetDeviceQualifierDescriptor
                0x08005d84        0xc Middlewares\ST\STM32_USB_Device_Library\Class\CDC\Src\usbd_cdc.o
                0x08005d84                USBD_CDC_GetDeviceQualifierDescriptor
 .text.USBD_CDC_DataOut
                0x08005d90       0x2e Middlewares\ST\STM32_USB_Device_Library\Class\CDC\Src\usbd_cdc.o
 *fill*         0x08005dbe        0x2 
 .text.USBD_CDC_Setup
                0x08005dc0       0x6c Middlewares\ST\STM32_USB_Device_Library\Class\CDC\Src\usbd_cdc.o
 .text.USBD_CDC_DeInit
                0x08005e2c       0x3a Middlewares\ST\STM32_USB_Device_Library\Class\CDC\Src\usbd_cdc.o
 .text.USBD_CDC_Init
                0x08005e66       0x8c Middlewares\ST\STM32_USB_Device_Library\Class\CDC\Src\usbd_cdc.o
 .text.USBD_CDC_RegisterInterface
                0x08005ef2        0xe Middlewares\ST\STM32_USB_Device_Library\Class\CDC\Src\usbd_cdc.o
                0x08005ef2                USBD_CDC_RegisterInterface
 .text.USBD_CDC_SetTxBuffer
                0x08005f00       0x10 Middlewares\ST\STM32_USB_Device_Library\Class\CDC\Src\usbd_cdc.o
                0x08005f00                USBD_CDC_SetTxBuffer
 .text.USBD_CDC_SetRxBuffer
                0x08005f10        0xc Middlewares\ST\STM32_USB_Device_Library\Class\CDC\Src\usbd_cdc.o
                0x08005f10                USBD_CDC_SetRxBuffer
 .text.USBD_CDC_TransmitPacket
                0x08005f1c       0x2e Middlewares\ST\STM32_USB_Device_Library\Class\CDC\Src\usbd_cdc.o
                0x08005f1c                USBD_CDC_TransmitPacket
 .text.USBD_CDC_ReceivePacket
                0x08005f4a       0x26 Middlewares\ST\STM32_USB_Device_Library\Class\CDC\Src\usbd_cdc.o
                0x08005f4a                USBD_CDC_ReceivePacket
 .text.USBD_Init
                0x08005f70       0x2a Middlewares\ST\STM32_USB_Device_Library\Core\Src\usbd_core.o
                0x08005f70                USBD_Init
 .text.USBD_RegisterClass
                0x08005f9a        0xe Middlewares\ST\STM32_USB_Device_Library\Core\Src\usbd_core.o
                0x08005f9a                USBD_RegisterClass
 .text.USBD_Start
                0x08005fa8        0xa Middlewares\ST\STM32_USB_Device_Library\Core\Src\usbd_core.o
                0x08005fa8                USBD_Start
 .text.USBD_SetClassConfig
                0x08005fb2       0x16 Middlewares\ST\STM32_USB_Device_Library\Core\Src\usbd_core.o
                0x08005fb2                USBD_SetClassConfig
 .text.USBD_ClrClassConfig
                0x08005fc8        0xe Middlewares\ST\STM32_USB_Device_Library\Core\Src\usbd_core.o
                0x08005fc8                USBD_ClrClassConfig
 .text.USBD_LL_SetupStage
                0x08005fd6       0x5a Middlewares\ST\STM32_USB_Device_Library\Core\Src\usbd_core.o
                0x08005fd6                USBD_LL_SetupStage
 .text.USBD_LL_DataOutStage
                0x08006030       0x62 Middlewares\ST\STM32_USB_Device_Library\Core\Src\usbd_core.o
                0x08006030                USBD_LL_DataOutStage
 .text.USBD_LL_DataInStage
                0x08006092       0x9c Middlewares\ST\STM32_USB_Device_Library\Core\Src\usbd_core.o
                0x08006092                USBD_LL_DataInStage
 .text.USBD_LL_Reset
                0x0800612e       0x3e Middlewares\ST\STM32_USB_Device_Library\Core\Src\usbd_core.o
                0x0800612e                USBD_LL_Reset
 .text.USBD_LL_SetSpeed
                0x0800616c        0x6 Middlewares\ST\STM32_USB_Device_Library\Core\Src\usbd_core.o
                0x0800616c                USBD_LL_SetSpeed
 .text.USBD_LL_Suspend
                0x08006172       0x12 Middlewares\ST\STM32_USB_Device_Library\Core\Src\usbd_core.o
                0x08006172                USBD_LL_Suspend
 .text.USBD_LL_Resume
                0x08006184        0xc Middlewares\ST\STM32_USB_Device_Library\Core\Src\usbd_core.o
                0x08006184                USBD_LL_Resume
 .text.USBD_LL_SOF
                0x08006190       0x18 Middlewares\ST\STM32_USB_Device_Library\Core\Src\usbd_core.o
                0x08006190                USBD_LL_SOF
 .text.USBD_ParseSetupRequest
                0x080061a8       0x28 Middlewares\ST\STM32_USB_Device_Library\Core\Src\usbd_ctlreq.o
                0x080061a8                USBD_ParseSetupRequest
 .text.USBD_CtlError
                0x080061d0       0x16 Middlewares\ST\STM32_USB_Device_Library\Core\Src\usbd_ctlreq.o
                0x080061d0                USBD_CtlError
 *fill*         0x080061e6        0x2 
 .text.USBD_StdDevReq
                0x080061e8      0x214 Middlewares\ST\STM32_USB_Device_Library\Core\Src\usbd_ctlreq.o
                0x080061e8                USBD_StdDevReq
 .text.USBD_StdItfReq
                0x080063fc       0x30 Middlewares\ST\STM32_USB_Device_Library\Core\Src\usbd_ctlreq.o
                0x080063fc                USBD_StdItfReq
 .text.USBD_StdEPReq
                0x0800642c       0xc6 Middlewares\ST\STM32_USB_Device_Library\Core\Src\usbd_ctlreq.o
                0x0800642c                USBD_StdEPReq
 .text.USBD_GetString
                0x080064f2       0x38 Middlewares\ST\STM32_USB_Device_Library\Core\Src\usbd_ctlreq.o
                0x080064f2                USBD_GetString
 .text.USBD_CtlSendData
                0x0800652a       0x1a Middlewares\ST\STM32_USB_Device_Library\Core\Src\usbd_ioreq.o
                0x0800652a                USBD_CtlSendData
 .text.USBD_CtlContinueSendData
                0x08006544       0x10 Middlewares\ST\STM32_USB_Device_Library\Core\Src\usbd_ioreq.o
                0x08006544                USBD_CtlContinueSendData
 .text.USBD_CtlPrepareRx
                0x08006554       0x1e Middlewares\ST\STM32_USB_Device_Library\Core\Src\usbd_ioreq.o
                0x08006554                USBD_CtlPrepareRx
 .text.USBD_CtlContinueRx
                0x08006572       0x10 Middlewares\ST\STM32_USB_Device_Library\Core\Src\usbd_ioreq.o
                0x08006572                USBD_CtlContinueRx
 .text.USBD_CtlSendStatus
                0x08006582       0x16 Middlewares\ST\STM32_USB_Device_Library\Core\Src\usbd_ioreq.o
                0x08006582                USBD_CtlSendStatus
 .text.USBD_CtlReceiveStatus
                0x08006598       0x16 Middlewares\ST\STM32_USB_Device_Library\Core\Src\usbd_ioreq.o
                0x08006598                USBD_CtlReceiveStatus
 .text.osSystickHandler
                0x080065ae       0x14 Middlewares\Third_Party\FreeRTOS\Source\CMSIS_RTOS\cmsis_os.o
                0x080065ae                osSystickHandler
 .text.vListInitialise
                0x080065c2       0x16 Middlewares\Third_Party\FreeRTOS\Source\list.o
                0x080065c2                vListInitialise
 .text.vListInitialiseItem
                0x080065d8        0x6 Middlewares\Third_Party\FreeRTOS\Source\list.o
                0x080065d8                vListInitialiseItem
 .text.vListInsertEnd
                0x080065de       0x18 Middlewares\Third_Party\FreeRTOS\Source\list.o
                0x080065de                vListInsertEnd
 .text.vListInsert
                0x080065f6       0x30 Middlewares\Third_Party\FreeRTOS\Source\list.o
                0x080065f6                vListInsert
 .text.uxListRemove
                0x08006626       0x20 Middlewares\Third_Party\FreeRTOS\Source\list.o
                0x08006626                uxListRemove
 *fill*         0x08006646        0x2 
 .text.prvPortStartFirstTask
                0x08006648       0x20 Middlewares\Third_Party\FreeRTOS\Source\portable\GCC\ARM_CM3\port.o
 .text.pxPortInitialiseStack
                0x08006668       0x1c Middlewares\Third_Party\FreeRTOS\Source\portable\GCC\ARM_CM3\port.o
                0x08006668                pxPortInitialiseStack
 .text.SVC_Handler
                0x08006684       0x24 Middlewares\Third_Party\FreeRTOS\Source\portable\GCC\ARM_CM3\port.o
                0x08006684                SVC_Handler
 .text.vPortYield
                0x080066a8       0x18 Middlewares\Third_Party\FreeRTOS\Source\portable\GCC\ARM_CM3\port.o
                0x080066a8                vPortYield
 .text.ulPortSetInterruptMask
                0x080066c0       0x10 Middlewares\Third_Party\FreeRTOS\Source\portable\GCC\ARM_CM3\port.o
                0x080066c0                ulPortSetInterruptMask
 .text.prvTaskExitError
                0x080066d0       0x1c Middlewares\Third_Party\FreeRTOS\Source\portable\GCC\ARM_CM3\port.o
 .text.vPortEnterCritical
                0x080066ec       0x34 Middlewares\Third_Party\FreeRTOS\Source\portable\GCC\ARM_CM3\port.o
                0x080066ec                vPortEnterCritical
 .text.vPortClearInterruptMask
                0x08006720        0x6 Middlewares\Third_Party\FreeRTOS\Source\portable\GCC\ARM_CM3\port.o
                0x08006720                vPortClearInterruptMask
 *fill*         0x08006726        0x2 
 .text.vPortExitCritical
                0x08006728       0x24 Middlewares\Third_Party\FreeRTOS\Source\portable\GCC\ARM_CM3\port.o
                0x08006728                vPortExitCritical
 .text.PendSV_Handler
                0x0800674c       0x44 Middlewares\Third_Party\FreeRTOS\Source\portable\GCC\ARM_CM3\port.o
                0x0800674c                PendSV_Handler
 .text.xPortSysTickHandler
                0x08006790       0x24 Middlewares\Third_Party\FreeRTOS\Source\portable\GCC\ARM_CM3\port.o
                0x08006790                xPortSysTickHandler
 .text.vPortSuppressTicksAndSleep
                0x080067b4      0x118 Middlewares\Third_Party\FreeRTOS\Source\portable\GCC\ARM_CM3\port.o
                0x080067b4                vPortSuppressTicksAndSleep
 .text.vPortSetupTimerInterrupt
                0x080068cc       0x50 Middlewares\Third_Party\FreeRTOS\Source\portable\GCC\ARM_CM3\port.o
                0x080068cc                vPortSetupTimerInterrupt
 .text.xPortStartScheduler
                0x0800691c       0x94 Middlewares\Third_Party\FreeRTOS\Source\portable\GCC\ARM_CM3\port.o
                0x0800691c                xPortStartScheduler
 .text.vPortValidateInterruptPriority
                0x080069b0       0x44 Middlewares\Third_Party\FreeRTOS\Source\portable\GCC\ARM_CM3\port.o
                0x080069b0                vPortValidateInterruptPriority
 .text.prvInsertBlockIntoFreeList
                0x080069f4       0x48 Middlewares\Third_Party\FreeRTOS\Source\portable\MemMang\heap_4.o
 .text.pvPortMalloc
                0x08006a3c      0x114 Middlewares\Third_Party\FreeRTOS\Source\portable\MemMang\heap_4.o
                0x08006a3c                pvPortMalloc
 .text.vPortFree
                0x08006b50       0x58 Middlewares\Third_Party\FreeRTOS\Source\portable\MemMang\heap_4.o
                0x08006b50                vPortFree
 .text.prvCopyDataToQueue
                0x08006ba8       0x6a Middlewares\Third_Party\FreeRTOS\Source\queue.o
 .text.prvCopyDataFromQueue
                0x08006c12       0x28 Middlewares\Third_Party\FreeRTOS\Source\queue.o
 .text.prvUnlockQueue
                0x08006c3a       0x68 Middlewares\Third_Party\FreeRTOS\Source\queue.o
 .text.xQueueGenericReset
                0x08006ca2       0x62 Middlewares\Third_Party\FreeRTOS\Source\queue.o
                0x08006ca2                xQueueGenericReset
 .text.xQueueGenericCreate
                0x08006d04       0x4c Middlewares\Third_Party\FreeRTOS\Source\queue.o
                0x08006d04                xQueueGenericCreate
 .text.xQueueGenericSendFromISR
                0x08006d50       0x8a Middlewares\Third_Party\FreeRTOS\Source\queue.o
                0x08006d50                xQueueGenericSendFromISR
 .text.xQueueGenericReceive
                0x08006dda      0x12c Middlewares\Third_Party\FreeRTOS\Source\queue.o
                0x08006dda                xQueueGenericReceive
 *fill*         0x08006f06        0x2 
 .text.prvGetExpectedIdleTime
                0x08006f08       0x30 Middlewares\Third_Party\FreeRTOS\Source\tasks.o
 .text.prvResetNextTaskUnblockTime
                0x08006f38       0x24 Middlewares\Third_Party\FreeRTOS\Source\tasks.o
 .text.prvAddCurrentTaskToDelayedList
                0x08006f5c       0x50 Middlewares\Third_Party\FreeRTOS\Source\tasks.o
 .text.xTaskGenericCreate
                0x08006fac      0x1c8 Middlewares\Third_Party\FreeRTOS\Source\tasks.o
                0x08006fac                xTaskGenericCreate
 .text.vTaskStartScheduler
                0x08007174       0x64 Middlewares\Third_Party\FreeRTOS\Source\tasks.o
                0x08007174                vTaskStartScheduler
 .text.vTaskSuspendAll
                0x080071d8       0x10 Middlewares\Third_Party\FreeRTOS\Source\tasks.o
                0x080071d8                vTaskSuspendAll
 .text.vTaskStepTick
                0x080071e8       0x28 Middlewares\Third_Party\FreeRTOS\Source\tasks.o
                0x080071e8                vTaskStepTick
 .text.xTaskIncrementTick
                0x08007210      0x134 Middlewares\Third_Party\FreeRTOS\Source\tasks.o
                0x08007210                xTaskIncrementTick
 .text.xTaskResumeAll
                0x08007344       0xd0 Middlewares\Third_Party\FreeRTOS\Source\tasks.o
                0x08007344                xTaskResumeAll
 .text.vTaskDelay
                0x08007414       0x60 Middlewares\Third_Party\FreeRTOS\Source\tasks.o
                0x08007414                vTaskDelay
 .text.prvIdleTask
                0x08007474       0xa4 Middlewares\Third_Party\FreeRTOS\Source\tasks.o
 .text.vTaskSwitchContext
                0x08007518       0x88 Middlewares\Third_Party\FreeRTOS\Source\tasks.o
                0x08007518                vTaskSwitchContext
 .text.vTaskPlaceOnEventList
                0x080075a0       0x64 Middlewares\Third_Party\FreeRTOS\Source\tasks.o
                0x080075a0                vTaskPlaceOnEventList
 .text.xTaskRemoveFromEventList
                0x08007604       0x7c Middlewares\Third_Party\FreeRTOS\Source\tasks.o
                0x08007604                xTaskRemoveFromEventList
 .text.vTaskSetTimeOutState
                0x08007680       0x20 Middlewares\Third_Party\FreeRTOS\Source\tasks.o
                0x08007680                vTaskSetTimeOutState
 .text.xTaskCheckForTimeOut
                0x080076a0       0x5c Middlewares\Third_Party\FreeRTOS\Source\tasks.o
                0x080076a0                xTaskCheckForTimeOut
 .text.vTaskMissedYield
                0x080076fc        0xc Middlewares\Third_Party\FreeRTOS\Source\tasks.o
                0x080076fc                vTaskMissedYield
 .text.eTaskConfirmSleepModeStatus
                0x08007708       0x34 Middlewares\Third_Party\FreeRTOS\Source\tasks.o
                0x08007708                eTaskConfirmSleepModeStatus
 .text.xTaskGetSchedulerState
                0x0800773c       0x20 Middlewares\Third_Party\FreeRTOS\Source\tasks.o
                0x0800773c                xTaskGetSchedulerState
 .text.vTaskPriorityInherit
                0x0800775c       0x94 Middlewares\Third_Party\FreeRTOS\Source\tasks.o
                0x0800775c                vTaskPriorityInherit
 .text.xTaskPriorityDisinherit
                0x080077f0       0x88 Middlewares\Third_Party\FreeRTOS\Source\tasks.o
                0x080077f0                xTaskPriorityDisinherit
 .text.pvTaskIncrementMutexHeldCount
                0x08007878       0x18 Middlewares\Third_Party\FreeRTOS\Source\tasks.o
                0x08007878                pvTaskIncrementMutexHeldCount
 .text.configureTimerForRunTimeStats
                0x08007890        0x2 Src\freertos.o
                0x08007890                configureTimerForRunTimeStats
 .text.getRunTimeCounterValue
                0x08007892        0x4 Src\freertos.o
                0x08007892                getRunTimeCounterValue
 .text.vApplicationIdleHook
                0x08007896        0x2 Src\freertos.o
                0x08007896                vApplicationIdleHook
 .text.vApplicationTickHook
                0x08007898        0x2 Src\freertos.o
                0x08007898                vApplicationTickHook
 .text.vApplicationMallocFailedHook
                0x0800789a        0x2 Src\freertos.o
                0x0800789a                vApplicationMallocFailedHook
 .text.PreSleepProcessing
                0x0800789c        0x2 Src\freertos.o
                0x0800789c                PreSleepProcessing
 .text.PostSleepProcessing
                0x0800789e        0x2 Src\freertos.o
                0x0800789e                PostSleepProcessing
 .text.microrl_run
                0x080078a0        0xc Src\main.o
                0x080078a0                microrl_run
 .text.vLedTask
                0x080078ac       0x1c Src\main.o
                0x080078ac                vLedTask
 .text.SystemClock_Config
                0x080078c8       0x7e Src\main.o
                0x080078c8                SystemClock_Config
 *fill*         0x08007946        0x2 
 .text.startup.main
                0x08007948       0xd0 Src\main.o
                0x08007948                main
 .text.Error_Handler
                0x08007a18        0x2 Src\main.o
                0x08007a18                Error_Handler
 .text.NMI_Handler
                0x08007a1a        0x2 Src\stm32f1xx_it.o
                0x08007a1a                NMI_Handler
 .text.HardFault_Handler
                0x08007a1c        0x2 Src\stm32f1xx_it.o
                0x08007a1c                HardFault_Handler
 .text.MemManage_Handler
                0x08007a1e        0x2 Src\stm32f1xx_it.o
                0x08007a1e                MemManage_Handler
 .text.BusFault_Handler
                0x08007a20        0x2 Src\stm32f1xx_it.o
                0x08007a20                BusFault_Handler
 .text.UsageFault_Handler
                0x08007a22        0x2 Src\stm32f1xx_it.o
                0x08007a22                UsageFault_Handler
 .text.DebugMon_Handler
                0x08007a24        0x2 Src\stm32f1xx_it.o
                0x08007a24                DebugMon_Handler
 .text.SysTick_Handler
                0x08007a26        0xe Src\stm32f1xx_it.o
                0x08007a26                SysTick_Handler
 .text.USB_LP_CAN1_RX0_IRQHandler
                0x08007a34        0xc Src\stm32f1xx_it.o
                0x08007a34                USB_LP_CAN1_RX0_IRQHandler
 .text.SystemInit
                0x08007a40       0x4c Src\system_stm32f1xx.o
                0x08007a40                SystemInit
 .text.MX_USB_DEVICE_Init
                0x08007a8c       0x38 Src\usb_device.o
                0x08007a8c                MX_USB_DEVICE_Init
 .text.CDC_DeInit_FS
                0x08007ac4        0x4 Src\usbd_cdc_if.o
 .text.CDC_Control_FS
                0x08007ac8        0x4 Src\usbd_cdc_if.o
 .text.CDC_Receive_FS
                0x08007acc       0x4c Src\usbd_cdc_if.o
 .text.CDC_Init_FS
                0x08007b18       0x28 Src\usbd_cdc_if.o
 .text.CDC_Transmit_FS
                0x08007b40       0x2c Src\usbd_cdc_if.o
                0x08007b40                CDC_Transmit_FS
 .text.HAL_PCD_MspInit
                0x08007b6c       0x3c Src\usbd_conf.o
                0x08007b6c                HAL_PCD_MspInit
 .text.HAL_PCD_SetupStageCallback
                0x08007ba8        0xc Src\usbd_conf.o
                0x08007ba8                HAL_PCD_SetupStageCallback
 .text.HAL_PCD_DataOutStageCallback
                0x08007bb4       0x10 Src\usbd_conf.o
                0x08007bb4                HAL_PCD_DataOutStageCallback
 .text.HAL_PCD_DataInStageCallback
                0x08007bc4        0xe Src\usbd_conf.o
                0x08007bc4                HAL_PCD_DataInStageCallback
 .text.HAL_PCD_SOFCallback
                0x08007bd2        0x8 Src\usbd_conf.o
                0x08007bd2                HAL_PCD_SOFCallback
 .text.HAL_PCD_ResetCallback
                0x08007bda       0x1a Src\usbd_conf.o
                0x08007bda                HAL_PCD_ResetCallback
 .text.HAL_PCD_SuspendCallback
                0x08007bf4       0x20 Src\usbd_conf.o
                0x08007bf4                HAL_PCD_SuspendCallback
 .text.HAL_PCD_ResumeCallback
                0x08007c14        0x8 Src\usbd_conf.o
                0x08007c14                HAL_PCD_ResumeCallback
 .text.USBD_LL_Init
                0x08007c1c       0x84 Src\usbd_conf.o
                0x08007c1c                USBD_LL_Init
 .text.USBD_LL_Start
                0x08007ca0       0x1c Src\usbd_conf.o
                0x08007ca0                USBD_LL_Start
 .text.USBD_LL_OpenEP
                0x08007cbc       0x20 Src\usbd_conf.o
                0x08007cbc                USBD_LL_OpenEP
 .text.USBD_LL_CloseEP
                0x08007cdc       0x1c Src\usbd_conf.o
                0x08007cdc                USBD_LL_CloseEP
 .text.USBD_LL_StallEP
                0x08007cf8       0x1c Src\usbd_conf.o
                0x08007cf8                USBD_LL_StallEP
 .text.USBD_LL_ClearStallEP
                0x08007d14       0x1c Src\usbd_conf.o
                0x08007d14                USBD_LL_ClearStallEP
 .text.USBD_LL_IsStallEP
                0x08007d30       0x20 Src\usbd_conf.o
                0x08007d30                USBD_LL_IsStallEP
 .text.USBD_LL_SetUSBAddress
                0x08007d50       0x1c Src\usbd_conf.o
                0x08007d50                USBD_LL_SetUSBAddress
 .text.USBD_LL_Transmit
                0x08007d6c       0x1c Src\usbd_conf.o
                0x08007d6c                USBD_LL_Transmit
 .text.USBD_LL_PrepareReceive
                0x08007d88       0x1c Src\usbd_conf.o
                0x08007d88                USBD_LL_PrepareReceive
 .text.USBD_LL_GetRxDataSize
                0x08007da4        0xc Src\usbd_conf.o
                0x08007da4                USBD_LL_GetRxDataSize
 .text.USBD_static_malloc
                0x08007db0        0x8 Src\usbd_conf.o
                0x08007db0                USBD_static_malloc
 .text.USBD_static_free
                0x08007db8        0x2 Src\usbd_conf.o
                0x08007db8                USBD_static_free
 .text.HAL_PCDEx_SetConnectionState
                0x08007dba        0x2 Src\usbd_conf.o
                0x08007dba                HAL_PCDEx_SetConnectionState
 .text.USBD_FS_DeviceDescriptor
                0x08007dbc        0xc Src\usbd_desc.o
                0x08007dbc                USBD_FS_DeviceDescriptor
 .text.USBD_FS_LangIDStrDescriptor
                0x08007dc8        0xc Src\usbd_desc.o
                0x08007dc8                USBD_FS_LangIDStrDescriptor
 .text.USBD_FS_ManufacturerStrDescriptor
                0x08007dd4       0x1c Src\usbd_desc.o
                0x08007dd4                USBD_FS_ManufacturerStrDescriptor
 .text.USBD_FS_ProductStrDescriptor
                0x08007df0       0x1c Src\usbd_desc.o
                0x08007df0                USBD_FS_ProductStrDescriptor
 .text.USBD_FS_SerialStrDescriptor
                0x08007e0c       0x1c Src\usbd_desc.o
                0x08007e0c                USBD_FS_SerialStrDescriptor
 .text.USBD_FS_ConfigStrDescriptor
                0x08007e28       0x1c Src\usbd_desc.o
                0x08007e28                USBD_FS_ConfigStrDescriptor
 .text.USBD_FS_InterfaceStrDescriptor
                0x08007e44       0x1c Src\usbd_desc.o
                0x08007e44                USBD_FS_InterfaceStrDescriptor
 .text.split    0x08007e60       0x52 microrl_lib\microrl.o
 .text.u16bit_to_str
                0x08007eb2       0x4a microrl_lib\microrl.o
 .text.terminal_reset_cursor.isra.2
                0x08007efc       0x40 microrl_lib\microrl.o
 .text.terminal_move_cursor.isra.3
                0x08007f3c       0x54 microrl_lib\microrl.o
 .text.terminal_print_line
                0x08007f90       0x5c microrl_lib\microrl.o
 .text.hist_search
                0x08007fec      0x116 microrl_lib\microrl.o
 *fill*         0x08008102        0x2 
 .text.microrl_backspace
                0x08008104       0x50 microrl_lib\microrl.o
 .text.microrl_insert_text
                0x08008154       0x66 microrl_lib\microrl.o
 *fill*         0x080081ba        0x2 
 .text.microrl_init
                0x080081bc       0x58 microrl_lib\microrl.o
                0x080081bc                microrl_init
 .text.microrl_set_complete_callback
                0x08008214        0x6 microrl_lib\microrl.o
                0x08008214                microrl_set_complete_callback
 .text.microrl_set_execute_callback
                0x0800821a        0x6 microrl_lib\microrl.o
                0x0800821a                microrl_set_execute_callback
 .text.microrl_set_sigint_callback
                0x08008220        0x6 microrl_lib\microrl.o
                0x08008220                microrl_set_sigint_callback
 *fill*         0x08008226        0x2 
 .text.new_line_handler
                0x08008228       0xfc microrl_lib\microrl.o
                0x08008228                new_line_handler
 .text.microrl_insert_char
                0x08008324      0x2e8 microrl_lib\microrl.o
                0x08008324                microrl_insert_char
 .text.prv_sigint
                0x0800860c       0x24 microrl_lib\microrl_func.o
 .text.prv_complet
                0x08008630       0x60 microrl_lib\microrl_func.o
 .text.prv_getFuncArrayIndex
                0x08008690       0x40 microrl_lib\microrl_func.o
 .text.microrl_sendString
                0x080086d0       0x1a microrl_lib\microrl_func.o
                0x080086d0                microrl_sendString
 *fill*         0x080086ea        0x2 
 .text.prv_TerminalFunc_clear
                0x080086ec       0x1c microrl_lib\microrl_func.o
 .text.consoleInit
                0x08008708       0x18 microrl_lib\microrl_func.o
                0x08008708                consoleInit
 .text.microrl_terminalProcess
                0x08008720       0x30 microrl_lib\microrl_func.o
                0x08008720                microrl_terminalProcess
 .text.microrl_registerExecuteFunc
                0x08008750       0x24 microrl_lib\microrl_func.o
                0x08008750                microrl_registerExecuteFunc
 .text.microrl_terminalInit
                0x08008774       0x7c microrl_lib\microrl_func.o
                0x08008774                microrl_terminalInit
 .text.microrl_printStringWithEndl
                0x080087f0       0x14 microrl_lib\microrl_func.o
                0x080087f0                microrl_printStringWithEndl
 .text.prv_execute
                0x08008804       0x38 microrl_lib\microrl_func.o
 .text.prv_TerminalFunc_about
                0x0800883c       0x1c microrl_lib\microrl_func.o
 .text.microrl_printEndl
                0x08008858        0xc microrl_lib\microrl_func.o
                0x08008858                microrl_printEndl
 .text.prv_TerminalFunc_help
                0x08008864       0x88 microrl_lib\microrl_func.o
 .text.ConsoleInput
                0x080088ec       0x40 microrl_lib\microrl_func.o
                0x080088ec                ConsoleInput
 .text.__libc_init_array
                0x0800892c       0x4c c:/program files/atollic/truestudio for arm 7.1.0/armtools/bin/../lib/gcc/arm-atollic-eabi/5.3.1/../../../../arm-atollic-eabi/lib/armv7-m\libc_nano.a(lib_a-init.o)
                0x0800892c                __libc_init_array
 .text.memcpy   0x08008978       0x16 c:/program files/atollic/truestudio for arm 7.1.0/armtools/bin/../lib/gcc/arm-atollic-eabi/5.3.1/../../../../arm-atollic-eabi/lib/armv7-m\libc_nano.a(lib_a-memcpy-stub.o)
                0x08008978                memcpy
 .text.memmove  0x0800898e       0x36 c:/program files/atollic/truestudio for arm 7.1.0/armtools/bin/../lib/gcc/arm-atollic-eabi/5.3.1/../../../../arm-atollic-eabi/lib/armv7-m\libc_nano.a(lib_a-memmove.o)
                0x0800898e                memmove
 .text.memset   0x080089c4       0x10 c:/program files/atollic/truestudio for arm 7.1.0/armtools/bin/../lib/gcc/arm-atollic-eabi/5.3.1/../../../../arm-atollic-eabi/lib/armv7-m\libc_nano.a(lib_a-memset.o)
                0x080089c4                memset
 .text.strcpy   0x080089d4       0x10 c:/program files/atollic/truestudio for arm 7.1.0/armtools/bin/../lib/gcc/arm-atollic-eabi/5.3.1/../../../../arm-atollic-eabi/lib/armv7-m\libc_nano.a(lib_a-strcpy.o)
                0x080089d4                strcpy
 .text.strstr   0x080089e4       0x34 c:/program files/atollic/truestudio for arm 7.1.0/armtools/bin/../lib/gcc/arm-atollic-eabi/5.3.1/../../../../arm-atollic-eabi/lib/armv7-m\libc_nano.a(lib_a-strstr.o)
                0x080089e4                strstr
 *(.glue_7)
 .glue_7        0x08008a18        0x0 linker stubs
 *(.glue_7t)
 .glue_7t       0x08008a18        0x0 linker stubs
 *(.eh_frame)
 .eh_frame      0x08008a18        0x0 c:/program files/atollic/truestudio for arm 7.1.0/armtools/bin/../lib/gcc/arm-atollic-eabi/5.3.1/armv7-m/crtbegin.o
 *(.init)
 .init          0x08008a18        0x4 c:/program files/atollic/truestudio for arm 7.1.0/armtools/bin/../lib/gcc/arm-atollic-eabi/5.3.1/armv7-m/crti.o
                0x08008a18                _init
 .init          0x08008a1c        0x8 c:/program files/atollic/truestudio for arm 7.1.0/armtools/bin/../lib/gcc/arm-atollic-eabi/5.3.1/armv7-m/crtn.o
 *(.fini)
 .fini          0x08008a24        0x4 c:/program files/atollic/truestudio for arm 7.1.0/armtools/bin/../lib/gcc/arm-atollic-eabi/5.3.1/armv7-m/crti.o
                0x08008a24                _fini
 .fini          0x08008a28        0x8 c:/program files/atollic/truestudio for arm 7.1.0/armtools/bin/../lib/gcc/arm-atollic-eabi/5.3.1/armv7-m/crtn.o
                0x08008a30                . = ALIGN (0x4)
                0x08008a30                _etext = .

.vfp11_veneer   0x08008a30        0x0
 .vfp11_veneer  0x08008a30        0x0 linker stubs

.v4_bx          0x08008a30        0x0
 .v4_bx         0x08008a30        0x0 linker stubs

.iplt           0x08008a30        0x0
 .iplt          0x08008a30        0x0 c:/program files/atollic/truestudio for arm 7.1.0/armtools/bin/../lib/gcc/arm-atollic-eabi/5.3.1/armv7-m/crtbegin.o

.rodata         0x08008a30      0x270
                0x08008a30                . = ALIGN (0x4)
 *(.rodata)
 .rodata        0x08008a30       0x12 Drivers\STM32F1xx_HAL_Driver\Src\stm32f1xx_hal_rcc.o
 *(.rodata*)
 .rodata.str1.1
                0x08008a42        0x5 Middlewares\Third_Party\FreeRTOS\Source\tasks.o
 .rodata.str1.1
                0x08008a47        0xc Src\main.o
 .rodata.AHBPrescTable
                0x08008a53       0x10 Src\system_stm32f1xx.o
                0x08008a53                AHBPrescTable
 .rodata.CSWTCH.39
                0x08008a63        0x4 Src\usbd_conf.o
 .rodata.str1.1
                0x08008a67       0x4f Src\usbd_desc.o
 .rodata.str1.1
                0x08008ab6       0x3b microrl_lib\microrl.o
                                 0x43 (size before relaxing)
 .rodata.str1.1
                0x08008af1      0x1ac microrl_lib\microrl_func.o
                                0x1b0 (size before relaxing)
                0x08008ca0                . = ALIGN (0x4)
 *fill*         0x08008c9d        0x3 

.rel.dyn        0x08008ca0        0x0
 .rel.iplt      0x08008ca0        0x0 c:/program files/atollic/truestudio for arm 7.1.0/armtools/bin/../lib/gcc/arm-atollic-eabi/5.3.1/armv7-m/crtbegin.o

.ARM.extab
 *(.ARM.extab* .gnu.linkonce.armextab.*)

.ARM            0x08008ca0        0x0
                0x08008ca0                __exidx_start = .
 *(.ARM.exidx*)
                0x08008ca0                __exidx_end = .

.preinit_array  0x08008ca0        0x0
                0x08008ca0                PROVIDE (__preinit_array_start, .)
 *(.preinit_array*)
                0x08008ca0                PROVIDE (__preinit_array_end, .)

.init_array     0x08008ca0        0x4
                0x08008ca0                PROVIDE (__init_array_start, .)
 *(SORT(.init_array.*))
 *(.init_array*)
 .init_array    0x08008ca0        0x4 c:/program files/atollic/truestudio for arm 7.1.0/armtools/bin/../lib/gcc/arm-atollic-eabi/5.3.1/armv7-m/crtbegin.o
                0x08008ca4                PROVIDE (__init_array_end, .)

.fini_array     0x08008ca4        0x4
                [!provide]                PROVIDE (__fini_array_start, .)
 *(SORT(.fini_array.*))
 *(.fini_array*)
 .fini_array    0x08008ca4        0x4 c:/program files/atollic/truestudio for arm 7.1.0/armtools/bin/../lib/gcc/arm-atollic-eabi/5.3.1/armv7-m/crtbegin.o
                [!provide]                PROVIDE (__fini_array_end, .)
                0x08008ca8                _sidata = LOADADDR (.data)

.data           0x20000000      0x164 load address 0x08008ca8
                0x20000000                . = ALIGN (0x4)
                0x20000000                _sdata = .
 *(.data)
 *(.data*)
 .data.USBD_CDC_CfgFSDesc
                0x20000000       0x43 Middlewares\ST\STM32_USB_Device_Library\Class\CDC\Src\usbd_cdc.o
                0x20000000                USBD_CDC_CfgFSDesc
 *fill*         0x20000043        0x1 
 .data.USBD_CDC
                0x20000044       0x38 Middlewares\ST\STM32_USB_Device_Library\Class\CDC\Src\usbd_cdc.o
                0x20000044                USBD_CDC
 .data.USBD_CDC_DeviceQualifierDesc
                0x2000007c        0xa Middlewares\ST\STM32_USB_Device_Library\Class\CDC\Src\usbd_cdc.o
 *fill*         0x20000086        0x2 
 .data.USBD_CDC_OtherSpeedCfgDesc
                0x20000088       0x43 Middlewares\ST\STM32_USB_Device_Library\Class\CDC\Src\usbd_cdc.o
                0x20000088                USBD_CDC_OtherSpeedCfgDesc
 *fill*         0x200000cb        0x1 
 .data.USBD_CDC_CfgHSDesc
                0x200000cc       0x43 Middlewares\ST\STM32_USB_Device_Library\Class\CDC\Src\usbd_cdc.o
                0x200000cc                USBD_CDC_CfgHSDesc
 *fill*         0x2000010f        0x1 
 .data.uxCriticalNesting
                0x20000110        0x4 Middlewares\Third_Party\FreeRTOS\Source\portable\GCC\ARM_CM3\port.o
 .data.SystemCoreClock
                0x20000114        0x4 Src\system_stm32f1xx.o
                0x20000114                SystemCoreClock
 .data.USBD_Interface_fops_FS
                0x20000118       0x10 Src\usbd_cdc_if.o
                0x20000118                USBD_Interface_fops_FS
 .data.FS_Desc  0x20000128       0x1c Src\usbd_desc.o
                0x20000128                FS_Desc
 .data.USBD_LangIDDesc
                0x20000144        0x4 Src\usbd_desc.o
                0x20000144                USBD_LangIDDesc
 .data.USBD_FS_DeviceDesc
                0x20000148       0x12 Src\usbd_desc.o
                0x20000148                USBD_FS_DeviceDesc
 *fill*         0x2000015a        0x2 
 .data.prompt_default
                0x2000015c        0x4 microrl_lib\microrl.o
                0x2000015c                prompt_default
 .data.prl      0x20000160        0x4 microrl_lib\microrl_func.o
                0x20000160                prl
                0x20000164                . = ALIGN (0x4)
                0x20000164                _edata = .

.igot.plt       0x20000164        0x0 load address 0x08008e0c
 .igot.plt      0x20000164        0x0 c:/program files/atollic/truestudio for arm 7.1.0/armtools/bin/../lib/gcc/arm-atollic-eabi/5.3.1/armv7-m/crtbegin.o
                0x20000164                . = ALIGN (0x4)

.bss            0x20000164     0x35ec load address 0x08008e0c
                0x20000164                _sbss = .
                0x20000164                __bss_start__ = _sbss
 *(.bss)
 .bss           0x20000164       0x1c c:/program files/atollic/truestudio for arm 7.1.0/armtools/bin/../lib/gcc/arm-atollic-eabi/5.3.1/armv7-m/crtbegin.o
 *(.bss*)
 .bss.uwTick    0x20000180        0x4 Drivers\STM32F1xx_HAL_Driver\Src\stm32f1xx_hal.o
 .bss.ifalt.7564
                0x20000184        0x1 Middlewares\ST\STM32_USB_Device_Library\Class\CDC\Src\usbd_cdc.o
 .bss.cfgidx.7569
                0x20000185        0x1 Middlewares\ST\STM32_USB_Device_Library\Core\Src\usbd_ctlreq.o
 *fill*         0x20000186        0x2 
 .bss.ulTimerCountsForOneTick
                0x20000188        0x4 Middlewares\Third_Party\FreeRTOS\Source\portable\GCC\ARM_CM3\port.o
 .bss.ulStoppedTimerCompensation
                0x2000018c        0x4 Middlewares\Third_Party\FreeRTOS\Source\portable\GCC\ARM_CM3\port.o
 .bss.ucMaxSysCallPriority
                0x20000190        0x1 Middlewares\Third_Party\FreeRTOS\Source\portable\GCC\ARM_CM3\port.o
 *fill*         0x20000191        0x3 
 .bss.ulMaxPRIGROUPValue
                0x20000194        0x4 Middlewares\Third_Party\FreeRTOS\Source\portable\GCC\ARM_CM3\port.o
 .bss.xMaximumPossibleSuppressedTicks
                0x20000198        0x4 Middlewares\Third_Party\FreeRTOS\Source\portable\GCC\ARM_CM3\port.o
 .bss.xFreeBytesRemaining
                0x2000019c        0x4 Middlewares\Third_Party\FreeRTOS\Source\portable\MemMang\heap_4.o
 .bss.pxEnd     0x200001a0        0x4 Middlewares\Third_Party\FreeRTOS\Source\portable\MemMang\heap_4.o
 .bss.xStart    0x200001a4        0x8 Middlewares\Third_Party\FreeRTOS\Source\portable\MemMang\heap_4.o
 .bss.ucHeap    0x200001ac     0x2800 Middlewares\Third_Party\FreeRTOS\Source\portable\MemMang\heap_4.o
 .bss.xBlockAllocatedBit
                0x200029ac        0x4 Middlewares\Third_Party\FreeRTOS\Source\portable\MemMang\heap_4.o
 .bss.xMinimumEverFreeBytesRemaining
                0x200029b0        0x4 Middlewares\Third_Party\FreeRTOS\Source\portable\MemMang\heap_4.o
 .bss.ulTaskSwitchedInTime
                0x200029b4        0x4 Middlewares\Third_Party\FreeRTOS\Source\tasks.o
 .bss.xNumOfOverflows
                0x200029b8        0x4 Middlewares\Third_Party\FreeRTOS\Source\tasks.o
 .bss.pxDelayedTaskList
                0x200029bc        0x4 Middlewares\Third_Party\FreeRTOS\Source\tasks.o
 .bss.xSchedulerRunning
                0x200029c0        0x4 Middlewares\Third_Party\FreeRTOS\Source\tasks.o
 .bss.uxTasksDeleted
                0x200029c4        0x4 Middlewares\Third_Party\FreeRTOS\Source\tasks.o
 .bss.xDelayedTaskList1
                0x200029c8       0x14 Middlewares\Third_Party\FreeRTOS\Source\tasks.o
 .bss.uxPendedTicks
                0x200029dc        0x4 Middlewares\Third_Party\FreeRTOS\Source\tasks.o
 .bss.pxReadyTasksLists
                0x200029e0       0x8c Middlewares\Third_Party\FreeRTOS\Source\tasks.o
 .bss.xTasksWaitingTermination
                0x20002a6c       0x14 Middlewares\Third_Party\FreeRTOS\Source\tasks.o
 .bss.pxCurrentTCB
                0x20002a80        0x4 Middlewares\Third_Party\FreeRTOS\Source\tasks.o
                0x20002a80                pxCurrentTCB
 .bss.xNextTaskUnblockTime
                0x20002a84        0x4 Middlewares\Third_Party\FreeRTOS\Source\tasks.o
 .bss.uxSchedulerSuspended
                0x20002a88        0x4 Middlewares\Third_Party\FreeRTOS\Source\tasks.o
 .bss.xTickCount
                0x20002a8c        0x4 Middlewares\Third_Party\FreeRTOS\Source\tasks.o
 .bss.pxOverflowDelayedTaskList
                0x20002a90        0x4 Middlewares\Third_Party\FreeRTOS\Source\tasks.o
 .bss.xPendingReadyList
                0x20002a94       0x14 Middlewares\Third_Party\FreeRTOS\Source\tasks.o
 .bss.uxTaskNumber
                0x20002aa8        0x4 Middlewares\Third_Party\FreeRTOS\Source\tasks.o
 .bss.uxCurrentNumberOfTasks
                0x20002aac        0x4 Middlewares\Third_Party\FreeRTOS\Source\tasks.o
 .bss.xDelayedTaskList2
                0x20002ab0       0x14 Middlewares\Third_Party\FreeRTOS\Source\tasks.o
 .bss.xSuspendedTaskList
                0x20002ac4       0x14 Middlewares\Third_Party\FreeRTOS\Source\tasks.o
 .bss.uxTopReadyPriority
                0x20002ad8        0x4 Middlewares\Third_Party\FreeRTOS\Source\tasks.o
 .bss.xYieldPending
                0x20002adc        0x4 Middlewares\Third_Party\FreeRTOS\Source\tasks.o
 .bss.receive_total
                0x20002ae0        0x4 Src\usbd_cdc_if.o
                0x20002ae0                receive_total
 .bss.mem.7722  0x20002ae4      0x220 Src\usbd_conf.o
 .bss.xQueueCmdBuffer
                0x20002d04        0x4 microrl_lib\microrl_func.o
 .bss.compl_world.8363
                0x20002d08       0x2c microrl_lib\microrl_func.o
 .bss.terminalFuncArrayIndex
                0x20002d34        0x4 microrl_lib\microrl_func.o
                0x20002d34                terminalFuncArrayIndex
 *(COMMON)
 COMMON         0x20002d38      0x224 Src\usb_device.o
                0x20002d38                hUsbDeviceFS
 COMMON         0x20002f5c       0x85 Src\usbd_cdc_if.o
                0x20002f5c                received_data_size
                0x20002f60                UserRxBufferFS
                0x20002fa0                received_data
                0x20002fa1                UserTxBufferFS
 *fill*         0x20002fe1        0x3 
 COMMON         0x20002fe4      0x420 Src\usbd_conf.o
                0x20002fe4                hpcd_USB_FS
 COMMON         0x20003404      0x200 Src\usbd_desc.o
                0x20003404                USBD_StrDesc
 COMMON         0x20003604      0x14c microrl_lib\microrl_func.o
                0x20003604                rl
                0x200036d8                terminalFuncArray
                0x20003750                . = ALIGN (0x4)
                0x20003750                _ebss = .
                0x20003750                __bss_end__ = _ebss

._user_heap_stack
                0x20003750      0x600 load address 0x08008e0c
                0x20003750                . = ALIGN (0x4)
                [!provide]                PROVIDE (end, .)
                [!provide]                PROVIDE (_end, .)
                0x20003950                . = (. + _Min_Heap_Size)
 *fill*         0x20003750      0x200 
                0x20003d50                . = (. + _Min_Stack_Size)
 *fill*         0x20003950      0x400 
                0x20003d50                . = ALIGN (0x4)

/DISCARD/
 libc.a(*)
 libm.a(*)
 libgcc.a(*)

.ARM.attributes
                0x00000000       0x29
 *(.ARM.attributes)
 .ARM.attributes
                0x00000000       0x1d c:/program files/atollic/truestudio for arm 7.1.0/armtools/bin/../lib/gcc/arm-atollic-eabi/5.3.1/armv7-m/crti.o
 .ARM.attributes
                0x0000001d       0x2d c:/program files/atollic/truestudio for arm 7.1.0/armtools/bin/../lib/gcc/arm-atollic-eabi/5.3.1/armv7-m/crtbegin.o
 .ARM.attributes
                0x0000004a       0x21 Drivers\CMSIS\Device\ST\STM32F1xx\Source\Templates\gcc\startup_stm32f103xe.o
 .ARM.attributes
                0x0000006b       0x33 Drivers\STM32F1xx_HAL_Driver\Src\stm32f1xx_hal.o
 .ARM.attributes
                0x0000009e       0x33 Drivers\STM32F1xx_HAL_Driver\Src\stm32f1xx_hal_cortex.o
 .ARM.attributes
                0x000000d1       0x33 Drivers\STM32F1xx_HAL_Driver\Src\stm32f1xx_hal_gpio.o
 .ARM.attributes
                0x00000104       0x33 Drivers\STM32F1xx_HAL_Driver\Src\stm32f1xx_hal_pcd.o
 .ARM.attributes
                0x00000137       0x33 Drivers\STM32F1xx_HAL_Driver\Src\stm32f1xx_hal_pcd_ex.o
 .ARM.attributes
                0x0000016a       0x33 Drivers\STM32F1xx_HAL_Driver\Src\stm32f1xx_hal_rcc.o
 .ARM.attributes
                0x0000019d       0x33 Drivers\STM32F1xx_HAL_Driver\Src\stm32f1xx_hal_rcc_ex.o
 .ARM.attributes
                0x000001d0       0x33 Drivers\STM32F1xx_HAL_Driver\Src\stm32f1xx_ll_usb.o
 .ARM.attributes
                0x00000203       0x33 Middlewares\ST\STM32_USB_Device_Library\Class\CDC\Src\usbd_cdc.o
 .ARM.attributes
                0x00000236       0x33 Middlewares\ST\STM32_USB_Device_Library\Core\Src\usbd_core.o
 .ARM.attributes
                0x00000269       0x33 Middlewares\ST\STM32_USB_Device_Library\Core\Src\usbd_ctlreq.o
 .ARM.attributes
                0x0000029c       0x33 Middlewares\ST\STM32_USB_Device_Library\Core\Src\usbd_ioreq.o
 .ARM.attributes
                0x000002cf       0x33 Middlewares\Third_Party\FreeRTOS\Source\CMSIS_RTOS\cmsis_os.o
 .ARM.attributes
                0x00000302       0x33 Middlewares\Third_Party\FreeRTOS\Source\list.o
 .ARM.attributes
                0x00000335       0x33 Middlewares\Third_Party\FreeRTOS\Source\portable\GCC\ARM_CM3\port.o
 .ARM.attributes
                0x00000368       0x33 Middlewares\Third_Party\FreeRTOS\Source\portable\MemMang\heap_4.o
 .ARM.attributes
                0x0000039b       0x33 Middlewares\Third_Party\FreeRTOS\Source\queue.o
 .ARM.attributes
                0x000003ce       0x33 Middlewares\Third_Party\FreeRTOS\Source\tasks.o
 .ARM.attributes
                0x00000401       0x33 Src\freertos.o
 .ARM.attributes
                0x00000434       0x33 Src\main.o
 .ARM.attributes
                0x00000467       0x33 Src\stm32f1xx_it.o
 .ARM.attributes
                0x0000049a       0x33 Src\system_stm32f1xx.o
 .ARM.attributes
                0x000004cd       0x33 Src\usb_device.o
 .ARM.attributes
                0x00000500       0x33 Src\usbd_cdc_if.o
 .ARM.attributes
                0x00000533       0x33 Src\usbd_conf.o
 .ARM.attributes
                0x00000566       0x33 Src\usbd_desc.o
 .ARM.attributes
                0x00000599       0x33 microrl_lib\microrl.o
 .ARM.attributes
                0x000005cc       0x33 microrl_lib\microrl_func.o
 .ARM.attributes
                0x000005ff       0x2d c:/program files/atollic/truestudio for arm 7.1.0/armtools/bin/../lib/gcc/arm-atollic-eabi/5.3.1/../../../../arm-atollic-eabi/lib/armv7-m\libc_nano.a(lib_a-init.o)
 .ARM.attributes
                0x0000062c       0x2d c:/program files/atollic/truestudio for arm 7.1.0/armtools/bin/../lib/gcc/arm-atollic-eabi/5.3.1/../../../../arm-atollic-eabi/lib/armv7-m\libc_nano.a(lib_a-memcpy-stub.o)
 .ARM.attributes
                0x00000659       0x2d c:/program files/atollic/truestudio for arm 7.1.0/armtools/bin/../lib/gcc/arm-atollic-eabi/5.3.1/../../../../arm-atollic-eabi/lib/armv7-m\libc_nano.a(lib_a-memmove.o)
 .ARM.attributes
                0x00000686       0x2d c:/program files/atollic/truestudio for arm 7.1.0/armtools/bin/../lib/gcc/arm-atollic-eabi/5.3.1/../../../../arm-atollic-eabi/lib/armv7-m\libc_nano.a(lib_a-memset.o)
 .ARM.attributes
                0x000006b3       0x1b c:/program files/atollic/truestudio for arm 7.1.0/armtools/bin/../lib/gcc/arm-atollic-eabi/5.3.1/../../../../arm-atollic-eabi/lib/armv7-m\libc_nano.a(lib_a-strcmp.o)
 .ARM.attributes
                0x000006ce       0x2d c:/program files/atollic/truestudio for arm 7.1.0/armtools/bin/../lib/gcc/arm-atollic-eabi/5.3.1/../../../../arm-atollic-eabi/lib/armv7-m\libc_nano.a(lib_a-strcpy.o)
 .ARM.attributes
                0x000006fb       0x17 c:/program files/atollic/truestudio for arm 7.1.0/armtools/bin/../lib/gcc/arm-atollic-eabi/5.3.1/../../../../arm-atollic-eabi/lib/armv7-m\libc_nano.a(lib_a-strlen.o)
 .ARM.attributes
                0x00000712       0x2d c:/program files/atollic/truestudio for arm 7.1.0/armtools/bin/../lib/gcc/arm-atollic-eabi/5.3.1/../../../../arm-atollic-eabi/lib/armv7-m\libc_nano.a(lib_a-strstr.o)
 .ARM.attributes
                0x0000073f       0x1d c:/program files/atollic/truestudio for arm 7.1.0/armtools/bin/../lib/gcc/arm-atollic-eabi/5.3.1/armv7-m/crtn.o
OUTPUT(Console_usb.elf elf32-littlearm)

.debug_line     0x00000000     0x7162
 .debug_line    0x00000000       0xac Drivers\CMSIS\Device\ST\STM32F1xx\Source\Templates\gcc\startup_stm32f103xe.o
 .debug_line    0x000000ac      0x369 Drivers\STM32F1xx_HAL_Driver\Src\stm32f1xx_hal.o
 .debug_line    0x00000415      0x36e Drivers\STM32F1xx_HAL_Driver\Src\stm32f1xx_hal_cortex.o
 .debug_line    0x00000783      0x3a4 Drivers\STM32F1xx_HAL_Driver\Src\stm32f1xx_hal_gpio.o
 .debug_line    0x00000b27      0x641 Drivers\STM32F1xx_HAL_Driver\Src\stm32f1xx_hal_pcd.o
 .debug_line    0x00001168      0x22b Drivers\STM32F1xx_HAL_Driver\Src\stm32f1xx_hal_pcd_ex.o
 .debug_line    0x00001393      0x790 Drivers\STM32F1xx_HAL_Driver\Src\stm32f1xx_hal_rcc.o
 .debug_line    0x00001b23      0x377 Drivers\STM32F1xx_HAL_Driver\Src\stm32f1xx_hal_rcc_ex.o
 .debug_line    0x00001e9a      0x502 Drivers\STM32F1xx_HAL_Driver\Src\stm32f1xx_ll_usb.o
 .debug_line    0x0000239c      0x3a1 Middlewares\ST\STM32_USB_Device_Library\Class\CDC\Src\usbd_cdc.o
 .debug_line    0x0000273d      0x38a Middlewares\ST\STM32_USB_Device_Library\Core\Src\usbd_core.o
 .debug_line    0x00002ac7      0x2d4 Middlewares\ST\STM32_USB_Device_Library\Core\Src\usbd_ctlreq.o
 .debug_line    0x00002d9b      0x236 Middlewares\ST\STM32_USB_Device_Library\Core\Src\usbd_ioreq.o
 .debug_line    0x00002fd1      0x7c4 Middlewares\Third_Party\FreeRTOS\Source\CMSIS_RTOS\cmsis_os.o
 .debug_line    0x00003795      0x238 Middlewares\Third_Party\FreeRTOS\Source\list.o
 .debug_line    0x000039cd      0x375 Middlewares\Third_Party\FreeRTOS\Source\portable\GCC\ARM_CM3\port.o
 .debug_line    0x00003d42      0x34b Middlewares\Third_Party\FreeRTOS\Source\portable\MemMang\heap_4.o
 .debug_line    0x0000408d      0x7ac Middlewares\Third_Party\FreeRTOS\Source\queue.o
 .debug_line    0x00004839      0xc9f Middlewares\Third_Party\FreeRTOS\Source\tasks.o
 .debug_line    0x000054d8      0x138 Src\freertos.o
 .debug_line    0x00005610      0x415 Src\main.o
 .debug_line    0x00005a25      0x2a4 Src\stm32f1xx_it.o
 .debug_line    0x00005cc9      0x1c4 Src\system_stm32f1xx.o
 .debug_line    0x00005e8d      0x204 Src\usb_device.o
 .debug_line    0x00006091      0x253 Src\usbd_cdc_if.o
 .debug_line    0x000062e4      0x4e0 Src\usbd_conf.o
 .debug_line    0x000067c4      0x200 Src\usbd_desc.o
 .debug_line    0x000069c4      0x36b microrl_lib\microrl.o
 .debug_line    0x00006d2f      0x433 microrl_lib\microrl_func.o

.debug_info     0x00000000    0x148f8
 .debug_info    0x00000000       0x95 Drivers\CMSIS\Device\ST\STM32F1xx\Source\Templates\gcc\startup_stm32f103xe.o
 .debug_info    0x00000095      0x6d5 Drivers\STM32F1xx_HAL_Driver\Src\stm32f1xx_hal.o
 .debug_info    0x0000076a      0xc87 Drivers\STM32F1xx_HAL_Driver\Src\stm32f1xx_hal_cortex.o
 .debug_info    0x000013f1      0x60b Drivers\STM32F1xx_HAL_Driver\Src\stm32f1xx_hal_gpio.o
 .debug_info    0x000019fc      0xfd9 Drivers\STM32F1xx_HAL_Driver\Src\stm32f1xx_hal_pcd.o
 .debug_info    0x000029d5      0x5a5 Drivers\STM32F1xx_HAL_Driver\Src\stm32f1xx_hal_pcd_ex.o
 .debug_info    0x00002f7a     0x1240 Drivers\STM32F1xx_HAL_Driver\Src\stm32f1xx_hal_rcc.o
 .debug_info    0x000041ba      0x5a6 Drivers\STM32F1xx_HAL_Driver\Src\stm32f1xx_hal_rcc_ex.o
 .debug_info    0x00004760      0xd66 Drivers\STM32F1xx_HAL_Driver\Src\stm32f1xx_ll_usb.o
 .debug_info    0x000054c6      0xc80 Middlewares\ST\STM32_USB_Device_Library\Class\CDC\Src\usbd_cdc.o
 .debug_info    0x00006146      0xbd9 Middlewares\ST\STM32_USB_Device_Library\Core\Src\usbd_core.o
 .debug_info    0x00006d1f      0xbc7 Middlewares\ST\STM32_USB_Device_Library\Core\Src\usbd_ctlreq.o
 .debug_info    0x000078e6      0x761 Middlewares\ST\STM32_USB_Device_Library\Core\Src\usbd_ioreq.o
 .debug_info    0x00008047     0x1caf Middlewares\Third_Party\FreeRTOS\Source\CMSIS_RTOS\cmsis_os.o
 .debug_info    0x00009cf6      0x2a1 Middlewares\Third_Party\FreeRTOS\Source\list.o
 .debug_info    0x00009f97      0x554 Middlewares\Third_Party\FreeRTOS\Source\portable\GCC\ARM_CM3\port.o
 .debug_info    0x0000a4eb      0x439 Middlewares\Third_Party\FreeRTOS\Source\portable\MemMang\heap_4.o
 .debug_info    0x0000a924     0x180c Middlewares\Third_Party\FreeRTOS\Source\queue.o
 .debug_info    0x0000c130     0x2757 Middlewares\Third_Party\FreeRTOS\Source\tasks.o
 .debug_info    0x0000e887       0xf8 Src\freertos.o
 .debug_info    0x0000e97f      0xc05 Src\main.o
 .debug_info    0x0000f584      0x5a6 Src\stm32f1xx_it.o
 .debug_info    0x0000fb2a      0x3e7 Src\system_stm32f1xx.o
 .debug_info    0x0000ff11      0x615 Src\usb_device.o
 .debug_info    0x00010526      0x8a3 Src\usbd_cdc_if.o
 .debug_info    0x00010dc9     0x183f Src\usbd_conf.o
 .debug_info    0x00012608      0x4ee Src\usbd_desc.o
 .debug_info    0x00012af6     0x1130 microrl_lib\microrl.o
 .debug_info    0x00013c26      0xcd2 microrl_lib\microrl_func.o

.debug_abbrev   0x00000000     0x3ed7
 .debug_abbrev  0x00000000       0x12 Drivers\CMSIS\Device\ST\STM32F1xx\Source\Templates\gcc\startup_stm32f103xe.o
 .debug_abbrev  0x00000012      0x23f Drivers\STM32F1xx_HAL_Driver\Src\stm32f1xx_hal.o
 .debug_abbrev  0x00000251      0x2ee Drivers\STM32F1xx_HAL_Driver\Src\stm32f1xx_hal_cortex.o
 .debug_abbrev  0x0000053f      0x1c8 Drivers\STM32F1xx_HAL_Driver\Src\stm32f1xx_hal_gpio.o
 .debug_abbrev  0x00000707      0x306 Drivers\STM32F1xx_HAL_Driver\Src\stm32f1xx_hal_pcd.o
 .debug_abbrev  0x00000a0d      0x16b Drivers\STM32F1xx_HAL_Driver\Src\stm32f1xx_hal_pcd_ex.o
 .debug_abbrev  0x00000b78      0x2bf Drivers\STM32F1xx_HAL_Driver\Src\stm32f1xx_hal_rcc.o
 .debug_abbrev  0x00000e37      0x238 Drivers\STM32F1xx_HAL_Driver\Src\stm32f1xx_hal_rcc_ex.o
 .debug_abbrev  0x0000106f      0x21f Drivers\STM32F1xx_HAL_Driver\Src\stm32f1xx_ll_usb.o
 .debug_abbrev  0x0000128e      0x256 Middlewares\ST\STM32_USB_Device_Library\Class\CDC\Src\usbd_cdc.o
 .debug_abbrev  0x000014e4      0x270 Middlewares\ST\STM32_USB_Device_Library\Core\Src\usbd_core.o
 .debug_abbrev  0x00001754      0x2c4 Middlewares\ST\STM32_USB_Device_Library\Core\Src\usbd_ctlreq.o
 .debug_abbrev  0x00001a18      0x155 Middlewares\ST\STM32_USB_Device_Library\Core\Src\usbd_ioreq.o
 .debug_abbrev  0x00001b6d      0x350 Middlewares\Third_Party\FreeRTOS\Source\CMSIS_RTOS\cmsis_os.o
 .debug_abbrev  0x00001ebd       0xdc Middlewares\Third_Party\FreeRTOS\Source\list.o
 .debug_abbrev  0x00001f99      0x266 Middlewares\Third_Party\FreeRTOS\Source\portable\GCC\ARM_CM3\port.o
 .debug_abbrev  0x000021ff      0x227 Middlewares\Third_Party\FreeRTOS\Source\portable\MemMang\heap_4.o
 .debug_abbrev  0x00002426      0x24a Middlewares\Third_Party\FreeRTOS\Source\queue.o
 .debug_abbrev  0x00002670      0x370 Middlewares\Third_Party\FreeRTOS\Source\tasks.o
 .debug_abbrev  0x000029e0       0xb4 Src\freertos.o
 .debug_abbrev  0x00002a94      0x283 Src\main.o
 .debug_abbrev  0x00002d17      0x199 Src\stm32f1xx_it.o
 .debug_abbrev  0x00002eb0      0x122 Src\system_stm32f1xx.o
 .debug_abbrev  0x00002fd2      0x170 Src\usb_device.o
 .debug_abbrev  0x00003142      0x22e Src\usbd_cdc_if.o
 .debug_abbrev  0x00003370      0x297 Src\usbd_conf.o
 .debug_abbrev  0x00003607      0x19d Src\usbd_desc.o
 .debug_abbrev  0x000037a4      0x3d5 microrl_lib\microrl.o
 .debug_abbrev  0x00003b79      0x35e microrl_lib\microrl_func.o

.debug_aranges  0x00000000      0xf58
 .debug_aranges
                0x00000000       0x28 Drivers\CMSIS\Device\ST\STM32F1xx\Source\Templates\gcc\startup_stm32f103xe.o
 .debug_aranges
                0x00000028       0xa8 Drivers\STM32F1xx_HAL_Driver\Src\stm32f1xx_hal.o
 .debug_aranges
                0x000000d0       0x90 Drivers\STM32F1xx_HAL_Driver\Src\stm32f1xx_hal_cortex.o
 .debug_aranges
                0x00000160       0x58 Drivers\STM32F1xx_HAL_Driver\Src\stm32f1xx_hal_gpio.o
 .debug_aranges
                0x000001b8       0xc0 Drivers\STM32F1xx_HAL_Driver\Src\stm32f1xx_hal_pcd.o
 .debug_aranges
                0x00000278       0x28 Drivers\STM32F1xx_HAL_Driver\Src\stm32f1xx_hal_pcd_ex.o
 .debug_aranges
                0x000002a0       0x88 Drivers\STM32F1xx_HAL_Driver\Src\stm32f1xx_hal_rcc.o
 .debug_aranges
                0x00000328       0x30 Drivers\STM32F1xx_HAL_Driver\Src\stm32f1xx_hal_rcc_ex.o
 .debug_aranges
                0x00000358       0xe0 Drivers\STM32F1xx_HAL_Driver\Src\stm32f1xx_ll_usb.o
 .debug_aranges
                0x00000438       0x90 Middlewares\ST\STM32_USB_Device_Library\Class\CDC\Src\usbd_cdc.o
 .debug_aranges
                0x000004c8       0xa8 Middlewares\ST\STM32_USB_Device_Library\Core\Src\usbd_core.o
 .debug_aranges
                0x00000570       0x48 Middlewares\ST\STM32_USB_Device_Library\Core\Src\usbd_ctlreq.o
 .debug_aranges
                0x000005b8       0x50 Middlewares\ST\STM32_USB_Device_Library\Core\Src\usbd_ioreq.o
 .debug_aranges
                0x00000608      0x190 Middlewares\Third_Party\FreeRTOS\Source\CMSIS_RTOS\cmsis_os.o
 .debug_aranges
                0x00000798       0x40 Middlewares\Third_Party\FreeRTOS\Source\list.o
 .debug_aranges
                0x000007d8       0x98 Middlewares\Third_Party\FreeRTOS\Source\portable\GCC\ARM_CM3\port.o
 .debug_aranges
                0x00000870       0x48 Middlewares\Third_Party\FreeRTOS\Source\portable\MemMang\heap_4.o
 .debug_aranges
                0x000008b8      0x100 Middlewares\Third_Party\FreeRTOS\Source\queue.o
 .debug_aranges
                0x000009b8      0x1d0 Middlewares\Third_Party\FreeRTOS\Source\tasks.o
 .debug_aranges
                0x00000b88       0x30 Src\freertos.o
 .debug_aranges
                0x00000bb8       0x48 Src\main.o
 .debug_aranges
                0x00000c00       0x50 Src\stm32f1xx_it.o
 .debug_aranges
                0x00000c50       0x28 Src\system_stm32f1xx.o
 .debug_aranges
                0x00000c78       0x20 Src\usb_device.o
 .debug_aranges
                0x00000c98       0x40 Src\usbd_cdc_if.o
 .debug_aranges
                0x00000cd8      0x110 Src\usbd_conf.o
 .debug_aranges
                0x00000de8       0x50 Src\usbd_desc.o
 .debug_aranges
                0x00000e38       0x88 microrl_lib\microrl.o
 .debug_aranges
                0x00000ec0       0x98 microrl_lib\microrl_func.o

.debug_ranges   0x00000000     0x11d0
 .debug_ranges  0x00000000       0x20 Drivers\CMSIS\Device\ST\STM32F1xx\Source\Templates\gcc\startup_stm32f103xe.o
 .debug_ranges  0x00000020       0x98 Drivers\STM32F1xx_HAL_Driver\Src\stm32f1xx_hal.o
 .debug_ranges  0x000000b8      0x130 Drivers\STM32F1xx_HAL_Driver\Src\stm32f1xx_hal_cortex.o
 .debug_ranges  0x000001e8       0x68 Drivers\STM32F1xx_HAL_Driver\Src\stm32f1xx_hal_gpio.o
 .debug_ranges  0x00000250       0xd0 Drivers\STM32F1xx_HAL_Driver\Src\stm32f1xx_hal_pcd.o
 .debug_ranges  0x00000320       0x18 Drivers\STM32F1xx_HAL_Driver\Src\stm32f1xx_hal_pcd_ex.o
 .debug_ranges  0x00000338      0x148 Drivers\STM32F1xx_HAL_Driver\Src\stm32f1xx_hal_rcc.o
 .debug_ranges  0x00000480       0x68 Drivers\STM32F1xx_HAL_Driver\Src\stm32f1xx_hal_rcc_ex.o
 .debug_ranges  0x000004e8      0x120 Drivers\STM32F1xx_HAL_Driver\Src\stm32f1xx_ll_usb.o
 .debug_ranges  0x00000608       0x80 Middlewares\ST\STM32_USB_Device_Library\Class\CDC\Src\usbd_cdc.o
 .debug_ranges  0x00000688       0x98 Middlewares\ST\STM32_USB_Device_Library\Core\Src\usbd_core.o
 .debug_ranges  0x00000720       0x38 Middlewares\ST\STM32_USB_Device_Library\Core\Src\usbd_ctlreq.o
 .debug_ranges  0x00000758       0x40 Middlewares\ST\STM32_USB_Device_Library\Core\Src\usbd_ioreq.o
 .debug_ranges  0x00000798      0x198 Middlewares\Third_Party\FreeRTOS\Source\CMSIS_RTOS\cmsis_os.o
 .debug_ranges  0x00000930       0x30 Middlewares\Third_Party\FreeRTOS\Source\list.o
 .debug_ranges  0x00000960       0x88 Middlewares\Third_Party\FreeRTOS\Source\portable\GCC\ARM_CM3\port.o
 .debug_ranges  0x000009e8       0x38 Middlewares\Third_Party\FreeRTOS\Source\portable\MemMang\heap_4.o
 .debug_ranges  0x00000a20       0xf0 Middlewares\Third_Party\FreeRTOS\Source\queue.o
 .debug_ranges  0x00000b10      0x278 Middlewares\Third_Party\FreeRTOS\Source\tasks.o
 .debug_ranges  0x00000d88       0x20 Src\freertos.o
 .debug_ranges  0x00000da8       0x90 Src\main.o
 .debug_ranges  0x00000e38       0x40 Src\stm32f1xx_it.o
 .debug_ranges  0x00000e78       0x18 Src\system_stm32f1xx.o
 .debug_ranges  0x00000e90       0x10 Src\usb_device.o
 .debug_ranges  0x00000ea0       0x30 Src\usbd_cdc_if.o
 .debug_ranges  0x00000ed0      0x128 Src\usbd_conf.o
 .debug_ranges  0x00000ff8       0x40 Src\usbd_desc.o
 .debug_ranges  0x00001038       0xf8 microrl_lib\microrl.o
 .debug_ranges  0x00001130       0xa0 microrl_lib\microrl_func.o

.debug_loc      0x00000000     0xa9fb
 .debug_loc     0x00000000       0x73 Drivers\STM32F1xx_HAL_Driver\Src\stm32f1xx_hal.o
 .debug_loc     0x00000073      0x48f Drivers\STM32F1xx_HAL_Driver\Src\stm32f1xx_hal_cortex.o
 .debug_loc     0x00000502      0x2dd Drivers\STM32F1xx_HAL_Driver\Src\stm32f1xx_hal_gpio.o
 .debug_loc     0x000007df      0x9d0 Drivers\STM32F1xx_HAL_Driver\Src\stm32f1xx_hal_pcd.o
 .debug_loc     0x000011af       0xa3 Drivers\STM32F1xx_HAL_Driver\Src\stm32f1xx_hal_pcd_ex.o
 .debug_loc     0x00001252      0x8a9 Drivers\STM32F1xx_HAL_Driver\Src\stm32f1xx_hal_rcc.o
 .debug_loc     0x00001afb      0x39e Drivers\STM32F1xx_HAL_Driver\Src\stm32f1xx_hal_rcc_ex.o
 .debug_loc     0x00001e99      0xa61 Drivers\STM32F1xx_HAL_Driver\Src\stm32f1xx_ll_usb.o
 .debug_loc     0x000028fa      0x4bc Middlewares\ST\STM32_USB_Device_Library\Class\CDC\Src\usbd_cdc.o
 .debug_loc     0x00002db6      0x5d9 Middlewares\ST\STM32_USB_Device_Library\Core\Src\usbd_core.o
 .debug_loc     0x0000338f      0x6d9 Middlewares\ST\STM32_USB_Device_Library\Core\Src\usbd_ctlreq.o
 .debug_loc     0x00003a68      0x23c Middlewares\ST\STM32_USB_Device_Library\Core\Src\usbd_ioreq.o
 .debug_loc     0x00003ca4     0x1087 Middlewares\Third_Party\FreeRTOS\Source\CMSIS_RTOS\cmsis_os.o
 .debug_loc     0x00004d2b       0x94 Middlewares\Third_Party\FreeRTOS\Source\list.o
 .debug_loc     0x00004dbf      0x12d Middlewares\Third_Party\FreeRTOS\Source\portable\GCC\ARM_CM3\port.o
 .debug_loc     0x00004eec      0x48e Middlewares\Third_Party\FreeRTOS\Source\portable\MemMang\heap_4.o
 .debug_loc     0x0000537a     0x16cb Middlewares\Third_Party\FreeRTOS\Source\queue.o
 .debug_loc     0x00006a45     0x1fc1 Middlewares\Third_Party\FreeRTOS\Source\tasks.o
 .debug_loc     0x00008a06       0x8b Src\main.o
 .debug_loc     0x00008a91       0xaa Src\system_stm32f1xx.o
 .debug_loc     0x00008b3b      0x117 Src\usbd_cdc_if.o
 .debug_loc     0x00008c52      0x965 Src\usbd_conf.o
 .debug_loc     0x000095b7      0x273 Src\usbd_desc.o
 .debug_loc     0x0000982a      0xc90 microrl_lib\microrl.o
 .debug_loc     0x0000a4ba      0x541 microrl_lib\microrl_func.o

.debug_str      0x00000000     0x4ee5
 .debug_str     0x00000000      0x7dd Drivers\STM32F1xx_HAL_Driver\Src\stm32f1xx_hal.o
                                0x83d (size before relaxing)
 .debug_str     0x000007dd      0x2e2 Drivers\STM32F1xx_HAL_Driver\Src\stm32f1xx_hal_cortex.o
                                0x9a7 (size before relaxing)
 .debug_str     0x00000abf      0x1c9 Drivers\STM32F1xx_HAL_Driver\Src\stm32f1xx_hal_gpio.o
                                0x41e (size before relaxing)
 .debug_str     0x00000c88      0x6d6 Drivers\STM32F1xx_HAL_Driver\Src\stm32f1xx_hal_pcd.o
                                0x932 (size before relaxing)
 .debug_str     0x0000135e       0x57 Drivers\STM32F1xx_HAL_Driver\Src\stm32f1xx_hal_pcd_ex.o
                                0x555 (size before relaxing)
 .debug_str     0x000013b5      0x314 Drivers\STM32F1xx_HAL_Driver\Src\stm32f1xx_hal_rcc.o
                                0x622 (size before relaxing)
 .debug_str     0x000016c9      0x151 Drivers\STM32F1xx_HAL_Driver\Src\stm32f1xx_hal_rcc_ex.o
                                0x424 (size before relaxing)
 .debug_str     0x0000181a      0x124 Drivers\STM32F1xx_HAL_Driver\Src\stm32f1xx_ll_usb.o
                                0x6d2 (size before relaxing)
 .debug_str     0x0000193e      0x63d Middlewares\ST\STM32_USB_Device_Library\Class\CDC\Src\usbd_cdc.o
                                0x8c2 (size before relaxing)
 .debug_str     0x00001f7b      0x288 Middlewares\ST\STM32_USB_Device_Library\Core\Src\usbd_core.o
                                0x824 (size before relaxing)
 .debug_str     0x00002203      0x12e Middlewares\ST\STM32_USB_Device_Library\Core\Src\usbd_ctlreq.o
                                0x756 (size before relaxing)
 .debug_str     0x00002331       0x51 Middlewares\ST\STM32_USB_Device_Library\Core\Src\usbd_ioreq.o
                                0x683 (size before relaxing)
 .debug_str     0x00002382      0xb7b Middlewares\Third_Party\FreeRTOS\Source\CMSIS_RTOS\cmsis_os.o
                                0xdee (size before relaxing)
 .debug_str     0x00002efd      0x14f Middlewares\Third_Party\FreeRTOS\Source\list.o
                                0x2e9 (size before relaxing)
 .debug_str     0x0000304c      0x387 Middlewares\Third_Party\FreeRTOS\Source\portable\GCC\ARM_CM3\port.o
                                0x5c5 (size before relaxing)
 .debug_str     0x000033d3      0x205 Middlewares\Third_Party\FreeRTOS\Source\portable\MemMang\heap_4.o
                                0x3e7 (size before relaxing)
 .debug_str     0x000035d8      0x502 Middlewares\Third_Party\FreeRTOS\Source\queue.o
                                0x984 (size before relaxing)
 .debug_str     0x00003ada      0xa04 Middlewares\Third_Party\FreeRTOS\Source\tasks.o
                               0x11ee (size before relaxing)
 .debug_str     0x000044de       0x25 Src\freertos.o
                                0x1e5 (size before relaxing)
 .debug_str     0x00004503       0xeb Src\main.o
                                0xa6f (size before relaxing)
 .debug_str     0x000045ee       0xa6 Src\stm32f1xx_it.o
                                0x56c (size before relaxing)
 .debug_str     0x00004694       0x4d Src\system_stm32f1xx.o
                                0x2c5 (size before relaxing)
 .debug_str     0x000046e1       0x40 Src\usb_device.o
                                0x61c (size before relaxing)
 .debug_str     0x00004721       0xb7 Src\usbd_cdc_if.o
                                0x750 (size before relaxing)
 .debug_str     0x000047d8      0x171 Src\usbd_conf.o
                               0x11f7 (size before relaxing)
 .debug_str     0x00004949      0x10e Src\usbd_desc.o
                                0x3e3 (size before relaxing)
 .debug_str     0x00004a57      0x2bc microrl_lib\microrl.o
                                0x45c (size before relaxing)
 .debug_str     0x00004d13      0x1d2 microrl_lib\microrl_func.o
                                0x5e8 (size before relaxing)

.comment        0x00000000       0x7e
 .comment       0x00000000       0x7e Drivers\STM32F1xx_HAL_Driver\Src\stm32f1xx_hal.o
                                 0x7f (size before relaxing)
 .comment       0x0000007e       0x7f Drivers\STM32F1xx_HAL_Driver\Src\stm32f1xx_hal_cortex.o
 .comment       0x0000007e       0x7f Drivers\STM32F1xx_HAL_Driver\Src\stm32f1xx_hal_gpio.o
 .comment       0x0000007e       0x7f Drivers\STM32F1xx_HAL_Driver\Src\stm32f1xx_hal_pcd.o
 .comment       0x0000007e       0x7f Drivers\STM32F1xx_HAL_Driver\Src\stm32f1xx_hal_pcd_ex.o
 .comment       0x0000007e       0x7f Drivers\STM32F1xx_HAL_Driver\Src\stm32f1xx_hal_rcc.o
 .comment       0x0000007e       0x7f Drivers\STM32F1xx_HAL_Driver\Src\stm32f1xx_hal_rcc_ex.o
 .comment       0x0000007e       0x7f Drivers\STM32F1xx_HAL_Driver\Src\stm32f1xx_ll_usb.o
 .comment       0x0000007e       0x7f Middlewares\ST\STM32_USB_Device_Library\Class\CDC\Src\usbd_cdc.o
 .comment       0x0000007e       0x7f Middlewares\ST\STM32_USB_Device_Library\Core\Src\usbd_core.o
 .comment       0x0000007e       0x7f Middlewares\ST\STM32_USB_Device_Library\Core\Src\usbd_ctlreq.o
 .comment       0x0000007e       0x7f Middlewares\ST\STM32_USB_Device_Library\Core\Src\usbd_ioreq.o
 .comment       0x0000007e       0x7f Middlewares\Third_Party\FreeRTOS\Source\CMSIS_RTOS\cmsis_os.o
 .comment       0x0000007e       0x7f Middlewares\Third_Party\FreeRTOS\Source\list.o
 .comment       0x0000007e       0x7f Middlewares\Third_Party\FreeRTOS\Source\portable\GCC\ARM_CM3\port.o
 .comment       0x0000007e       0x7f Middlewares\Third_Party\FreeRTOS\Source\portable\MemMang\heap_4.o
 .comment       0x0000007e       0x7f Middlewares\Third_Party\FreeRTOS\Source\queue.o
 .comment       0x0000007e       0x7f Middlewares\Third_Party\FreeRTOS\Source\tasks.o
 .comment       0x0000007e       0x7f Src\freertos.o
 .comment       0x0000007e       0x7f Src\main.o
 .comment       0x0000007e       0x7f Src\stm32f1xx_it.o
 .comment       0x0000007e       0x7f Src\system_stm32f1xx.o
 .comment       0x0000007e       0x7f Src\usb_device.o
 .comment       0x0000007e       0x7f Src\usbd_cdc_if.o
 .comment       0x0000007e       0x7f Src\usbd_conf.o
 .comment       0x0000007e       0x7f Src\usbd_desc.o
 .comment       0x0000007e       0x7f microrl_lib\microrl.o
 .comment       0x0000007e       0x7f microrl_lib\microrl_func.o

.debug_frame    0x00000000     0x29ac
 .debug_frame   0x00000000      0x15c Drivers\STM32F1xx_HAL_Driver\Src\stm32f1xx_hal.o
 .debug_frame   0x0000015c      0x120 Drivers\STM32F1xx_HAL_Driver\Src\stm32f1xx_hal_cortex.o
 .debug_frame   0x0000027c       0xd4 Drivers\STM32F1xx_HAL_Driver\Src\stm32f1xx_hal_gpio.o
 .debug_frame   0x00000350      0x2b8 Drivers\STM32F1xx_HAL_Driver\Src\stm32f1xx_hal_pcd.o
 .debug_frame   0x00000608       0x30 Drivers\STM32F1xx_HAL_Driver\Src\stm32f1xx_hal_pcd_ex.o
 .debug_frame   0x00000638      0x14c Drivers\STM32F1xx_HAL_Driver\Src\stm32f1xx_hal_rcc.o
 .debug_frame   0x00000784       0x7c Drivers\STM32F1xx_HAL_Driver\Src\stm32f1xx_hal_rcc_ex.o
 .debug_frame   0x00000800      0x230 Drivers\STM32F1xx_HAL_Driver\Src\stm32f1xx_ll_usb.o
 .debug_frame   0x00000a30      0x14c Middlewares\ST\STM32_USB_Device_Library\Class\CDC\Src\usbd_cdc.o
 .debug_frame   0x00000b7c      0x1c0 Middlewares\ST\STM32_USB_Device_Library\Core\Src\usbd_core.o
 .debug_frame   0x00000d3c       0xb0 Middlewares\ST\STM32_USB_Device_Library\Core\Src\usbd_ctlreq.o
 .debug_frame   0x00000dec       0xb8 Middlewares\ST\STM32_USB_Device_Library\Core\Src\usbd_ioreq.o
 .debug_frame   0x00000ea4      0x4b8 Middlewares\Third_Party\FreeRTOS\Source\CMSIS_RTOS\cmsis_os.o
 .debug_frame   0x0000135c       0x6c Middlewares\Third_Party\FreeRTOS\Source\list.o
 .debug_frame   0x000013c8      0x168 Middlewares\Third_Party\FreeRTOS\Source\portable\GCC\ARM_CM3\port.o
 .debug_frame   0x00001530       0x98 Middlewares\Third_Party\FreeRTOS\Source\portable\MemMang\heap_4.o
 .debug_frame   0x000015c8      0x33c Middlewares\Third_Party\FreeRTOS\Source\queue.o
 .debug_frame   0x00001904      0x65c Middlewares\Third_Party\FreeRTOS\Source\tasks.o
 .debug_frame   0x00001f60       0x80 Src\freertos.o
 .debug_frame   0x00001fe0       0xa0 Src\main.o
 .debug_frame   0x00002080       0x9c Src\stm32f1xx_it.o
 .debug_frame   0x0000211c       0x30 Src\system_stm32f1xx.o
 .debug_frame   0x0000214c       0x2c Src\usb_device.o
 .debug_frame   0x00002178       0x84 Src\usbd_cdc_if.o
 .debug_frame   0x000021fc      0x284 Src\usbd_conf.o
 .debug_frame   0x00002480       0xa8 Src\usbd_desc.o
 .debug_frame   0x00002528      0x1b8 microrl_lib\microrl.o
 .debug_frame   0x000026e0      0x1c0 microrl_lib\microrl_func.o
 .debug_frame   0x000028a0       0x2c c:/program files/atollic/truestudio for arm 7.1.0/armtools/bin/../lib/gcc/arm-atollic-eabi/5.3.1/../../../../arm-atollic-eabi/lib/armv7-m\libc_nano.a(lib_a-init.o)
 .debug_frame   0x000028cc       0x28 c:/program files/atollic/truestudio for arm 7.1.0/armtools/bin/../lib/gcc/arm-atollic-eabi/5.3.1/../../../../arm-atollic-eabi/lib/armv7-m\libc_nano.a(lib_a-memcpy-stub.o)
 .debug_frame   0x000028f4       0x28 c:/program files/atollic/truestudio for arm 7.1.0/armtools/bin/../lib/gcc/arm-atollic-eabi/5.3.1/../../../../arm-atollic-eabi/lib/armv7-m\libc_nano.a(lib_a-memmove.o)
 .debug_frame   0x0000291c       0x20 c:/program files/atollic/truestudio for arm 7.1.0/armtools/bin/../lib/gcc/arm-atollic-eabi/5.3.1/../../../../arm-atollic-eabi/lib/armv7-m\libc_nano.a(lib_a-memset.o)
 .debug_frame   0x0000293c       0x20 c:/program files/atollic/truestudio for arm 7.1.0/armtools/bin/../lib/gcc/arm-atollic-eabi/5.3.1/../../../../arm-atollic-eabi/lib/armv7-m\libc_nano.a(lib_a-strcmp.o)
 .debug_frame   0x0000295c       0x20 c:/program files/atollic/truestudio for arm 7.1.0/armtools/bin/../lib/gcc/arm-atollic-eabi/5.3.1/../../../../arm-atollic-eabi/lib/armv7-m\libc_nano.a(lib_a-strcpy.o)
 .debug_frame   0x0000297c       0x30 c:/program files/atollic/truestudio for arm 7.1.0/armtools/bin/../lib/gcc/arm-atollic-eabi/5.3.1/../../../../arm-atollic-eabi/lib/armv7-m\libc_nano.a(lib_a-strstr.o)

Cross Reference Table

Symbol                                            File
ADC1_2_IRQHandler                                 Drivers\CMSIS\Device\ST\STM32F1xx\Source\Templates\gcc\startup_stm32f103xe.o
ADC3_IRQHandler                                   Drivers\CMSIS\Device\ST\STM32F1xx\Source\Templates\gcc\startup_stm32f103xe.o
AHBPrescTable                                     Src\system_stm32f1xx.o
                                                  Drivers\STM32F1xx_HAL_Driver\Src\stm32f1xx_hal_rcc.o
APBPrescTable                                     Src\system_stm32f1xx.o
                                                  Drivers\STM32F1xx_HAL_Driver\Src\stm32f1xx_hal_rcc.o
BusFault_Handler                                  Src\stm32f1xx_it.o
                                                  Drivers\CMSIS\Device\ST\STM32F1xx\Source\Templates\gcc\startup_stm32f103xe.o
CAN1_RX1_IRQHandler                               Drivers\CMSIS\Device\ST\STM32F1xx\Source\Templates\gcc\startup_stm32f103xe.o
CAN1_SCE_IRQHandler                               Drivers\CMSIS\Device\ST\STM32F1xx\Source\Templates\gcc\startup_stm32f103xe.o
CDC_Transmit_FS                                   Src\usbd_cdc_if.o
                                                  microrl_lib\microrl_func.o
ConsoleInput                                      microrl_lib\microrl_func.o
                                                  Src\usbd_cdc_if.o
DMA1_Channel1_IRQHandler                          Drivers\CMSIS\Device\ST\STM32F1xx\Source\Templates\gcc\startup_stm32f103xe.o
DMA1_Channel2_IRQHandler                          Drivers\CMSIS\Device\ST\STM32F1xx\Source\Templates\gcc\startup_stm32f103xe.o
DMA1_Channel3_IRQHandler                          Drivers\CMSIS\Device\ST\STM32F1xx\Source\Templates\gcc\startup_stm32f103xe.o
DMA1_Channel4_IRQHandler                          Drivers\CMSIS\Device\ST\STM32F1xx\Source\Templates\gcc\startup_stm32f103xe.o
DMA1_Channel5_IRQHandler                          Drivers\CMSIS\Device\ST\STM32F1xx\Source\Templates\gcc\startup_stm32f103xe.o
DMA1_Channel6_IRQHandler                          Drivers\CMSIS\Device\ST\STM32F1xx\Source\Templates\gcc\startup_stm32f103xe.o
DMA1_Channel7_IRQHandler                          Drivers\CMSIS\Device\ST\STM32F1xx\Source\Templates\gcc\startup_stm32f103xe.o
DMA2_Channel1_IRQHandler                          Drivers\CMSIS\Device\ST\STM32F1xx\Source\Templates\gcc\startup_stm32f103xe.o
DMA2_Channel2_IRQHandler                          Drivers\CMSIS\Device\ST\STM32F1xx\Source\Templates\gcc\startup_stm32f103xe.o
DMA2_Channel3_IRQHandler                          Drivers\CMSIS\Device\ST\STM32F1xx\Source\Templates\gcc\startup_stm32f103xe.o
DMA2_Channel4_5_IRQHandler                        Drivers\CMSIS\Device\ST\STM32F1xx\Source\Templates\gcc\startup_stm32f103xe.o
DebugMon_Handler                                  Src\stm32f1xx_it.o
                                                  Drivers\CMSIS\Device\ST\STM32F1xx\Source\Templates\gcc\startup_stm32f103xe.o
Default_Handler                                   Drivers\CMSIS\Device\ST\STM32F1xx\Source\Templates\gcc\startup_stm32f103xe.o
EXTI0_IRQHandler                                  Drivers\CMSIS\Device\ST\STM32F1xx\Source\Templates\gcc\startup_stm32f103xe.o
EXTI15_10_IRQHandler                              Drivers\CMSIS\Device\ST\STM32F1xx\Source\Templates\gcc\startup_stm32f103xe.o
EXTI1_IRQHandler                                  Drivers\CMSIS\Device\ST\STM32F1xx\Source\Templates\gcc\startup_stm32f103xe.o
EXTI2_IRQHandler                                  Drivers\CMSIS\Device\ST\STM32F1xx\Source\Templates\gcc\startup_stm32f103xe.o
EXTI3_IRQHandler                                  Drivers\CMSIS\Device\ST\STM32F1xx\Source\Templates\gcc\startup_stm32f103xe.o
EXTI4_IRQHandler                                  Drivers\CMSIS\Device\ST\STM32F1xx\Source\Templates\gcc\startup_stm32f103xe.o
EXTI9_5_IRQHandler                                Drivers\CMSIS\Device\ST\STM32F1xx\Source\Templates\gcc\startup_stm32f103xe.o
Error_Handler                                     Src\main.o
                                                  Src\usbd_conf.o
FLASH_IRQHandler                                  Drivers\CMSIS\Device\ST\STM32F1xx\Source\Templates\gcc\startup_stm32f103xe.o