Archive member included to satisfy reference by file (symbol)

c:/program files/atollic/truestudio for arm 7.1.0/armtools/bin/../lib/gcc/arm-atollic-eabi/5.3.1/../../../../arm-atollic-eabi/lib/armv7-m\libc.a(lib_a-init.o)
                              Drivers\CMSIS\Device\ST\STM32F1xx\Source\Templates\gcc\startup_stm32f103xe.o (__libc_init_array)
c:/program files/atollic/truestudio for arm 7.1.0/armtools/bin/../lib/gcc/arm-atollic-eabi/5.3.1/../../../../arm-atollic-eabi/lib/armv7-m\libc.a(lib_a-memcpy-stub.o)
                              Middlewares\Third_Party\FreeRTOS\Source\queue.o (memcpy)
c:/program files/atollic/truestudio for arm 7.1.0/armtools/bin/../lib/gcc/arm-atollic-eabi/5.3.1/../../../../arm-atollic-eabi/lib/armv7-m\libc.a(lib_a-memmove.o)
                              microrl_lib\microrl.o (memmove)
c:/program files/atollic/truestudio for arm 7.1.0/armtools/bin/../lib/gcc/arm-atollic-eabi/5.3.1/../../../../arm-atollic-eabi/lib/armv7-m\libc.a(lib_a-memset.o)
                              Drivers\STM32F1xx_HAL_Driver\Src\stm32f1xx_hal_rcc.o (memset)
c:/program files/atollic/truestudio for arm 7.1.0/armtools/bin/../lib/gcc/arm-atollic-eabi/5.3.1/../../../../arm-atollic-eabi/lib/armv7-m\libc.a(lib_a-printf.o)
                              Src\console.o (printf)
c:/program files/atollic/truestudio for arm 7.1.0/armtools/bin/../lib/gcc/arm-atollic-eabi/5.3.1/../../../../arm-atollic-eabi/lib/armv7-m\libc.a(lib_a-puts.o)
                              Src\console.o (puts)
c:/program files/atollic/truestudio for arm 7.1.0/armtools/bin/../lib/gcc/arm-atollic-eabi/5.3.1/../../../../arm-atollic-eabi/lib/armv7-m\libc.a(lib_a-strcasecmp.o)
                              Src\console.o (strcasecmp)
c:/program files/atollic/truestudio for arm 7.1.0/armtools/bin/../lib/gcc/arm-atollic-eabi/5.3.1/../../../../arm-atollic-eabi/lib/armv7-m\libc.a(lib_a-strcpy.o)
                              microrl_lib\microrl.o (strcpy)
c:/program files/atollic/truestudio for arm 7.1.0/armtools/bin/../lib/gcc/arm-atollic-eabi/5.3.1/../../../../arm-atollic-eabi/lib/armv7-m\libc.a(lib_a-strlen.o)
                              Src\console.o (strlen)
c:/program files/atollic/truestudio for arm 7.1.0/armtools/bin/../lib/gcc/arm-atollic-eabi/5.3.1/../../../../arm-atollic-eabi/lib/armv7-m\libc.a(lib_a-strstr.o)
                              Src\console.o (strstr)
c:/program files/atollic/truestudio for arm 7.1.0/armtools/bin/../lib/gcc/arm-atollic-eabi/5.3.1/../../../../arm-atollic-eabi/lib/armv7-m\libc.a(lib_a-vfprintf.o)
                              c:/program files/atollic/truestudio for arm 7.1.0/armtools/bin/../lib/gcc/arm-atollic-eabi/5.3.1/../../../../arm-atollic-eabi/lib/armv7-m\libc.a(lib_a-printf.o) (_vfprintf_r)
c:/program files/atollic/truestudio for arm 7.1.0/armtools/bin/../lib/gcc/arm-atollic-eabi/5.3.1/../../../../arm-atollic-eabi/lib/armv7-m\libc.a(lib_a-vprintf.o)
                              Src\console.o (vprintf)
c:/program files/atollic/truestudio for arm 7.1.0/armtools/bin/../lib/gcc/arm-atollic-eabi/5.3.1/../../../../arm-atollic-eabi/lib/armv7-m\libc.a(lib_a-wsetup.o)
                              c:/program files/atollic/truestudio for arm 7.1.0/armtools/bin/../lib/gcc/arm-atollic-eabi/5.3.1/../../../../arm-atollic-eabi/lib/armv7-m\libc.a(lib_a-vfprintf.o) (__swsetup_r)
c:/program files/atollic/truestudio for arm 7.1.0/armtools/bin/../lib/gcc/arm-atollic-eabi/5.3.1/../../../../arm-atollic-eabi/lib/armv7-m\libc.a(lib_a-ctype_.o)
                              c:/program files/atollic/truestudio for arm 7.1.0/armtools/bin/../lib/gcc/arm-atollic-eabi/5.3.1/../../../../arm-atollic-eabi/lib/armv7-m\libc.a(lib_a-strcasecmp.o) (__ctype_ptr__)
c:/program files/atollic/truestudio for arm 7.1.0/armtools/bin/../lib/gcc/arm-atollic-eabi/5.3.1/../../../../arm-atollic-eabi/lib/armv7-m\libc.a(lib_a-dtoa.o)
                              c:/program files/atollic/truestudio for arm 7.1.0/armtools/bin/../lib/gcc/arm-atollic-eabi/5.3.1/../../../../arm-atollic-eabi/lib/armv7-m\libc.a(lib_a-vfprintf.o) (_dtoa_r)
c:/program files/atollic/truestudio for arm 7.1.0/armtools/bin/../lib/gcc/arm-atollic-eabi/5.3.1/../../../../arm-atollic-eabi/lib/armv7-m\libc.a(lib_a-fflush.o)
                              c:/program files/atollic/truestudio for arm 7.1.0/armtools/bin/../lib/gcc/arm-atollic-eabi/5.3.1/../../../../arm-atollic-eabi/lib/armv7-m\libc.a(lib_a-vfprintf.o) (_fflush_r)
c:/program files/atollic/truestudio for arm 7.1.0/armtools/bin/../lib/gcc/arm-atollic-eabi/5.3.1/../../../../arm-atollic-eabi/lib/armv7-m\libc.a(lib_a-findfp.o)
                              c:/program files/atollic/truestudio for arm 7.1.0/armtools/bin/../lib/gcc/arm-atollic-eabi/5.3.1/../../../../arm-atollic-eabi/lib/armv7-m\libc.a(lib_a-printf.o) (__sinit)
c:/program files/atollic/truestudio for arm 7.1.0/armtools/bin/../lib/gcc/arm-atollic-eabi/5.3.1/../../../../arm-atollic-eabi/lib/armv7-m\libc.a(lib_a-freer.o)
[...]
Memory Configuration

Name             Origin             Length             Attributes
RAM              0x20000000         0x00010000         xrw
FLASH            0x08000000         0x00080000         xr
*default*        0x00000000         0xffffffff

Linker script and memory map

LOAD c:/program files/atollic/truestudio for arm 7.1.0/armtools/bin/../lib/gcc/arm-atollic-eabi/5.3.1/armv7-m/crti.o
LOAD c:/program files/atollic/truestudio for arm 7.1.0/armtools/bin/../lib/gcc/arm-atollic-eabi/5.3.1/armv7-m/crtbegin.o
LOAD Drivers\CMSIS\Device\ST\STM32F1xx\Source\Templates\gcc\startup_stm32f103xe.o
LOAD Drivers\STM32F1xx_HAL_Driver\Src\stm32f1xx_hal.o
LOAD Drivers\STM32F1xx_HAL_Driver\Src\stm32f1xx_hal_cortex.o
LOAD Drivers\STM32F1xx_HAL_Driver\Src\stm32f1xx_hal_dma.o
LOAD Drivers\STM32F1xx_HAL_Driver\Src\stm32f1xx_hal_flash.o
LOAD Drivers\STM32F1xx_HAL_Driver\Src\stm32f1xx_hal_flash_ex.o
LOAD Drivers\STM32F1xx_HAL_Driver\Src\stm32f1xx_hal_gpio.o
LOAD Drivers\STM32F1xx_HAL_Driver\Src\stm32f1xx_hal_gpio_ex.o
LOAD Drivers\STM32F1xx_HAL_Driver\Src\stm32f1xx_hal_pcd.o
LOAD Drivers\STM32F1xx_HAL_Driver\Src\stm32f1xx_hal_pcd_ex.o
LOAD Drivers\STM32F1xx_HAL_Driver\Src\stm32f1xx_hal_pwr.o
LOAD Drivers\STM32F1xx_HAL_Driver\Src\stm32f1xx_hal_rcc.o
LOAD Drivers\STM32F1xx_HAL_Driver\Src\stm32f1xx_hal_rcc_ex.o
LOAD Drivers\STM32F1xx_HAL_Driver\Src\stm32f1xx_hal_tim.o
LOAD Drivers\STM32F1xx_HAL_Driver\Src\stm32f1xx_hal_tim_ex.o
LOAD Drivers\STM32F1xx_HAL_Driver\Src\stm32f1xx_ll_usb.o
LOAD Middlewares\ST\STM32_USB_Device_Library\Class\CDC\Src\usbd_cdc.o
LOAD Middlewares\ST\STM32_USB_Device_Library\Core\Src\usbd_core.o
LOAD Middlewares\ST\STM32_USB_Device_Library\Core\Src\usbd_ctlreq.o
LOAD Middlewares\ST\STM32_USB_Device_Library\Core\Src\usbd_ioreq.o
LOAD Middlewares\Third_Party\FreeRTOS\Source\CMSIS_RTOS\cmsis_os.o
LOAD Middlewares\Third_Party\FreeRTOS\Source\croutine.o
LOAD Middlewares\Third_Party\FreeRTOS\Source\event_groups.o
LOAD Middlewares\Third_Party\FreeRTOS\Source\list.o
LOAD Middlewares\Third_Party\FreeRTOS\Source\portable\GCC\ARM_CM3\port.o
LOAD Middlewares\Third_Party\FreeRTOS\Source\portable\MemMang\heap_4.o
LOAD Middlewares\Third_Party\FreeRTOS\Source\queue.o
LOAD Middlewares\Third_Party\FreeRTOS\Source\tasks.o
LOAD Middlewares\Third_Party\FreeRTOS\Source\timers.o
LOAD Src\console.o
LOAD Src\console_cmd.o
LOAD Src\freertos.o
LOAD Src\main.o
LOAD Src\stm32f1xx_hal_msp.o
LOAD Src\stm32f1xx_it.o
LOAD Src\syscalls.o
LOAD Src\system_stm32f1xx.o
LOAD Src\usb_device.o
LOAD Src\usbd_cdc_if.o
LOAD Src\usbd_conf.o
LOAD Src\usbd_desc.o
LOAD microrl_lib\microrl.o
START GROUP
LOAD c:/program files/atollic/truestudio for arm 7.1.0/armtools/bin/../lib/gcc/arm-atollic-eabi/5.3.1/../../../../arm-atollic-eabi/lib/armv7-m\libc.a
LOAD c:/program files/atollic/truestudio for arm 7.1.0/armtools/bin/../lib/gcc/arm-atollic-eabi/5.3.1/../../../../arm-atollic-eabi/lib/armv7-m\libm.a
END GROUP
                0x00000080                malloc_getpagesize_P = 0x80
START GROUP
LOAD c:/program files/atollic/truestudio for arm 7.1.0/armtools/bin/../lib/gcc/arm-atollic-eabi/5.3.1/armv7-m\libgcc.a
LOAD c:/program files/atollic/truestudio for arm 7.1.0/armtools/bin/../lib/gcc/arm-atollic-eabi/5.3.1/../../../../arm-atollic-eabi/lib/armv7-m\libc.a
END GROUP
LOAD c:/program files/atollic/truestudio for arm 7.1.0/armtools/bin/../lib/gcc/arm-atollic-eabi/5.3.1/armv7-m/crtend.o
LOAD c:/program files/atollic/truestudio for arm 7.1.0/armtools/bin/../lib/gcc/arm-atollic-eabi/5.3.1/armv7-m/crtn.o
                0x20010000                _estack = 0x20010000
                0x00000200                _Min_Heap_Size = 0x200
                0x00000400                _Min_Stack_Size = 0x400

.isr_vector     0x08000000      0x1e4
                0x08000000                . = ALIGN (0x4)
 *(.isr_vector)
 .isr_vector    0x08000000      0x1e4 Drivers\CMSIS\Device\ST\STM32F1xx\Source\Templates\gcc\startup_stm32f103xe.o
                0x08000000                g_pfnVectors
                0x080001e4                . = ALIGN (0x4)

.text           0x080001e8     0x8da8
                0x080001e8                . = ALIGN (0x4)
 *(.text)
 .text          0x080001e8       0x40 c:/program files/atollic/truestudio for arm 7.1.0/armtools/bin/../lib/gcc/arm-atollic-eabi/5.3.1/armv7-m/crtbegin.o
 .text          0x08000228       0x10 c:/program files/atollic/truestudio for arm 7.1.0/armtools/bin/../lib/gcc/arm-atollic-eabi/5.3.1/../../../../arm-atollic-eabi/lib/armv7-m\libc.a(lib_a-strlen.o)
                0x08000228                strlen
 .text          0x08000238      0x370 c:/program files/atollic/truestudio for arm 7.1.0/armtools/bin/../lib/gcc/arm-atollic-eabi/5.3.1/armv7-m\libgcc.a(_arm_addsubdf3.o)
                0x08000238                __aeabi_drsub
                0x08000240                __aeabi_dsub
                0x08000240                __subdf3
                0x08000244                __aeabi_dadd
                0x08000244                __adddf3
                0x080004bc                __floatunsidf
                0x080004bc                __aeabi_ui2d
                0x080004dc                __floatsidf
                0x080004dc                __aeabi_i2d
                0x08000500                __aeabi_f2d
                0x08000500                __extendsfdf2
                0x0800053c                __floatundidf
                0x0800053c                __aeabi_ul2d
                0x0800054c                __floatdidf
                0x0800054c                __aeabi_l2d
 .text          0x080005a8      0x424 c:/program files/atollic/truestudio for arm 7.1.0/armtools/bin/../lib/gcc/arm-atollic-eabi/5.3.1/armv7-m\libgcc.a(_arm_muldivdf3.o)
                0x080005a8                __aeabi_dmul
                0x080005a8                __muldf3
                0x080007fc                __divdf3
                0x080007fc                __aeabi_ddiv
 .text          0x080009cc      0x110 c:/program files/atollic/truestudio for arm 7.1.0/armtools/bin/../lib/gcc/arm-atollic-eabi/5.3.1/armv7-m\libgcc.a(_arm_cmpdf2.o)
                0x080009cc                __gtdf2
                0x080009cc                __gedf2
                0x080009d4                __ltdf2
                0x080009d4                __ledf2
                0x080009dc                __nedf2
                0x080009dc                __eqdf2
                0x080009dc                __cmpdf2
                0x08000a58                __aeabi_cdrcmple
                0x08000a68                __aeabi_cdcmpeq
                0x08000a68                __aeabi_cdcmple
                0x08000a78                __aeabi_dcmpeq
                0x08000a8c                __aeabi_dcmplt
                0x08000aa0                __aeabi_dcmple
                0x08000ab4                __aeabi_dcmpge
                0x08000ac8                __aeabi_dcmpgt
 .text          0x08000adc       0x2c c:/program files/atollic/truestudio for arm 7.1.0/armtools/bin/../lib/gcc/arm-atollic-eabi/5.3.1/armv7-m\libgcc.a(_arm_unorddf2.o)
                0x08000adc                __unorddf2
                0x08000adc                __aeabi_dcmpun
 .text          0x08000b08       0x50 c:/program files/atollic/truestudio for arm 7.1.0/armtools/bin/../lib/gcc/arm-atollic-eabi/5.3.1/armv7-m\libgcc.a(_arm_fixdfsi.o)
                0x08000b08                __aeabi_d2iz
                0x08000b08                __fixdfsi
 .text          0x08000b58       0x30 c:/program files/atollic/truestudio for arm 7.1.0/armtools/bin/../lib/gcc/arm-atollic-eabi/5.3.1/armv7-m\libgcc.a(_aeabi_uldivmod.o)
                0x08000b58                __aeabi_uldivmod
 .text          0x08000b88      0x2ec c:/program files/atollic/truestudio for arm 7.1.0/armtools/bin/../lib/gcc/arm-atollic-eabi/5.3.1/armv7-m\libgcc.a(_udivmoddi4.o)
                0x08000b88                __udivmoddi4
 .text          0x08000e74        0x4 c:/program files/atollic/truestudio for arm 7.1.0/armtools/bin/../lib/gcc/arm-atollic-eabi/5.3.1/armv7-m\libgcc.a(_dvmd_tls.o)
                0x08000e74                __aeabi_idiv0
                0x08000e74                __aeabi_ldiv0
 *(.text*)
 .text.Reset_Handler
                0x08000e78       0x48 Drivers\CMSIS\Device\ST\STM32F1xx\Source\Templates\gcc\startup_stm32f103xe.o
                0x08000e78                Reset_Handler
 .text.Default_Handler
                0x08000ec0        0x2 Drivers\CMSIS\Device\ST\STM32F1xx\Source\Templates\gcc\startup_stm32f103xe.o
                0x08000ec0                RTC_Alarm_IRQHandler
                0x08000ec0                EXTI2_IRQHandler
                0x08000ec0                TIM8_TRG_COM_IRQHandler
                0x08000ec0                TIM8_CC_IRQHandler
                0x08000ec0                TIM1_CC_IRQHandler
                0x08000ec0                TIM6_IRQHandler
                0x08000ec0                PVD_IRQHandler
                0x08000ec0                SDIO_IRQHandler
                0x08000ec0                EXTI3_IRQHandler
                0x08000ec0                EXTI0_IRQHandler
                0x08000ec0                I2C2_EV_IRQHandler
                0x08000ec0                ADC1_2_IRQHandler
                0x08000ec0                SPI1_IRQHandler
                0x08000ec0                TAMPER_IRQHandler
                0x08000ec0                TIM8_UP_IRQHandler
                0x08000ec0                DMA2_Channel2_IRQHandler
                0x08000ec0                DMA1_Channel4_IRQHandler
                0x08000ec0                USART3_IRQHandler
                0x08000ec0                RTC_IRQHandler
                0x08000ec0                DMA1_Channel7_IRQHandler
                0x08000ec0                CAN1_RX1_IRQHandler
                0x08000ec0                UART5_IRQHandler
                0x08000ec0                ADC3_IRQHandler
                0x08000ec0                TIM4_IRQHandler
                0x08000ec0                DMA2_Channel1_IRQHandler
                0x08000ec0                I2C1_EV_IRQHandler
                0x08000ec0                DMA1_Channel6_IRQHandler
                0x08000ec0                UART4_IRQHandler
                0x08000ec0                TIM3_IRQHandler
                0x08000ec0                RCC_IRQHandler
                0x08000ec0                TIM1_TRG_COM_IRQHandler
                0x08000ec0                DMA1_Channel1_IRQHandler
                0x08000ec0                Default_Handler
                0x08000ec0                EXTI15_10_IRQHandler
                0x08000ec0                TIM7_IRQHandler
                0x08000ec0                TIM5_IRQHandler
                0x08000ec0                EXTI9_5_IRQHandler
                0x08000ec0                SPI2_IRQHandler
                0x08000ec0                DMA1_Channel5_IRQHandler
                0x08000ec0                EXTI4_IRQHandler
                0x08000ec0                USB_HP_CAN1_TX_IRQHandler
                0x08000ec0                DMA1_Channel3_IRQHandler
                0x08000ec0                FSMC_IRQHandler
                0x08000ec0                TIM1_UP_IRQHandler
                0x08000ec0                WWDG_IRQHandler
                0x08000ec0                TIM2_IRQHandler
                0x08000ec0                TIM1_BRK_IRQHandler
                0x08000ec0                EXTI1_IRQHandler
                0x08000ec0                DMA2_Channel4_5_IRQHandler
                0x08000ec0                USART2_IRQHandler
                0x08000ec0                I2C2_ER_IRQHandler
                0x08000ec0                DMA1_Channel2_IRQHandler
                0x08000ec0                TIM8_BRK_IRQHandler
                0x08000ec0                CAN1_SCE_IRQHandler
                0x08000ec0                FLASH_IRQHandler
                0x08000ec0                USART1_IRQHandler
                0x08000ec0                SPI3_IRQHandler
                0x08000ec0                I2C1_ER_IRQHandler
                0x08000ec0                USBWakeUp_IRQHandler
                0x08000ec0                DMA2_Channel3_IRQHandler
 .text.HAL_InitTick
                0x08000ec2       0x24 Drivers\STM32F1xx_HAL_Driver\Src\stm32f1xx_hal.o
                0x08000ec2                HAL_InitTick
 *fill*         0x08000ee6        0x2 
 .text.HAL_Init
                0x08000ee8       0x20 Drivers\STM32F1xx_HAL_Driver\Src\stm32f1xx_hal.o
                0x08000ee8                HAL_Init
 .text.HAL_IncTick
                0x08000f08       0x10 Drivers\STM32F1xx_HAL_Driver\Src\stm32f1xx_hal.o
                0x08000f08                HAL_IncTick
 .text.HAL_GetTick
                0x08000f18        0xc Drivers\STM32F1xx_HAL_Driver\Src\stm32f1xx_hal.o
                0x08000f18                HAL_GetTick
 .text.HAL_Delay
                0x08000f24       0x1a Drivers\STM32F1xx_HAL_Driver\Src\stm32f1xx_hal.o
                0x08000f24                HAL_Delay
 *fill*         0x08000f3e        0x2 
 .text.HAL_NVIC_SetPriorityGrouping
                0x08000f40       0x24 Drivers\STM32F1xx_HAL_Driver\Src\stm32f1xx_hal_cortex.o
                0x08000f40                HAL_NVIC_SetPriorityGrouping
 .text.HAL_NVIC_SetPriority
                0x08000f64       0x68 Drivers\STM32F1xx_HAL_Driver\Src\stm32f1xx_hal_cortex.o
                0x08000f64                HAL_NVIC_SetPriority
 .text.HAL_NVIC_EnableIRQ
                0x08000fcc       0x18 Drivers\STM32F1xx_HAL_Driver\Src\stm32f1xx_hal_cortex.o
                0x08000fcc                HAL_NVIC_EnableIRQ
 .text.HAL_SYSTICK_Config
                0x08000fe4       0x2c Drivers\STM32F1xx_HAL_Driver\Src\stm32f1xx_hal_cortex.o
                0x08000fe4                HAL_SYSTICK_Config
 .text.HAL_SYSTICK_CLKSourceConfig
                0x08001010       0x18 Drivers\STM32F1xx_HAL_Driver\Src\stm32f1xx_hal_cortex.o
                0x08001010                HAL_SYSTICK_CLKSourceConfig
 .text.HAL_GPIO_Init
                0x08001028      0x1cc Drivers\STM32F1xx_HAL_Driver\Src\stm32f1xx_hal_gpio.o
                0x08001028                HAL_GPIO_Init
 .text.HAL_GPIO_WritePin
                0x080011f4        0x8 Drivers\STM32F1xx_HAL_Driver\Src\stm32f1xx_hal_gpio.o
                0x080011f4                HAL_GPIO_WritePin
 .text.HAL_GPIO_TogglePin
                0x080011fc        0x8 Drivers\STM32F1xx_HAL_Driver\Src\stm32f1xx_hal_gpio.o
                0x080011fc                HAL_GPIO_TogglePin
 .text.HAL_PCD_Init
                0x08001204       0xd4 Drivers\STM32F1xx_HAL_Driver\Src\stm32f1xx_hal_pcd.o
                0x08001204                HAL_PCD_Init
 .text.HAL_PCD_Start
                0x080012d8       0x2e Drivers\STM32F1xx_HAL_Driver\Src\stm32f1xx_hal_pcd.o
                0x080012d8                HAL_PCD_Start
 .text.HAL_PCD_SetAddress
                0x08001306       0x28 Drivers\STM32F1xx_HAL_Driver\Src\stm32f1xx_hal_pcd.o
                0x08001306                HAL_PCD_SetAddress
 .text.HAL_PCD_EP_Open
                0x0800132e       0x46 Drivers\STM32F1xx_HAL_Driver\Src\stm32f1xx_hal_pcd.o
                0x0800132e                HAL_PCD_EP_Open
 .text.HAL_PCD_EP_Close
                0x08001374       0x42 Drivers\STM32F1xx_HAL_Driver\Src\stm32f1xx_hal_pcd.o
                0x08001374                HAL_PCD_EP_Close
 .text.HAL_PCD_EP_Receive
                0x080013b6       0x48 Drivers\STM32F1xx_HAL_Driver\Src\stm32f1xx_hal_pcd.o
                0x080013b6                HAL_PCD_EP_Receive
 .text.HAL_PCD_EP_GetRxCount
                0x080013fe        0xe Drivers\STM32F1xx_HAL_Driver\Src\stm32f1xx_hal_pcd.o
                0x080013fe                HAL_PCD_EP_GetRxCount
 .text.HAL_PCD_EP_Transmit
                0x0800140c       0x40 Drivers\STM32F1xx_HAL_Driver\Src\stm32f1xx_hal_pcd.o
                0x0800140c                HAL_PCD_EP_Transmit
 .text.HAL_PCD_IRQHandler
                0x0800144c      0x4d0 Drivers\STM32F1xx_HAL_Driver\Src\stm32f1xx_hal_pcd.o
                0x0800144c                HAL_PCD_IRQHandler
 .text.HAL_PCD_EP_SetStall
                0x0800191c       0x52 Drivers\STM32F1xx_HAL_Driver\Src\stm32f1xx_hal_pcd.o
                0x0800191c                HAL_PCD_EP_SetStall
 .text.HAL_PCD_EP_ClrStall
                0x0800196e       0x46 Drivers\STM32F1xx_HAL_Driver\Src\stm32f1xx_hal_pcd.o
                0x0800196e                HAL_PCD_EP_ClrStall
 .text.HAL_PCDEx_PMAConfig
                0x080019b4       0x30 Drivers\STM32F1xx_HAL_Driver\Src\stm32f1xx_hal_pcd_ex.o
                0x080019b4                HAL_PCDEx_PMAConfig
 .text.HAL_RCC_OscConfig
                0x080019e4      0x4c0 Drivers\STM32F1xx_HAL_Driver\Src\stm32f1xx_hal_rcc.o
                0x080019e4                HAL_RCC_OscConfig
 .text.HAL_RCC_GetSysClockFreq
                0x08001ea4       0x90 Drivers\STM32F1xx_HAL_Driver\Src\stm32f1xx_hal_rcc.o
                0x08001ea4                HAL_RCC_GetSysClockFreq
 .text.HAL_RCC_ClockConfig
                0x08001f34      0x164 Drivers\STM32F1xx_HAL_Driver\Src\stm32f1xx_hal_rcc.o
                0x08001f34                HAL_RCC_ClockConfig
 .text.HAL_RCC_GetHCLKFreq
                0x08002098        0xc Drivers\STM32F1xx_HAL_Driver\Src\stm32f1xx_hal_rcc.o
                0x08002098                HAL_RCC_GetHCLKFreq
 .text.HAL_RCCEx_PeriphCLKConfig
                0x080020a4      0x114 Drivers\STM32F1xx_HAL_Driver\Src\stm32f1xx_hal_rcc_ex.o
                0x080020a4                HAL_RCCEx_PeriphCLKConfig
 .text.USB_CoreInit
                0x080021b8        0xe Drivers\STM32F1xx_HAL_Driver\Src\stm32f1xx_ll_usb.o
                0x080021b8                USB_CoreInit
 .text.USB_EnableGlobalInt
                0x080021c6       0x12 Drivers\STM32F1xx_HAL_Driver\Src\stm32f1xx_ll_usb.o
                0x080021c6                USB_EnableGlobalInt
 .text.USB_DisableGlobalInt
                0x080021d8       0x14 Drivers\STM32F1xx_HAL_Driver\Src\stm32f1xx_ll_usb.o
                0x080021d8                USB_DisableGlobalInt
 .text.USB_SetCurrentMode
                0x080021ec        0x4 Drivers\STM32F1xx_HAL_Driver\Src\stm32f1xx_ll_usb.o
                0x080021ec                USB_SetCurrentMode
 .text.USB_DevInit
                0x080021f0       0x28 Drivers\STM32F1xx_HAL_Driver\Src\stm32f1xx_ll_usb.o
                0x080021f0                USB_DevInit
 .text.USB_ActivateEndpoint
                0x08002218      0x2e4 Drivers\STM32F1xx_HAL_Driver\Src\stm32f1xx_ll_usb.o
                0x08002218                USB_ActivateEndpoint
 .text.USB_DeactivateEndpoint
                0x080024fc      0x170 Drivers\STM32F1xx_HAL_Driver\Src\stm32f1xx_ll_usb.o
                0x080024fc                USB_DeactivateEndpoint
 .text.USB_EPSetStall
                0x0800266c       0x62 Drivers\STM32F1xx_HAL_Driver\Src\stm32f1xx_ll_usb.o
                0x0800266c                USB_EPSetStall
 .text.USB_EPClearStall
                0x080026ce       0x84 Drivers\STM32F1xx_HAL_Driver\Src\stm32f1xx_ll_usb.o
                0x080026ce                USB_EPClearStall
 .text.USB_SetDevAddress
                0x08002752        0xc Drivers\STM32F1xx_HAL_Driver\Src\stm32f1xx_ll_usb.o
                0x08002752                USB_SetDevAddress
 .text.USB_DevConnect
                0x0800275e        0x4 Drivers\STM32F1xx_HAL_Driver\Src\stm32f1xx_ll_usb.o
                0x0800275e                USB_DevConnect
 .text.USB_DevDisconnect
                0x08002762        0x4 Drivers\STM32F1xx_HAL_Driver\Src\stm32f1xx_ll_usb.o
                0x08002762                USB_DevDisconnect
 .text.USB_ReadInterrupts
                0x08002766        0x8 Drivers\STM32F1xx_HAL_Driver\Src\stm32f1xx_ll_usb.o
                0x08002766                USB_ReadInterrupts
 .text.USB_EP0_OutStart
                0x0800276e        0x4 Drivers\STM32F1xx_HAL_Driver\Src\stm32f1xx_ll_usb.o
                0x0800276e                USB_EP0_OutStart
 .text.USB_WritePMA
                0x08002772       0x22 Drivers\STM32F1xx_HAL_Driver\Src\stm32f1xx_ll_usb.o
                0x08002772                USB_WritePMA
 .text.USB_EPStartXfer
                0x08002794      0x1a0 Drivers\STM32F1xx_HAL_Driver\Src\stm32f1xx_ll_usb.o
                0x08002794                USB_EPStartXfer
 .text.USB_ReadPMA
                0x08002934       0x22 Drivers\STM32F1xx_HAL_Driver\Src\stm32f1xx_ll_usb.o
                0x08002934                USB_ReadPMA
 .text.USBD_CDC_DataIn
                0x08002956       0x12 Middlewares\ST\STM32_USB_Device_Library\Class\CDC\Src\usbd_cdc.o
 .text.USBD_CDC_EP0_RxReady
                0x08002968       0x28 Middlewares\ST\STM32_USB_Device_Library\Class\CDC\Src\usbd_cdc.o
 .text.USBD_CDC_GetFSCfgDesc
                0x08002990        0xc Middlewares\ST\STM32_USB_Device_Library\Class\CDC\Src\usbd_cdc.o
 .text.USBD_CDC_GetHSCfgDesc
                0x0800299c        0xc Middlewares\ST\STM32_USB_Device_Library\Class\CDC\Src\usbd_cdc.o
 .text.USBD_CDC_GetOtherSpeedCfgDesc
                0x080029a8        0xc Middlewares\ST\STM32_USB_Device_Library\Class\CDC\Src\usbd_cdc.o
 .text.USBD_CDC_GetDeviceQualifierDescriptor
                0x080029b4        0xc Middlewares\ST\STM32_USB_Device_Library\Class\CDC\Src\usbd_cdc.o
                0x080029b4                USBD_CDC_GetDeviceQualifierDescriptor
 .text.USBD_CDC_DataOut
                0x080029c0       0x2e Middlewares\ST\STM32_USB_Device_Library\Class\CDC\Src\usbd_cdc.o
 *fill*         0x080029ee        0x2 
 .text.USBD_CDC_Setup
                0x080029f0       0x6c Middlewares\ST\STM32_USB_Device_Library\Class\CDC\Src\usbd_cdc.o
 .text.USBD_CDC_DeInit
                0x08002a5c       0x3a Middlewares\ST\STM32_USB_Device_Library\Class\CDC\Src\usbd_cdc.o
 .text.USBD_CDC_Init
                0x08002a96       0x8c Middlewares\ST\STM32_USB_Device_Library\Class\CDC\Src\usbd_cdc.o
 .text.USBD_CDC_RegisterInterface
                0x08002b22        0xe Middlewares\ST\STM32_USB_Device_Library\Class\CDC\Src\usbd_cdc.o
                0x08002b22                USBD_CDC_RegisterInterface
 .text.USBD_CDC_SetTxBuffer
                0x08002b30       0x10 Middlewares\ST\STM32_USB_Device_Library\Class\CDC\Src\usbd_cdc.o
                0x08002b30                USBD_CDC_SetTxBuffer
 .text.USBD_CDC_SetRxBuffer
                0x08002b40        0xc Middlewares\ST\STM32_USB_Device_Library\Class\CDC\Src\usbd_cdc.o
                0x08002b40                USBD_CDC_SetRxBuffer
 .text.USBD_CDC_TransmitPacket
                0x08002b4c       0x2e Middlewares\ST\STM32_USB_Device_Library\Class\CDC\Src\usbd_cdc.o
                0x08002b4c                USBD_CDC_TransmitPacket
 .text.USBD_CDC_ReceivePacket
                0x08002b7a       0x26 Middlewares\ST\STM32_USB_Device_Library\Class\CDC\Src\usbd_cdc.o
                0x08002b7a                USBD_CDC_ReceivePacket
 .text.USBD_Init
                0x08002ba0       0x2a Middlewares\ST\STM32_USB_Device_Library\Core\Src\usbd_core.o
                0x08002ba0                USBD_Init
 .text.USBD_RegisterClass
                0x08002bca        0xe Middlewares\ST\STM32_USB_Device_Library\Core\Src\usbd_core.o
                0x08002bca                USBD_RegisterClass
 .text.USBD_Start
                0x08002bd8        0xa Middlewares\ST\STM32_USB_Device_Library\Core\Src\usbd_core.o
                0x08002bd8                USBD_Start
 .text.USBD_SetClassConfig
                0x08002be2       0x16 Middlewares\ST\STM32_USB_Device_Library\Core\Src\usbd_core.o
                0x08002be2                USBD_SetClassConfig
 .text.USBD_ClrClassConfig
                0x08002bf8        0xe Middlewares\ST\STM32_USB_Device_Library\Core\Src\usbd_core.o
                0x08002bf8                USBD_ClrClassConfig
 .text.USBD_LL_SetupStage
                0x08002c06       0x5a Middlewares\ST\STM32_USB_Device_Library\Core\Src\usbd_core.o
                0x08002c06                USBD_LL_SetupStage
 .text.USBD_LL_DataOutStage
                0x08002c60       0x62 Middlewares\ST\STM32_USB_Device_Library\Core\Src\usbd_core.o
                0x08002c60                USBD_LL_DataOutStage
 .text.USBD_LL_DataInStage
                0x08002cc2       0x9c Middlewares\ST\STM32_USB_Device_Library\Core\Src\usbd_core.o
                0x08002cc2                USBD_LL_DataInStage
 .text.USBD_LL_Reset
                0x08002d5e       0x3e Middlewares\ST\STM32_USB_Device_Library\Core\Src\usbd_core.o
                0x08002d5e                USBD_LL_Reset
 .text.USBD_LL_SetSpeed
                0x08002d9c        0x6 Middlewares\ST\STM32_USB_Device_Library\Core\Src\usbd_core.o
                0x08002d9c                USBD_LL_SetSpeed
 .text.USBD_LL_Suspend
                0x08002da2       0x12 Middlewares\ST\STM32_USB_Device_Library\Core\Src\usbd_core.o
                0x08002da2                USBD_LL_Suspend
 .text.USBD_LL_Resume
                0x08002db4        0xc Middlewares\ST\STM32_USB_Device_Library\Core\Src\usbd_core.o
                0x08002db4                USBD_LL_Resume
 .text.USBD_LL_SOF
                0x08002dc0       0x18 Middlewares\ST\STM32_USB_Device_Library\Core\Src\usbd_core.o
                0x08002dc0                USBD_LL_SOF
 .text.USBD_ParseSetupRequest
                0x08002dd8       0x28 Middlewares\ST\STM32_USB_Device_Library\Core\Src\usbd_ctlreq.o
                0x08002dd8                USBD_ParseSetupRequest
 .text.USBD_CtlError
                0x08002e00       0x16 Middlewares\ST\STM32_USB_Device_Library\Core\Src\usbd_ctlreq.o
                0x08002e00                USBD_CtlError
 *fill*         0x08002e16        0x2 
 .text.USBD_StdDevReq
                0x08002e18      0x214 Middlewares\ST\STM32_USB_Device_Library\Core\Src\usbd_ctlreq.o
                0x08002e18                USBD_StdDevReq
 .text.USBD_StdItfReq
                0x0800302c       0x30 Middlewares\ST\STM32_USB_Device_Library\Core\Src\usbd_ctlreq.o
                0x0800302c                USBD_StdItfReq
 .text.USBD_StdEPReq
                0x0800305c       0xc6 Middlewares\ST\STM32_USB_Device_Library\Core\Src\usbd_ctlreq.o
                0x0800305c                USBD_StdEPReq
 .text.USBD_GetString
                0x08003122       0x38 Middlewares\ST\STM32_USB_Device_Library\Core\Src\usbd_ctlreq.o
                0x08003122                USBD_GetString
 .text.USBD_CtlSendData
                0x0800315a       0x1a Middlewares\ST\STM32_USB_Device_Library\Core\Src\usbd_ioreq.o
                0x0800315a                USBD_CtlSendData
 .text.USBD_CtlContinueSendData
                0x08003174       0x10 Middlewares\ST\STM32_USB_Device_Library\Core\Src\usbd_ioreq.o
                0x08003174                USBD_CtlContinueSendData
 .text.USBD_CtlPrepareRx
                0x08003184       0x1e Middlewares\ST\STM32_USB_Device_Library\Core\Src\usbd_ioreq.o
                0x08003184                USBD_CtlPrepareRx
 .text.USBD_CtlContinueRx
                0x080031a2       0x10 Middlewares\ST\STM32_USB_Device_Library\Core\Src\usbd_ioreq.o
                0x080031a2                USBD_CtlContinueRx
 .text.USBD_CtlSendStatus
                0x080031b2       0x16 Middlewares\ST\STM32_USB_Device_Library\Core\Src\usbd_ioreq.o
                0x080031b2                USBD_CtlSendStatus
 .text.USBD_CtlReceiveStatus
                0x080031c8       0x16 Middlewares\ST\STM32_USB_Device_Library\Core\Src\usbd_ioreq.o
                0x080031c8                USBD_CtlReceiveStatus
 .text.osSystickHandler
                0x080031de       0x14 Middlewares\Third_Party\FreeRTOS\Source\CMSIS_RTOS\cmsis_os.o
                0x080031de                osSystickHandler
 .text.vListInitialise
                0x080031f2       0x16 Middlewares\Third_Party\FreeRTOS\Source\list.o
                0x080031f2                vListInitialise
 .text.vListInitialiseItem
                0x08003208        0x6 Middlewares\Third_Party\FreeRTOS\Source\list.o
                0x08003208                vListInitialiseItem
 .text.vListInsertEnd
                0x0800320e       0x18 Middlewares\Third_Party\FreeRTOS\Source\list.o
                0x0800320e                vListInsertEnd
 .text.vListInsert
                0x08003226       0x30 Middlewares\Third_Party\FreeRTOS\Source\list.o
                0x08003226                vListInsert
 .text.uxListRemove
                0x08003256       0x20 Middlewares\Third_Party\FreeRTOS\Source\list.o
                0x08003256                uxListRemove
 *fill*         0x08003276        0x2 
 .text.prvPortStartFirstTask
                0x08003278       0x20 Middlewares\Third_Party\FreeRTOS\Source\portable\GCC\ARM_CM3\port.o
 .text.pxPortInitialiseStack
                0x08003298       0x1c Middlewares\Third_Party\FreeRTOS\Source\portable\GCC\ARM_CM3\port.o
                0x08003298                pxPortInitialiseStack
 .text.SVC_Handler
                0x080032b4       0x24 Middlewares\Third_Party\FreeRTOS\Source\portable\GCC\ARM_CM3\port.o
                0x080032b4                SVC_Handler
 .text.vPortYield
                0x080032d8       0x18 Middlewares\Third_Party\FreeRTOS\Source\portable\GCC\ARM_CM3\port.o
                0x080032d8                vPortYield
 .text.ulPortSetInterruptMask
                0x080032f0       0x10 Middlewares\Third_Party\FreeRTOS\Source\portable\GCC\ARM_CM3\port.o
                0x080032f0                ulPortSetInterruptMask
 .text.prvTaskExitError
                0x08003300       0x1c Middlewares\Third_Party\FreeRTOS\Source\portable\GCC\ARM_CM3\port.o
 .text.vPortEnterCritical
                0x0800331c       0x34 Middlewares\Third_Party\FreeRTOS\Source\portable\GCC\ARM_CM3\port.o
                0x0800331c                vPortEnterCritical
 .text.vPortClearInterruptMask
                0x08003350        0x6 Middlewares\Third_Party\FreeRTOS\Source\portable\GCC\ARM_CM3\port.o
                0x08003350                vPortClearInterruptMask
 *fill*         0x08003356        0x2 
 .text.vPortExitCritical
                0x08003358       0x24 Middlewares\Third_Party\FreeRTOS\Source\portable\GCC\ARM_CM3\port.o
                0x08003358                vPortExitCritical
 .text.PendSV_Handler
                0x0800337c       0x44 Middlewares\Third_Party\FreeRTOS\Source\portable\GCC\ARM_CM3\port.o
                0x0800337c                PendSV_Handler
 .text.xPortSysTickHandler
                0x080033c0       0x24 Middlewares\Third_Party\FreeRTOS\Source\portable\GCC\ARM_CM3\port.o
                0x080033c0                xPortSysTickHandler
 .text.vPortSuppressTicksAndSleep
                0x080033e4      0x118 Middlewares\Third_Party\FreeRTOS\Source\portable\GCC\ARM_CM3\port.o
                0x080033e4                vPortSuppressTicksAndSleep
 .text.vPortSetupTimerInterrupt
                0x080034fc       0x50 Middlewares\Third_Party\FreeRTOS\Source\portable\GCC\ARM_CM3\port.o
                0x080034fc                vPortSetupTimerInterrupt
 .text.xPortStartScheduler
                0x0800354c       0x94 Middlewares\Third_Party\FreeRTOS\Source\portable\GCC\ARM_CM3\port.o
                0x0800354c                xPortStartScheduler
 .text.vPortValidateInterruptPriority
                0x080035e0       0x44 Middlewares\Third_Party\FreeRTOS\Source\portable\GCC\ARM_CM3\port.o
                0x080035e0                vPortValidateInterruptPriority
 .text.prvInsertBlockIntoFreeList
                0x08003624       0x48 Middlewares\Third_Party\FreeRTOS\Source\portable\MemMang\heap_4.o
 .text.pvPortMalloc
                0x0800366c      0x114 Middlewares\Third_Party\FreeRTOS\Source\portable\MemMang\heap_4.o
                0x0800366c                pvPortMalloc
 .text.vPortFree
                0x08003780       0x58 Middlewares\Third_Party\FreeRTOS\Source\portable\MemMang\heap_4.o
                0x08003780                vPortFree
 .text.prvCopyDataToQueue
                0x080037d8       0x6a Middlewares\Third_Party\FreeRTOS\Source\queue.o
 .text.prvCopyDataFromQueue
                0x08003842       0x28 Middlewares\Third_Party\FreeRTOS\Source\queue.o
 .text.prvUnlockQueue
                0x0800386a       0x68 Middlewares\Third_Party\FreeRTOS\Source\queue.o
 .text.xQueueGenericReset
                0x080038d2       0x62 Middlewares\Third_Party\FreeRTOS\Source\queue.o
                0x080038d2                xQueueGenericReset
 .text.xQueueGenericCreate
                0x08003934       0x4c Middlewares\Third_Party\FreeRTOS\Source\queue.o
                0x08003934                xQueueGenericCreate
 .text.xQueueGenericSendFromISR
                0x08003980       0x8a Middlewares\Third_Party\FreeRTOS\Source\queue.o
                0x08003980                xQueueGenericSendFromISR
 .text.xQueueGenericReceive
                0x08003a0a      0x12c Middlewares\Third_Party\FreeRTOS\Source\queue.o
                0x08003a0a                xQueueGenericReceive
 *fill*         0x08003b36        0x2 
 .text.prvGetExpectedIdleTime
                0x08003b38       0x30 Middlewares\Third_Party\FreeRTOS\Source\tasks.o
 .text.prvResetNextTaskUnblockTime
                0x08003b68       0x24 Middlewares\Third_Party\FreeRTOS\Source\tasks.o
 .text.prvAddCurrentTaskToDelayedList
                0x08003b8c       0x50 Middlewares\Third_Party\FreeRTOS\Source\tasks.o
 .text.xTaskGenericCreate
                0x08003bdc      0x1c8 Middlewares\Third_Party\FreeRTOS\Source\tasks.o
                0x08003bdc                xTaskGenericCreate
 .text.vTaskStartScheduler
                0x08003da4       0x64 Middlewares\Third_Party\FreeRTOS\Source\tasks.o
                0x08003da4                vTaskStartScheduler
 .text.vTaskSuspendAll
                0x08003e08       0x10 Middlewares\Third_Party\FreeRTOS\Source\tasks.o
                0x08003e08                vTaskSuspendAll
 .text.vTaskStepTick
                0x08003e18       0x28 Middlewares\Third_Party\FreeRTOS\Source\tasks.o
                0x08003e18                vTaskStepTick
 .text.xTaskIncrementTick
                0x08003e40      0x134 Middlewares\Third_Party\FreeRTOS\Source\tasks.o
                0x08003e40                xTaskIncrementTick
 .text.xTaskResumeAll
                0x08003f74       0xd0 Middlewares\Third_Party\FreeRTOS\Source\tasks.o
                0x08003f74                xTaskResumeAll
 .text.vTaskDelay
                0x08004044       0x60 Middlewares\Third_Party\FreeRTOS\Source\tasks.o
                0x08004044                vTaskDelay
 .text.prvIdleTask
                0x080040a4       0xa4 Middlewares\Third_Party\FreeRTOS\Source\tasks.o
 .text.vTaskSwitchContext
                0x08004148       0x88 Middlewares\Third_Party\FreeRTOS\Source\tasks.o
                0x08004148                vTaskSwitchContext
 .text.vTaskPlaceOnEventList
                0x080041d0       0x64 Middlewares\Third_Party\FreeRTOS\Source\tasks.o
                0x080041d0                vTaskPlaceOnEventList
 .text.xTaskRemoveFromEventList
                0x08004234       0x7c Middlewares\Third_Party\FreeRTOS\Source\tasks.o
                0x08004234                xTaskRemoveFromEventList
 .text.vTaskSetTimeOutState
                0x080042b0       0x20 Middlewares\Third_Party\FreeRTOS\Source\tasks.o
                0x080042b0                vTaskSetTimeOutState
 .text.xTaskCheckForTimeOut
                0x080042d0       0x5c Middlewares\Third_Party\FreeRTOS\Source\tasks.o
                0x080042d0                xTaskCheckForTimeOut
 .text.vTaskMissedYield
                0x0800432c        0xc Middlewares\Third_Party\FreeRTOS\Source\tasks.o
                0x0800432c                vTaskMissedYield
 .text.eTaskConfirmSleepModeStatus
                0x08004338       0x34 Middlewares\Third_Party\FreeRTOS\Source\tasks.o
                0x08004338                eTaskConfirmSleepModeStatus
 .text.xTaskGetSchedulerState
                0x0800436c       0x20 Middlewares\Third_Party\FreeRTOS\Source\tasks.o
                0x0800436c                xTaskGetSchedulerState
 .text.vTaskPriorityInherit
                0x0800438c       0x94 Middlewares\Third_Party\FreeRTOS\Source\tasks.o
                0x0800438c                vTaskPriorityInherit
 .text.xTaskPriorityDisinherit
                0x08004420       0x88 Middlewares\Third_Party\FreeRTOS\Source\tasks.o
                0x08004420                xTaskPriorityDisinherit
 .text.pvTaskIncrementMutexHeldCount
                0x080044a8       0x18 Middlewares\Third_Party\FreeRTOS\Source\tasks.o
                0x080044a8                pvTaskIncrementMutexHeldCount
 .text.prv_sigint
                0x080044c0       0x24 Src\console.o
 .text.prv_complet
                0x080044e4       0x64 Src\console.o
 .text.cmdHelp  0x08004548       0x3c Src\console.o
 .text.microrl_sendString
                0x08004584       0x1a Src\console.o
                0x08004584                microrl_sendString
 *fill*         0x0800459e        0x2 
 .text.consoleInit
                0x080045a0       0x18 Src\console.o
                0x080045a0                consoleInit
 .text.microrl_terminalInit
                0x080045b8       0x3c Src\console.o
                0x080045b8                microrl_terminalInit
 .text.microrl_terminalProcess
                0x080045f4       0x30 Src\console.o
                0x080045f4                microrl_terminalProcess
 .text.microrl_printStringWithEndl
                0x08004624       0x14 Src\console.o
                0x08004624                microrl_printStringWithEndl
 .text.prv_execute
                0x08004638       0x48 Src\console.o
 .text.fc_printf
                0x08004680       0x1a Src\console.o
                0x08004680                fc_printf
 *fill*         0x0800469a        0x2 
 .text.consoleInput
                0x0800469c       0x40 Src\console.o
                0x0800469c                consoleInput
 .text.cmdStatus
                0x080046dc       0x50 Src\console_cmd.o
                0x080046dc                cmdStatus
 .text.cmdClear
                0x0800472c       0x1c Src\console_cmd.o
                0x0800472c                cmdClear
 .text.configureTimerForRunTimeStats
                0x08004748        0x2 Src\freertos.o
                0x08004748                configureTimerForRunTimeStats
 .text.getRunTimeCounterValue
                0x0800474a        0x4 Src\freertos.o
                0x0800474a                getRunTimeCounterValue
 .text.vApplicationIdleHook
                0x0800474e        0x2 Src\freertos.o
                0x0800474e                vApplicationIdleHook
 .text.vApplicationTickHook
                0x08004750        0x2 Src\freertos.o
                0x08004750                vApplicationTickHook
 .text.vApplicationMallocFailedHook
                0x08004752        0x2 Src\freertos.o
                0x08004752                vApplicationMallocFailedHook
 .text.PreSleepProcessing
                0x08004754        0x2 Src\freertos.o
                0x08004754                PreSleepProcessing
 .text.PostSleepProcessing
                0x08004756        0x2 Src\freertos.o
                0x08004756                PostSleepProcessing
 .text.microrl_run
                0x08004758        0xc Src\main.o
                0x08004758                microrl_run
 .text.vLedTask
                0x08004764       0x20 Src\main.o
                0x08004764                vLedTask
 .text.SystemClock_Config
                0x08004784       0x7e Src\main.o
                0x08004784                SystemClock_Config
 *fill*         0x08004802        0x2 
 .text.startup.main
                0x08004804       0xc4 Src\main.o
                0x08004804                main
 .text.Error_Handler
                0x080048c8        0x2 Src\main.o
                0x080048c8                Error_Handler
 .text.NMI_Handler
                0x080048ca        0x2 Src\stm32f1xx_it.o
                0x080048ca                NMI_Handler
 .text.HardFault_Handler
                0x080048cc        0x2 Src\stm32f1xx_it.o
                0x080048cc                HardFault_Handler
 .text.MemManage_Handler
                0x080048ce        0x2 Src\stm32f1xx_it.o
                0x080048ce                MemManage_Handler
 .text.BusFault_Handler
                0x080048d0        0x2 Src\stm32f1xx_it.o
                0x080048d0                BusFault_Handler
 .text.UsageFault_Handler
                0x080048d2        0x2 Src\stm32f1xx_it.o
                0x080048d2                UsageFault_Handler
 .text.DebugMon_Handler
                0x080048d4        0x2 Src\stm32f1xx_it.o
                0x080048d4                DebugMon_Handler
 .text.SysTick_Handler
                0x080048d6        0xe Src\stm32f1xx_it.o
                0x080048d6                SysTick_Handler
 .text.USB_LP_CAN1_RX0_IRQHandler
                0x080048e4        0xc Src\stm32f1xx_it.o
                0x080048e4                USB_LP_CAN1_RX0_IRQHandler
 .text._sbrk    0x080048f0       0x1c Src\syscalls.o
                0x080048f0                _sbrk
 .text._close   0x0800490c        0x6 Src\syscalls.o
                0x0800490c                _close
 .text._fstat   0x08004912        0xa Src\syscalls.o
                0x08004912                _fstat
 .text._isatty  0x0800491c        0x4 Src\syscalls.o
                0x0800491c                _isatty
 .text._lseek   0x08004920        0x4 Src\syscalls.o
                0x08004920                _lseek
 .text._read    0x08004924        0x4 Src\syscalls.o
                0x08004924                _read
 .text._write   0x08004928       0x2c Src\syscalls.o
                0x08004928                _write
 .text.SystemInit
                0x08004954       0x4c Src\system_stm32f1xx.o
                0x08004954                SystemInit
 .text.MX_USB_DEVICE_Init
                0x080049a0       0x38 Src\usb_device.o
                0x080049a0                MX_USB_DEVICE_Init
 .text.CDC_DeInit_FS
                0x080049d8        0x4 Src\usbd_cdc_if.o
 .text.CDC_Control_FS
                0x080049dc        0x4 Src\usbd_cdc_if.o
 .text.CDC_Receive_FS
                0x080049e0       0x4c Src\usbd_cdc_if.o
 .text.CDC_Init_FS
                0x08004a2c       0x28 Src\usbd_cdc_if.o
 .text.CDC_Transmit_FS
                0x08004a54       0x2c Src\usbd_cdc_if.o
                0x08004a54                CDC_Transmit_FS
 .text.HAL_PCD_MspInit
                0x08004a80       0x3c Src\usbd_conf.o
                0x08004a80                HAL_PCD_MspInit
 .text.HAL_PCD_SetupStageCallback
                0x08004abc        0xc Src\usbd_conf.o
                0x08004abc                HAL_PCD_SetupStageCallback
 .text.HAL_PCD_DataOutStageCallback
                0x08004ac8       0x10 Src\usbd_conf.o
                0x08004ac8                HAL_PCD_DataOutStageCallback
 .text.HAL_PCD_DataInStageCallback
                0x08004ad8        0xe Src\usbd_conf.o
                0x08004ad8                HAL_PCD_DataInStageCallback
 .text.HAL_PCD_SOFCallback
                0x08004ae6        0x8 Src\usbd_conf.o
                0x08004ae6                HAL_PCD_SOFCallback
 .text.HAL_PCD_ResetCallback
                0x08004aee       0x1a Src\usbd_conf.o
                0x08004aee                HAL_PCD_ResetCallback
 .text.HAL_PCD_SuspendCallback
                0x08004b08       0x20 Src\usbd_conf.o
                0x08004b08                HAL_PCD_SuspendCallback
 .text.HAL_PCD_ResumeCallback
                0x08004b28        0x8 Src\usbd_conf.o
                0x08004b28                HAL_PCD_ResumeCallback
 .text.USBD_LL_Init
                0x08004b30       0x84 Src\usbd_conf.o
                0x08004b30                USBD_LL_Init
 .text.USBD_LL_Start
                0x08004bb4       0x1c Src\usbd_conf.o
                0x08004bb4                USBD_LL_Start
 .text.USBD_LL_OpenEP
                0x08004bd0       0x20 Src\usbd_conf.o
                0x08004bd0                USBD_LL_OpenEP
 .text.USBD_LL_CloseEP
                0x08004bf0       0x1c Src\usbd_conf.o
                0x08004bf0                USBD_LL_CloseEP
 .text.USBD_LL_StallEP
                0x08004c0c       0x1c Src\usbd_conf.o
                0x08004c0c                USBD_LL_StallEP
 .text.USBD_LL_ClearStallEP
                0x08004c28       0x1c Src\usbd_conf.o
                0x08004c28                USBD_LL_ClearStallEP
 .text.USBD_LL_IsStallEP
                0x08004c44       0x20 Src\usbd_conf.o
                0x08004c44                USBD_LL_IsStallEP
 .text.USBD_LL_SetUSBAddress
                0x08004c64       0x1c Src\usbd_conf.o
                0x08004c64                USBD_LL_SetUSBAddress
 .text.USBD_LL_Transmit
                0x08004c80       0x1c Src\usbd_conf.o
                0x08004c80                USBD_LL_Transmit
 .text.USBD_LL_PrepareReceive
                0x08004c9c       0x1c Src\usbd_conf.o
                0x08004c9c                USBD_LL_PrepareReceive
 .text.USBD_LL_GetRxDataSize
                0x08004cb8        0xc Src\usbd_conf.o
                0x08004cb8                USBD_LL_GetRxDataSize
 .text.USBD_static_malloc
                0x08004cc4        0x8 Src\usbd_conf.o
                0x08004cc4                USBD_static_malloc
 .text.USBD_static_free
                0x08004ccc        0x2 Src\usbd_conf.o
                0x08004ccc                USBD_static_free
 .text.HAL_PCDEx_SetConnectionState
                0x08004cce        0x2 Src\usbd_conf.o
                0x08004cce                HAL_PCDEx_SetConnectionState
 .text.USBD_FS_DeviceDescriptor
                0x08004cd0        0xc Src\usbd_desc.o
                0x08004cd0                USBD_FS_DeviceDescriptor
 .text.USBD_FS_LangIDStrDescriptor
                0x08004cdc        0xc Src\usbd_desc.o
                0x08004cdc                USBD_FS_LangIDStrDescriptor
 .text.USBD_FS_ManufacturerStrDescriptor
                0x08004ce8       0x1c Src\usbd_desc.o
                0x08004ce8                USBD_FS_ManufacturerStrDescriptor
 .text.USBD_FS_ProductStrDescriptor
                0x08004d04       0x1c Src\usbd_desc.o
                0x08004d04                USBD_FS_ProductStrDescriptor
 .text.USBD_FS_SerialStrDescriptor
                0x08004d20       0x1c Src\usbd_desc.o
                0x08004d20                USBD_FS_SerialStrDescriptor
 .text.USBD_FS_ConfigStrDescriptor
                0x08004d3c       0x1c Src\usbd_desc.o
                0x08004d3c                USBD_FS_ConfigStrDescriptor
 .text.USBD_FS_InterfaceStrDescriptor
                0x08004d58       0x1c Src\usbd_desc.o
                0x08004d58                USBD_FS_InterfaceStrDescriptor
 .text.split    0x08004d74       0x52 microrl_lib\microrl.o
 .text.u16bit_to_str
                0x08004dc6       0x4a microrl_lib\microrl.o
 .text.terminal_reset_cursor.isra.2
                0x08004e10       0x40 microrl_lib\microrl.o
 .text.terminal_move_cursor.isra.3
                0x08004e50       0x54 microrl_lib\microrl.o
 .text.terminal_print_line
                0x08004ea4       0x5c microrl_lib\microrl.o
 .text.hist_search
                0x08004f00      0x116 microrl_lib\microrl.o
 *fill*         0x08005016        0x2 
 .text.microrl_backspace
                0x08005018       0x50 microrl_lib\microrl.o
 .text.microrl_insert_text
                0x08005068       0x66 microrl_lib\microrl.o
 *fill*         0x080050ce        0x2 
 .text.microrl_init
                0x080050d0       0x58 microrl_lib\microrl.o
                0x080050d0                microrl_init
 .text.microrl_set_complete_callback
                0x08005128        0x6 microrl_lib\microrl.o
                0x08005128                microrl_set_complete_callback
 .text.microrl_set_execute_callback
                0x0800512e        0x6 microrl_lib\microrl.o
                0x0800512e                microrl_set_execute_callback
 .text.microrl_set_sigint_callback
                0x08005134        0x6 microrl_lib\microrl.o
                0x08005134                microrl_set_sigint_callback
 *fill*         0x0800513a        0x2 
 .text.new_line_handler
                0x0800513c       0xfc microrl_lib\microrl.o
                0x0800513c                new_line_handler
 .text.microrl_insert_char
                0x08005238      0x2e8 microrl_lib\microrl.o
                0x08005238                microrl_insert_char
 .text.__libc_init_array
                0x08005520       0x4c c:/program files/atollic/truestudio for arm 7.1.0/armtools/bin/../lib/gcc/arm-atollic-eabi/5.3.1/../../../../arm-atollic-eabi/lib/armv7-m\libc.a(lib_a-init.o)
                0x08005520                __libc_init_array
 .text.memcpy   0x0800556c       0x16 c:/program files/atollic/truestudio for arm 7.1.0/armtools/bin/../lib/gcc/arm-atollic-eabi/5.3.1/../../../../arm-atollic-eabi/lib/armv7-m\libc.a(lib_a-memcpy-stub.o)
                0x0800556c                memcpy
 .text.memmove  0x08005582       0x36 c:/program files/atollic/truestudio for arm 7.1.0/armtools/bin/../lib/gcc/arm-atollic-eabi/5.3.1/../../../../arm-atollic-eabi/lib/armv7-m\libc.a(lib_a-memmove.o)
                0x08005582                memmove
 .text.memset   0x080055b8       0x10 c:/program files/atollic/truestudio for arm 7.1.0/armtools/bin/../lib/gcc/arm-atollic-eabi/5.3.1/../../../../arm-atollic-eabi/lib/armv7-m\libc.a(lib_a-memset.o)
                0x080055b8                memset
 .text.printf   0x080055c8       0x30 c:/program files/atollic/truestudio for arm 7.1.0/armtools/bin/../lib/gcc/arm-atollic-eabi/5.3.1/../../../../arm-atollic-eabi/lib/armv7-m\libc.a(lib_a-printf.o)
                0x080055c8                printf
 .text._puts_r  0x080055f8       0x98 c:/program files/atollic/truestudio for arm 7.1.0/armtools/bin/../lib/gcc/arm-atollic-eabi/5.3.1/../../../../arm-atollic-eabi/lib/armv7-m\libc.a(lib_a-puts.o)
                0x080055f8                _puts_r
 .text.puts     0x08005690       0x10 c:/program files/atollic/truestudio for arm 7.1.0/armtools/bin/../lib/gcc/arm-atollic-eabi/5.3.1/../../../../arm-atollic-eabi/lib/armv7-m\libc.a(lib_a-puts.o)
                0x08005690                puts
 .text.strcasecmp
                0x080056a0       0x3c c:/program files/atollic/truestudio for arm 7.1.0/armtools/bin/../lib/gcc/arm-atollic-eabi/5.3.1/../../../../arm-atollic-eabi/lib/armv7-m\libc.a(lib_a-strcasecmp.o)
                0x080056a0                strcasecmp
 .text.strcpy   0x080056dc       0x10 c:/program files/atollic/truestudio for arm 7.1.0/armtools/bin/../lib/gcc/arm-atollic-eabi/5.3.1/../../../../arm-atollic-eabi/lib/armv7-m\libc.a(lib_a-strcpy.o)
                0x080056dc                strcpy
 .text.strstr   0x080056ec       0x34 c:/program files/atollic/truestudio for arm 7.1.0/armtools/bin/../lib/gcc/arm-atollic-eabi/5.3.1/../../../../arm-atollic-eabi/lib/armv7-m\libc.a(lib_a-strstr.o)
                0x080056ec                strstr
 .text._vfprintf_r
                0x08005720      0xfdc c:/program files/atollic/truestudio for arm 7.1.0/armtools/bin/../lib/gcc/arm-atollic-eabi/5.3.1/../../../../arm-atollic-eabi/lib/armv7-m\libc.a(lib_a-vfprintf.o)
                0x08005720                _vfprintf_r
 .text.__sbprintf
                0x080066fc       0x6a c:/program files/atollic/truestudio for arm 7.1.0/armtools/bin/../lib/gcc/arm-atollic-eabi/5.3.1/../../../../arm-atollic-eabi/lib/armv7-m\libc.a(lib_a-vfprintf.o)
 *fill*         0x08006766        0x2 
 .text.vprintf  0x08006768       0x2c c:/program files/atollic/truestudio for arm 7.1.0/armtools/bin/../lib/gcc/arm-atollic-eabi/5.3.1/../../../../arm-atollic-eabi/lib/armv7-m\libc.a(lib_a-vprintf.o)
                0x08006768                vprintf
 .text.__swsetup_r
                0x08006794       0xdc c:/program files/atollic/truestudio for arm 7.1.0/armtools/bin/../lib/gcc/arm-atollic-eabi/5.3.1/../../../../arm-atollic-eabi/lib/armv7-m\libc.a(lib_a-wsetup.o)
                0x08006794                __swsetup_r
 .text.quorem   0x08006870      0x116 c:/program files/atollic/truestudio for arm 7.1.0/armtools/bin/../lib/gcc/arm-atollic-eabi/5.3.1/../../../../arm-atollic-eabi/lib/armv7-m\libc.a(lib_a-dtoa.o)
 *fill*         0x08006986        0x2 
 .text._dtoa_r  0x08006988      0xb30 c:/program files/atollic/truestudio for arm 7.1.0/armtools/bin/../lib/gcc/arm-atollic-eabi/5.3.1/../../../../arm-atollic-eabi/lib/armv7-m\libc.a(lib_a-dtoa.o)
                0x08006988                _dtoa_r
 .text.__sflush_r
                0x080074b8      0x120 c:/program files/atollic/truestudio for arm 7.1.0/armtools/bin/../lib/gcc/arm-atollic-eabi/5.3.1/../../../../arm-atollic-eabi/lib/armv7-m\libc.a(lib_a-fflush.o)
                0x080074b8                __sflush_r
 .text._fflush_r
                0x080075d8       0x54 c:/program files/atollic/truestudio for arm 7.1.0/armtools/bin/../lib/gcc/arm-atollic-eabi/5.3.1/../../../../arm-atollic-eabi/lib/armv7-m\libc.a(lib_a-fflush.o)
                0x080075d8                _fflush_r
 .text._cleanup_r
                0x0800762c        0xc c:/program files/atollic/truestudio for arm 7.1.0/armtools/bin/../lib/gcc/arm-atollic-eabi/5.3.1/../../../../arm-atollic-eabi/lib/armv7-m\libc.a(lib_a-findfp.o)
                0x0800762c                _cleanup_r
 .text.std.isra.0
                0x08007638       0x48 c:/program files/atollic/truestudio for arm 7.1.0/armtools/bin/../lib/gcc/arm-atollic-eabi/5.3.1/../../../../arm-atollic-eabi/lib/armv7-m\libc.a(lib_a-findfp.o)
 .text.__sfmoreglue
                0x08007680       0x2c c:/program files/atollic/truestudio for arm 7.1.0/armtools/bin/../lib/gcc/arm-atollic-eabi/5.3.1/../../../../arm-atollic-eabi/lib/armv7-m\libc.a(lib_a-findfp.o)
                0x08007680                __sfmoreglue
 .text.__sinit  0x080076ac       0x68 c:/program files/atollic/truestudio for arm 7.1.0/armtools/bin/../lib/gcc/arm-atollic-eabi/5.3.1/../../../../arm-atollic-eabi/lib/armv7-m\libc.a(lib_a-findfp.o)
                0x080076ac                __sinit
 .text.__sfp    0x08007714       0x78 c:/program files/atollic/truestudio for arm 7.1.0/armtools/bin/../lib/gcc/arm-atollic-eabi/5.3.1/../../../../arm-atollic-eabi/lib/armv7-m\libc.a(lib_a-findfp.o)
                0x08007714                __sfp
 .text.__sfp_lock_acquire
                0x0800778c        0x2 c:/program files/atollic/truestudio for arm 7.1.0/armtools/bin/../lib/gcc/arm-atollic-eabi/5.3.1/../../../../arm-atollic-eabi/lib/armv7-m\libc.a(lib_a-findfp.o)
                0x0800778c                __sfp_lock_acquire
 .text.__sfp_lock_release
                0x0800778e        0x2 c:/program files/atollic/truestudio for arm 7.1.0/armtools/bin/../lib/gcc/arm-atollic-eabi/5.3.1/../../../../arm-atollic-eabi/lib/armv7-m\libc.a(lib_a-findfp.o)
                0x0800778e                __sfp_lock_release
 .text._malloc_trim_r
                0x08007790       0xac c:/program files/atollic/truestudio for arm 7.1.0/armtools/bin/../lib/gcc/arm-atollic-eabi/5.3.1/../../../../arm-atollic-eabi/lib/armv7-m\libc.a(lib_a-freer.o)
                0x08007790                _malloc_trim_r
 .text._free_r  0x0800783c      0x17c c:/program files/atollic/truestudio for arm 7.1.0/armtools/bin/../lib/gcc/arm-atollic-eabi/5.3.1/../../../../arm-atollic-eabi/lib/armv7-m\libc.a(lib_a-freer.o)
                0x0800783c                _free_r
 .text.__sfvwrite_r
                0x080079b8      0x294 c:/program files/atollic/truestudio for arm 7.1.0/armtools/bin/../lib/gcc/arm-atollic-eabi/5.3.1/../../../../arm-atollic-eabi/lib/armv7-m\libc.a(lib_a-fvwrite.o)
                0x080079b8                __sfvwrite_r
 .text._fwalk_reent
                0x08007c4c       0x3c c:/program files/atollic/truestudio for arm 7.1.0/armtools/bin/../lib/gcc/arm-atollic-eabi/5.3.1/../../../../arm-atollic-eabi/lib/armv7-m\libc.a(lib_a-fwalk.o)
                0x08007c4c                _fwalk_reent
 .text.__locale_charset
                0x08007c88        0x8 c:/program files/atollic/truestudio for arm 7.1.0/armtools/bin/../lib/gcc/arm-atollic-eabi/5.3.1/../../../../arm-atollic-eabi/lib/armv7-m\libc.a(lib_a-locale.o)
                0x08007c88                __locale_charset
 .text.__locale_mb_cur_max
                0x08007c90        0xc c:/program files/atollic/truestudio for arm 7.1.0/armtools/bin/../lib/gcc/arm-atollic-eabi/5.3.1/../../../../arm-atollic-eabi/lib/armv7-m\libc.a(lib_a-locale.o)
                0x08007c90                __locale_mb_cur_max
 .text._localeconv_r
                0x08007c9c        0x8 c:/program files/atollic/truestudio for arm 7.1.0/armtools/bin/../lib/gcc/arm-atollic-eabi/5.3.1/../../../../arm-atollic-eabi/lib/armv7-m\libc.a(lib_a-locale.o)
                0x08007c9c                _localeconv_r
 .text.__swhatbuf_r
                0x08007ca4       0x58 c:/program files/atollic/truestudio for arm 7.1.0/armtools/bin/../lib/gcc/arm-atollic-eabi/5.3.1/../../../../arm-atollic-eabi/lib/armv7-m\libc.a(lib_a-makebuf.o)
                0x08007ca4                __swhatbuf_r
 .text.__smakebuf_r
                0x08007cfc       0x78 c:/program files/atollic/truestudio for arm 7.1.0/armtools/bin/../lib/gcc/arm-atollic-eabi/5.3.1/../../../../arm-atollic-eabi/lib/armv7-m\libc.a(lib_a-makebuf.o)
                0x08007cfc                __smakebuf_r
 .text.malloc   0x08007d74       0x10 c:/program files/atollic/truestudio for arm 7.1.0/armtools/bin/../lib/gcc/arm-atollic-eabi/5.3.1/../../../../arm-atollic-eabi/lib/armv7-m\libc.a(lib_a-malloc.o)
                0x08007d74                malloc
 .text._malloc_r
                0x08007d84      0x438 c:/program files/atollic/truestudio for arm 7.1.0/armtools/bin/../lib/gcc/arm-atollic-eabi/5.3.1/../../../../arm-atollic-eabi/lib/armv7-m\libc.a(lib_a-mallocr.o)
                0x08007d84                _malloc_r
 .text.memchr   0x080081bc       0x1c c:/program files/atollic/truestudio for arm 7.1.0/armtools/bin/../lib/gcc/arm-atollic-eabi/5.3.1/../../../../arm-atollic-eabi/lib/armv7-m\libc.a(lib_a-memchr-stub.o)
                0x080081bc                memchr
 .text.__malloc_lock
                0x080081d8        0x2 c:/program files/atollic/truestudio for arm 7.1.0/armtools/bin/../lib/gcc/arm-atollic-eabi/5.3.1/../../../../arm-atollic-eabi/lib/armv7-m\libc.a(lib_a-mlock.o)
                0x080081d8                __malloc_lock
 .text.__malloc_unlock
                0x080081da        0x2 c:/program files/atollic/truestudio for arm 7.1.0/armtools/bin/../lib/gcc/arm-atollic-eabi/5.3.1/../../../../arm-atollic-eabi/lib/armv7-m\libc.a(lib_a-mlock.o)
                0x080081da                __malloc_unlock
 .text._Balloc  0x080081dc       0x6a c:/program files/atollic/truestudio for arm 7.1.0/armtools/bin/../lib/gcc/arm-atollic-eabi/5.3.1/../../../../arm-atollic-eabi/lib/armv7-m\libc.a(lib_a-mprec.o)
                0x080081dc                _Balloc
 .text._Bfree   0x08008246       0x2e c:/program files/atollic/truestudio for arm 7.1.0/armtools/bin/../lib/gcc/arm-atollic-eabi/5.3.1/../../../../arm-atollic-eabi/lib/armv7-m\libc.a(lib_a-mprec.o)
                0x08008246                _Bfree
 .text.__multadd
                0x08008274       0x76 c:/program files/atollic/truestudio for arm 7.1.0/armtools/bin/../lib/gcc/arm-atollic-eabi/5.3.1/../../../../arm-atollic-eabi/lib/armv7-m\libc.a(lib_a-mprec.o)
                0x08008274                __multadd
 .text.__hi0bits
                0x080082ea       0x40 c:/program files/atollic/truestudio for arm 7.1.0/armtools/bin/../lib/gcc/arm-atollic-eabi/5.3.1/../../../../arm-atollic-eabi/lib/armv7-m\libc.a(lib_a-mprec.o)
                0x080082ea                __hi0bits
 .text.__lo0bits
                0x0800832a       0x5a c:/program files/atollic/truestudio for arm 7.1.0/armtools/bin/../lib/gcc/arm-atollic-eabi/5.3.1/../../../../arm-atollic-eabi/lib/armv7-m\libc.a(lib_a-mprec.o)
                0x0800832a                __lo0bits
 .text.__i2b    0x08008384       0x12 c:/program files/atollic/truestudio for arm 7.1.0/armtools/bin/../lib/gcc/arm-atollic-eabi/5.3.1/../../../../arm-atollic-eabi/lib/armv7-m\libc.a(lib_a-mprec.o)
                0x08008384                __i2b
 .text.__multiply
                0x08008396      0x120 c:/program files/atollic/truestudio for arm 7.1.0/armtools/bin/../lib/gcc/arm-atollic-eabi/5.3.1/../../../../arm-atollic-eabi/lib/armv7-m\libc.a(lib_a-mprec.o)
                0x08008396                __multiply
 *fill*         0x080084b6        0x2 
 .text.__pow5mult
                0x080084b8       0x9c c:/program files/atollic/truestudio for arm 7.1.0/armtools/bin/../lib/gcc/arm-atollic-eabi/5.3.1/../../../../arm-atollic-eabi/lib/armv7-m\libc.a(lib_a-mprec.o)
                0x080084b8                __pow5mult
 .text.__lshift
                0x08008554       0xa2 c:/program files/atollic/truestudio for arm 7.1.0/armtools/bin/../lib/gcc/arm-atollic-eabi/5.3.1/../../../../arm-atollic-eabi/lib/armv7-m\libc.a(lib_a-mprec.o)
                0x08008554                __lshift
 .text.__mcmp   0x080085f6       0x38 c:/program files/atollic/truestudio for arm 7.1.0/armtools/bin/../lib/gcc/arm-atollic-eabi/5.3.1/../../../../arm-atollic-eabi/lib/armv7-m\libc.a(lib_a-mprec.o)
                0x080085f6                __mcmp
 .text.__mdiff  0x0800862e       0xbe c:/program files/atollic/truestudio for arm 7.1.0/armtools/bin/../lib/gcc/arm-atollic-eabi/5.3.1/../../../../arm-atollic-eabi/lib/armv7-m\libc.a(lib_a-mprec.o)
                0x0800862e                __mdiff
 .text.__d2b    0x080086ec       0x9c c:/program files/atollic/truestudio for arm 7.1.0/armtools/bin/../lib/gcc/arm-atollic-eabi/5.3.1/../../../../arm-atollic-eabi/lib/armv7-m\libc.a(lib_a-mprec.o)
                0x080086ec                __d2b
 .text._realloc_r
                0x08008788      0x358 c:/program files/atollic/truestudio for arm 7.1.0/armtools/bin/../lib/gcc/arm-atollic-eabi/5.3.1/../../../../arm-atollic-eabi/lib/armv7-m\libc.a(lib_a-reallocr.o)
                0x08008788                _realloc_r
 .text._sbrk_r  0x08008ae0       0x20 c:/program files/atollic/truestudio for arm 7.1.0/armtools/bin/../lib/gcc/arm-atollic-eabi/5.3.1/../../../../arm-atollic-eabi/lib/armv7-m\libc.a(lib_a-sbrkr.o)
                0x08008ae0                _sbrk_r
 .text.__sread  0x08008b00       0x22 c:/program files/atollic/truestudio for arm 7.1.0/armtools/bin/../lib/gcc/arm-atollic-eabi/5.3.1/../../../../arm-atollic-eabi/lib/armv7-m\libc.a(lib_a-stdio.o)
                0x08008b00                __sread
 .text.__swrite
                0x08008b22       0x38 c:/program files/atollic/truestudio for arm 7.1.0/armtools/bin/../lib/gcc/arm-atollic-eabi/5.3.1/../../../../arm-atollic-eabi/lib/armv7-m\libc.a(lib_a-stdio.o)
                0x08008b22                __swrite
 .text.__sseek  0x08008b5a       0x24 c:/program files/atollic/truestudio for arm 7.1.0/armtools/bin/../lib/gcc/arm-atollic-eabi/5.3.1/../../../../arm-atollic-eabi/lib/armv7-m\libc.a(lib_a-stdio.o)
                0x08008b5a                __sseek
 .text.__sclose
                0x08008b7e        0x8 c:/program files/atollic/truestudio for arm 7.1.0/armtools/bin/../lib/gcc/arm-atollic-eabi/5.3.1/../../../../arm-atollic-eabi/lib/armv7-m\libc.a(lib_a-stdio.o)
                0x08008b7e                __sclose
 .text.__sprint_r
                0x08008b86       0x64 c:/program files/atollic/truestudio for arm 7.1.0/armtools/bin/../lib/gcc/arm-atollic-eabi/5.3.1/../../../../arm-atollic-eabi/lib/armv7-m\libc.a(lib_a-vfiprintf.o)
                0x08008b86                __sprint_r
 *fill*         0x08008bea        0x2 
 .text._write_r
                0x08008bec       0x24 c:/program files/atollic/truestudio for arm 7.1.0/armtools/bin/../lib/gcc/arm-atollic-eabi/5.3.1/../../../../arm-atollic-eabi/lib/armv7-m\libc.a(lib_a-writer.o)
                0x08008bec                _write_r
 .text._calloc_r
                0x08008c10       0x5a c:/program files/atollic/truestudio for arm 7.1.0/armtools/bin/../lib/gcc/arm-atollic-eabi/5.3.1/../../../../arm-atollic-eabi/lib/armv7-m\libc.a(lib_a-callocr.o)
                0x08008c10                _calloc_r
 *fill*         0x08008c6a        0x2 
 .text._close_r
                0x08008c6c       0x20 c:/program files/atollic/truestudio for arm 7.1.0/armtools/bin/../lib/gcc/arm-atollic-eabi/5.3.1/../../../../arm-atollic-eabi/lib/armv7-m\libc.a(lib_a-closer.o)
                0x08008c6c                _close_r
 .text._fclose_r
                0x08008c8c       0xa4 c:/program files/atollic/truestudio for arm 7.1.0/armtools/bin/../lib/gcc/arm-atollic-eabi/5.3.1/../../../../arm-atollic-eabi/lib/armv7-m\libc.a(lib_a-fclose.o)
                0x08008c8c                _fclose_r
 .text.__fputwc
                0x08008d30       0x7e c:/program files/atollic/truestudio for arm 7.1.0/armtools/bin/../lib/gcc/arm-atollic-eabi/5.3.1/../../../../arm-atollic-eabi/lib/armv7-m\libc.a(lib_a-fputwc.o)
                0x08008d30                __fputwc
 .text._fputwc_r
                0x08008dae       0x1e c:/program files/atollic/truestudio for arm 7.1.0/armtools/bin/../lib/gcc/arm-atollic-eabi/5.3.1/../../../../arm-atollic-eabi/lib/armv7-m\libc.a(lib_a-fputwc.o)
                0x08008dae                _fputwc_r
 .text._fstat_r
                0x08008dcc       0x24 c:/program files/atollic/truestudio for arm 7.1.0/armtools/bin/../lib/gcc/arm-atollic-eabi/5.3.1/../../../../arm-atollic-eabi/lib/armv7-m\libc.a(lib_a-fstatr.o)
                0x08008dcc                _fstat_r
 .text._isatty_r
                0x08008df0       0x20 c:/program files/atollic/truestudio for arm 7.1.0/armtools/bin/../lib/gcc/arm-atollic-eabi/5.3.1/../../../../arm-atollic-eabi/lib/armv7-m\libc.a(lib_a-isattyr.o)
                0x08008df0                _isatty_r
 .text._lseek_r
                0x08008e10       0x24 c:/program files/atollic/truestudio for arm 7.1.0/armtools/bin/../lib/gcc/arm-atollic-eabi/5.3.1/../../../../arm-atollic-eabi/lib/armv7-m\libc.a(lib_a-lseekr.o)
                0x08008e10                _lseek_r
 .text._read_r  0x08008e34       0x24 c:/program files/atollic/truestudio for arm 7.1.0/armtools/bin/../lib/gcc/arm-atollic-eabi/5.3.1/../../../../arm-atollic-eabi/lib/armv7-m\libc.a(lib_a-readr.o)
                0x08008e34                _read_r
 .text.__swbuf_r
                0x08008e58       0xbc c:/program files/atollic/truestudio for arm 7.1.0/armtools/bin/../lib/gcc/arm-atollic-eabi/5.3.1/../../../../arm-atollic-eabi/lib/armv7-m\libc.a(lib_a-wbuf.o)
                0x08008e58                __swbuf_r
 .text._wcrtomb_r
                0x08008f14       0x48 c:/program files/atollic/truestudio for arm 7.1.0/armtools/bin/../lib/gcc/arm-atollic-eabi/5.3.1/../../../../arm-atollic-eabi/lib/armv7-m\libc.a(lib_a-wcrtomb.o)
                0x08008f14                _wcrtomb_r
 .text.__ascii_wctomb
                0x08008f5c       0x1a c:/program files/atollic/truestudio for arm 7.1.0/armtools/bin/../lib/gcc/arm-atollic-eabi/5.3.1/../../../../arm-atollic-eabi/lib/armv7-m\libc.a(lib_a-wctomb_r.o)
                0x08008f5c                __ascii_wctomb
 *(.glue_7)
 .glue_7        0x08008f76        0x0 linker stubs
 *(.glue_7t)
 .glue_7t       0x08008f76        0x0 linker stubs
 *(.eh_frame)
 *fill*         0x08008f76        0x2 
 .eh_frame      0x08008f78        0x0 c:/program files/atollic/truestudio for arm 7.1.0/armtools/bin/../lib/gcc/arm-atollic-eabi/5.3.1/armv7-m/crtbegin.o
 *(.init)
 .init          0x08008f78        0x4 c:/program files/atollic/truestudio for arm 7.1.0/armtools/bin/../lib/gcc/arm-atollic-eabi/5.3.1/armv7-m/crti.o
                0x08008f78                _init
 .init          0x08008f7c        0x8 c:/program files/atollic/truestudio for arm 7.1.0/armtools/bin/../lib/gcc/arm-atollic-eabi/5.3.1/armv7-m/crtn.o
 *(.fini)
 .fini          0x08008f84        0x4 c:/program files/atollic/truestudio for arm 7.1.0/armtools/bin/../lib/gcc/arm-atollic-eabi/5.3.1/armv7-m/crti.o
                0x08008f84                _fini
 .fini          0x08008f88        0x8 c:/program files/atollic/truestudio for arm 7.1.0/armtools/bin/../lib/gcc/arm-atollic-eabi/5.3.1/armv7-m/crtn.o
                0x08008f90                . = ALIGN (0x4)
                0x08008f90                _etext = .

.vfp11_veneer   0x08008f90        0x0
 .vfp11_veneer  0x08008f90        0x0 linker stubs

.v4_bx          0x08008f90        0x0
 .v4_bx         0x08008f90        0x0 linker stubs

.iplt           0x08008f90        0x0
 .iplt          0x08008f90        0x0 c:/program files/atollic/truestudio for arm 7.1.0/armtools/bin/../lib/gcc/arm-atollic-eabi/5.3.1/armv7-m/crtbegin.o

.rodata         0x08008f90      0x474
                0x08008f90                . = ALIGN (0x4)
 *(.rodata)
 .rodata        0x08008f90       0x12 Drivers\STM32F1xx_HAL_Driver\Src\stm32f1xx_hal_rcc.o
 *(.rodata*)
 .rodata.str1.1
                0x08008fa2        0x5 Middlewares\Third_Party\FreeRTOS\Source\tasks.o
 .rodata.str1.1
                0x08008fa7       0x65 Src\console.o
                                 0x67 (size before relaxing)
 .rodata.cmd_keyworld
                0x0800900c       0x18 Src\console.o
 .rodata.str1.1
                0x08009024       0x69 Src\console_cmd.o
 .rodata.str1.1
                0x0800908d        0xc Src\main.o
 .rodata.AHBPrescTable
                0x08009099       0x10 Src\system_stm32f1xx.o
                0x08009099                AHBPrescTable
 .rodata.CSWTCH.39
                0x080090a9        0x4 Src\usbd_conf.o
 .rodata.str1.1
                0x080090ad       0x4f Src\usbd_desc.o
 .rodata.str1.1
                0x080090fc       0x39 microrl_lib\microrl.o
                                 0x43 (size before relaxing)
 .rodata.str1.1
                0x08009135       0x39 c:/program files/atollic/truestudio for arm 7.1.0/armtools/bin/../lib/gcc/arm-atollic-eabi/5.3.1/../../../../arm-atollic-eabi/lib/armv7-m\libc.a(lib_a-puts.o)
                                  0x2 (size before relaxing)
 .rodata.blanks.7057
                0x08009135       0x10 c:/program files/atollic/truestudio for arm 7.1.0/armtools/bin/../lib/gcc/arm-atollic-eabi/5.3.1/../../../../arm-atollic-eabi/lib/armv7-m\libc.a(lib_a-vfprintf.o)
 .rodata.str1.1
                0x08009145       0x34 c:/program files/atollic/truestudio for arm 7.1.0/armtools/bin/../lib/gcc/arm-atollic-eabi/5.3.1/../../../../arm-atollic-eabi/lib/armv7-m\libc.a(lib_a-vfprintf.o)
 .rodata.zeroes.7058
                0x08009179       0x10 c:/program files/atollic/truestudio for arm 7.1.0/armtools/bin/../lib/gcc/arm-atollic-eabi/5.3.1/../../../../arm-atollic-eabi/lib/armv7-m\libc.a(lib_a-vfprintf.o)
 .rodata._ctype_
                0x08009189      0x101 c:/program files/atollic/truestudio for arm 7.1.0/armtools/bin/../lib/gcc/arm-atollic-eabi/5.3.1/../../../../arm-atollic-eabi/lib/armv7-m\libc.a(lib_a-ctype_.o)
                0x08009189                _ctype_
 .rodata.str1.1
                0x0800928a        0xd c:/program files/atollic/truestudio for arm 7.1.0/armtools/bin/../lib/gcc/arm-atollic-eabi/5.3.1/../../../../arm-atollic-eabi/lib/armv7-m\libc.a(lib_a-dtoa.o)
                                  0xf (size before relaxing)
 *fill*         0x08009297        0x1 
 .rodata.__sf_fake_stdin
                0x08009298       0x20 c:/program files/atollic/truestudio for arm 7.1.0/armtools/bin/../lib/gcc/arm-atollic-eabi/5.3.1/../../../../arm-atollic-eabi/lib/armv7-m\libc.a(lib_a-findfp.o)
                0x08009298                __sf_fake_stdin
 .rodata.__sf_fake_stdout
                0x080092b8       0x20 c:/program files/atollic/truestudio for arm 7.1.0/armtools/bin/../lib/gcc/arm-atollic-eabi/5.3.1/../../../../arm-atollic-eabi/lib/armv7-m\libc.a(lib_a-findfp.o)
                0x080092b8                __sf_fake_stdout
 .rodata.__sf_fake_stderr
                0x080092d8       0x20 c:/program files/atollic/truestudio for arm 7.1.0/armtools/bin/../lib/gcc/arm-atollic-eabi/5.3.1/../../../../arm-atollic-eabi/lib/armv7-m\libc.a(lib_a-findfp.o)
                0x080092d8                __sf_fake_stderr
 .rodata.str1.1
                0x080092f8        0x2 c:/program files/atollic/truestudio for arm 7.1.0/armtools/bin/../lib/gcc/arm-atollic-eabi/5.3.1/../../../../arm-atollic-eabi/lib/armv7-m\libc.a(lib_a-impure.o)
 .rodata._global_impure_ptr
                0x080092f8        0x4 c:/program files/atollic/truestudio for arm 7.1.0/armtools/bin/../lib/gcc/arm-atollic-eabi/5.3.1/../../../../arm-atollic-eabi/lib/armv7-m\libc.a(lib_a-impure.o)
                0x080092f8                _global_impure_ptr
 .rodata.str1.1
                0x080092fc        0x8 c:/program files/atollic/truestudio for arm 7.1.0/armtools/bin/../lib/gcc/arm-atollic-eabi/5.3.1/../../../../arm-atollic-eabi/lib/armv7-m\libc.a(lib_a-locale.o)
                                  0xb (size before relaxing)
 *fill*         0x08009304        0x4 
 .rodata.__mprec_tens
                0x08009308       0xc8 c:/program files/atollic/truestudio for arm 7.1.0/armtools/bin/../lib/gcc/arm-atollic-eabi/5.3.1/../../../../arm-atollic-eabi/lib/armv7-m\libc.a(lib_a-mprec.o)
                0x08009308                __mprec_tens
 .rodata.__mprec_bigtens
                0x080093d0       0x28 c:/program files/atollic/truestudio for arm 7.1.0/armtools/bin/../lib/gcc/arm-atollic-eabi/5.3.1/../../../../arm-atollic-eabi/lib/armv7-m\libc.a(lib_a-mprec.o)
                0x080093d0                __mprec_bigtens
 .rodata.p05.5386
                0x080093f8        0xc c:/program files/atollic/truestudio for arm 7.1.0/armtools/bin/../lib/gcc/arm-atollic-eabi/5.3.1/../../../../arm-atollic-eabi/lib/armv7-m\libc.a(lib_a-mprec.o)
                0x08009404                . = ALIGN (0x4)

.ARM.extab
 *(.ARM.extab* .gnu.linkonce.armextab.*)

.ARM            0x08009404        0x8
                0x08009404                __exidx_start = .
 *(.ARM.exidx*)
 .ARM.exidx     0x08009404        0x8 c:/program files/atollic/truestudio for arm 7.1.0/armtools/bin/../lib/gcc/arm-atollic-eabi/5.3.1/armv7-m\libgcc.a(_udivmoddi4.o)
                0x0800940c                __exidx_end = .

.rel.dyn        0x0800940c        0x0
 .rel.iplt      0x0800940c        0x0 c:/program files/atollic/truestudio for arm 7.1.0/armtools/bin/../lib/gcc/arm-atollic-eabi/5.3.1/armv7-m/crtbegin.o

.preinit_array  0x0800940c        0x0
                0x0800940c                PROVIDE (__preinit_array_start, .)
 *(.preinit_array*)
                0x0800940c                PROVIDE (__preinit_array_end, .)

.init_array     0x0800940c        0x4
                0x0800940c                PROVIDE (__init_array_start, .)
 *(SORT(.init_array.*))
 *(.init_array*)
 .init_array    0x0800940c        0x4 c:/program files/atollic/truestudio for arm 7.1.0/armtools/bin/../lib/gcc/arm-atollic-eabi/5.3.1/armv7-m/crtbegin.o
                0x08009410                PROVIDE (__init_array_end, .)

.fini_array     0x08009410        0x4
                [!provide]                PROVIDE (__fini_array_start, .)
 *(SORT(.fini_array.*))
 *(.fini_array*)
 .fini_array    0x08009410        0x4 c:/program files/atollic/truestudio for arm 7.1.0/armtools/bin/../lib/gcc/arm-atollic-eabi/5.3.1/armv7-m/crtbegin.o
                [!provide]                PROVIDE (__fini_array_end, .)
                0x08009414                _sidata = LOADADDR (.data)

.data           0x20000000      0x6cc load address 0x08009414
                0x20000000                . = ALIGN (0x4)
                0x20000000                _sdata = .
 *(.data)
 *(.data*)
 .data.USBD_CDC_CfgFSDesc
                0x20000000       0x43 Middlewares\ST\STM32_USB_Device_Library\Class\CDC\Src\usbd_cdc.o
                0x20000000                USBD_CDC_CfgFSDesc
 *fill*         0x20000043        0x1 
 .data.USBD_CDC
                0x20000044       0x38 Middlewares\ST\STM32_USB_Device_Library\Class\CDC\Src\usbd_cdc.o
                0x20000044                USBD_CDC
 .data.USBD_CDC_DeviceQualifierDesc
                0x2000007c        0xa Middlewares\ST\STM32_USB_Device_Library\Class\CDC\Src\usbd_cdc.o
 *fill*         0x20000086        0x2 
 .data.USBD_CDC_OtherSpeedCfgDesc
                0x20000088       0x43 Middlewares\ST\STM32_USB_Device_Library\Class\CDC\Src\usbd_cdc.o
                0x20000088                USBD_CDC_OtherSpeedCfgDesc
 *fill*         0x200000cb        0x1 
 .data.USBD_CDC_CfgHSDesc
                0x200000cc       0x43 Middlewares\ST\STM32_USB_Device_Library\Class\CDC\Src\usbd_cdc.o
                0x200000cc                USBD_CDC_CfgHSDesc
 *fill*         0x2000010f        0x1 
 .data.uxCriticalNesting
                0x20000110        0x4 Middlewares\Third_Party\FreeRTOS\Source\portable\GCC\ARM_CM3\port.o
 .data.prl      0x20000114        0x4 Src\console.o
                0x20000114                prl
 .data.SystemCoreClock
                0x20000118        0x4 Src\system_stm32f1xx.o
                0x20000118                SystemCoreClock
 .data.USBD_Interface_fops_FS
                0x2000011c       0x10 Src\usbd_cdc_if.o
                0x2000011c                USBD_Interface_fops_FS
 .data.FS_Desc  0x2000012c       0x1c Src\usbd_desc.o
                0x2000012c                FS_Desc
 .data.USBD_LangIDDesc
                0x20000148        0x4 Src\usbd_desc.o
                0x20000148                USBD_LangIDDesc
 .data.USBD_FS_DeviceDesc
                0x2000014c       0x12 Src\usbd_desc.o
                0x2000014c                USBD_FS_DeviceDesc
 *fill*         0x2000015e        0x2 
 .data.prompt_default
                0x20000160        0x4 microrl_lib\microrl.o
                0x20000160                prompt_default
 .data.__ctype_ptr__
                0x20000164        0x4 c:/program files/atollic/truestudio for arm 7.1.0/armtools/bin/../lib/gcc/arm-atollic-eabi/5.3.1/../../../../arm-atollic-eabi/lib/armv7-m\libc.a(lib_a-ctype_.o)
                0x20000164                __ctype_ptr__
 .data.impure_data
                0x20000168       0xf0 c:/program files/atollic/truestudio for arm 7.1.0/armtools/bin/../lib/gcc/arm-atollic-eabi/5.3.1/../../../../arm-atollic-eabi/lib/armv7-m\libc.a(lib_a-impure.o)
 .data._impure_ptr
                0x20000258        0x4 c:/program files/atollic/truestudio for arm 7.1.0/armtools/bin/../lib/gcc/arm-atollic-eabi/5.3.1/../../../../arm-atollic-eabi/lib/armv7-m\libc.a(lib_a-impure.o)
                0x20000258                _impure_ptr
 .data.lconv    0x2000025c       0x38 c:/program files/atollic/truestudio for arm 7.1.0/armtools/bin/../lib/gcc/arm-atollic-eabi/5.3.1/../../../../arm-atollic-eabi/lib/armv7-m\libc.a(lib_a-locale.o)
 .data.lc_ctype_charset
                0x20000294       0x20 c:/program files/atollic/truestudio for arm 7.1.0/armtools/bin/../lib/gcc/arm-atollic-eabi/5.3.1/../../../../arm-atollic-eabi/lib/armv7-m\libc.a(lib_a-locale.o)
 .data.__mb_cur_max
                0x200002b4        0x4 c:/program files/atollic/truestudio for arm 7.1.0/armtools/bin/../lib/gcc/arm-atollic-eabi/5.3.1/../../../../arm-atollic-eabi/lib/armv7-m\libc.a(lib_a-locale.o)
                0x200002b4                __mb_cur_max
 .data.__malloc_av_
                0x200002b8      0x408 c:/program files/atollic/truestudio for arm 7.1.0/armtools/bin/../lib/gcc/arm-atollic-eabi/5.3.1/../../../../arm-atollic-eabi/lib/armv7-m\libc.a(lib_a-mallocr.o)
                0x200002b8                __malloc_av_
 .data.__malloc_trim_threshold
                0x200006c0        0x4 c:/program files/atollic/truestudio for arm 7.1.0/armtools/bin/../lib/gcc/arm-atollic-eabi/5.3.1/../../../../arm-atollic-eabi/lib/armv7-m\libc.a(lib_a-mallocr.o)
                0x200006c0                __malloc_trim_threshold
 .data.__malloc_sbrk_base
                0x200006c4        0x4 c:/program files/atollic/truestudio for arm 7.1.0/armtools/bin/../lib/gcc/arm-atollic-eabi/5.3.1/../../../../arm-atollic-eabi/lib/armv7-m\libc.a(lib_a-mallocr.o)
                0x200006c4                __malloc_sbrk_base
 .data.__wctomb
                0x200006c8        0x4 c:/program files/atollic/truestudio for arm 7.1.0/armtools/bin/../lib/gcc/arm-atollic-eabi/5.3.1/../../../../arm-atollic-eabi/lib/armv7-m\libc.a(lib_a-wctomb_r.o)
                0x200006c8                __wctomb
                0x200006cc                . = ALIGN (0x4)
                0x200006cc                _edata = .

.igot.plt       0x200006cc        0x0 load address 0x08009ae0
 .igot.plt      0x200006cc        0x0 c:/program files/atollic/truestudio for arm 7.1.0/armtools/bin/../lib/gcc/arm-atollic-eabi/5.3.1/armv7-m/crtbegin.o
                0x200006cc                . = ALIGN (0x4)

.bss            0x200006cc     0x3598 load address 0x08009ae0
                0x200006cc                _sbss = .
                0x200006cc                __bss_start__ = _sbss
 *(.bss)
 .bss           0x200006cc       0x1c c:/program files/atollic/truestudio for arm 7.1.0/armtools/bin/../lib/gcc/arm-atollic-eabi/5.3.1/armv7-m/crtbegin.o
 *(.bss*)
 .bss.uwTick    0x200006e8        0x4 Drivers\STM32F1xx_HAL_Driver\Src\stm32f1xx_hal.o
 .bss.ifalt.7564
                0x200006ec        0x1 Middlewares\ST\STM32_USB_Device_Library\Class\CDC\Src\usbd_cdc.o
 .bss.cfgidx.7569
                0x200006ed        0x1 Middlewares\ST\STM32_USB_Device_Library\Core\Src\usbd_ctlreq.o
 *fill*         0x200006ee        0x2 
 .bss.ulTimerCountsForOneTick
                0x200006f0        0x4 Middlewares\Third_Party\FreeRTOS\Source\portable\GCC\ARM_CM3\port.o
 .bss.ulStoppedTimerCompensation
                0x200006f4        0x4 Middlewares\Third_Party\FreeRTOS\Source\portable\GCC\ARM_CM3\port.o
 .bss.ucMaxSysCallPriority
                0x200006f8        0x1 Middlewares\Third_Party\FreeRTOS\Source\portable\GCC\ARM_CM3\port.o
 *fill*         0x200006f9        0x3 
 .bss.ulMaxPRIGROUPValue
                0x200006fc        0x4 Middlewares\Third_Party\FreeRTOS\Source\portable\GCC\ARM_CM3\port.o
 .bss.xMaximumPossibleSuppressedTicks
                0x20000700        0x4 Middlewares\Third_Party\FreeRTOS\Source\portable\GCC\ARM_CM3\port.o
 .bss.xFreeBytesRemaining
                0x20000704        0x4 Middlewares\Third_Party\FreeRTOS\Source\portable\MemMang\heap_4.o
 .bss.pxEnd     0x20000708        0x4 Middlewares\Third_Party\FreeRTOS\Source\portable\MemMang\heap_4.o
 .bss.xStart    0x2000070c        0x8 Middlewares\Third_Party\FreeRTOS\Source\portable\MemMang\heap_4.o
 .bss.ucHeap    0x20000714     0x2800 Middlewares\Third_Party\FreeRTOS\Source\portable\MemMang\heap_4.o
 .bss.xBlockAllocatedBit
                0x20002f14        0x4 Middlewares\Third_Party\FreeRTOS\Source\portable\MemMang\heap_4.o
 .bss.xMinimumEverFreeBytesRemaining
                0x20002f18        0x4 Middlewares\Third_Party\FreeRTOS\Source\portable\MemMang\heap_4.o
 .bss.ulTaskSwitchedInTime
                0x20002f1c        0x4 Middlewares\Third_Party\FreeRTOS\Source\tasks.o
 .bss.xNumOfOverflows
                0x20002f20        0x4 Middlewares\Third_Party\FreeRTOS\Source\tasks.o
 .bss.pxDelayedTaskList
                0x20002f24        0x4 Middlewares\Third_Party\FreeRTOS\Source\tasks.o
 .bss.xSchedulerRunning
                0x20002f28        0x4 Middlewares\Third_Party\FreeRTOS\Source\tasks.o
 .bss.uxTasksDeleted
                0x20002f2c        0x4 Middlewares\Third_Party\FreeRTOS\Source\tasks.o
 .bss.xDelayedTaskList1
                0x20002f30       0x14 Middlewares\Third_Party\FreeRTOS\Source\tasks.o
 .bss.uxPendedTicks
                0x20002f44        0x4 Middlewares\Third_Party\FreeRTOS\Source\tasks.o
 .bss.pxReadyTasksLists
                0x20002f48       0x8c Middlewares\Third_Party\FreeRTOS\Source\tasks.o
 .bss.xTasksWaitingTermination
                0x20002fd4       0x14 Middlewares\Third_Party\FreeRTOS\Source\tasks.o
 .bss.pxCurrentTCB
                0x20002fe8        0x4 Middlewares\Third_Party\FreeRTOS\Source\tasks.o
                0x20002fe8                pxCurrentTCB
 .bss.xNextTaskUnblockTime
                0x20002fec        0x4 Middlewares\Third_Party\FreeRTOS\Source\tasks.o
 .bss.uxSchedulerSuspended
                0x20002ff0        0x4 Middlewares\Third_Party\FreeRTOS\Source\tasks.o
 .bss.xTickCount
                0x20002ff4        0x4 Middlewares\Third_Party\FreeRTOS\Source\tasks.o
 .bss.pxOverflowDelayedTaskList
                0x20002ff8        0x4 Middlewares\Third_Party\FreeRTOS\Source\tasks.o
 .bss.xPendingReadyList
                0x20002ffc       0x14 Middlewares\Third_Party\FreeRTOS\Source\tasks.o
 .bss.uxTaskNumber
                0x20003010        0x4 Middlewares\Third_Party\FreeRTOS\Source\tasks.o
 .bss.uxCurrentNumberOfTasks
                0x20003014        0x4 Middlewares\Third_Party\FreeRTOS\Source\tasks.o
 .bss.xDelayedTaskList2
                0x20003018       0x14 Middlewares\Third_Party\FreeRTOS\Source\tasks.o
 .bss.xSuspendedTaskList
                0x2000302c       0x14 Middlewares\Third_Party\FreeRTOS\Source\tasks.o
 .bss.uxTopReadyPriority
                0x20003040        0x4 Middlewares\Third_Party\FreeRTOS\Source\tasks.o
 .bss.xYieldPending
                0x20003044        0x4 Middlewares\Third_Party\FreeRTOS\Source\tasks.o
 .bss.xQueueCmdBuffer
                0x20003048        0x4 Src\console.o
 .bss.heap.7666
                0x2000304c        0x4 Src\syscalls.o
 .bss.receive_total
                0x20003050        0x4 Src\usbd_cdc_if.o
                0x20003050                receive_total
 .bss.mem.7722  0x20003054      0x220 Src\usbd_conf.o
 .bss.__malloc_max_total_mem
                0x20003274        0x4 c:/program files/atollic/truestudio for arm 7.1.0/armtools/bin/../lib/gcc/arm-atollic-eabi/5.3.1/../../../../arm-atollic-eabi/lib/armv7-m\libc.a(lib_a-mallocr.o)
                0x20003274                __malloc_max_total_mem
 .bss.__malloc_max_sbrked_mem
                0x20003278        0x4 c:/program files/atollic/truestudio for arm 7.1.0/armtools/bin/../lib/gcc/arm-atollic-eabi/5.3.1/../../../../arm-atollic-eabi/lib/armv7-m\libc.a(lib_a-mallocr.o)
                0x20003278                __malloc_max_sbrked_mem
 .bss.__malloc_top_pad
                0x2000327c        0x4 c:/program files/atollic/truestudio for arm 7.1.0/armtools/bin/../lib/gcc/arm-atollic-eabi/5.3.1/../../../../arm-atollic-eabi/lib/armv7-m\libc.a(lib_a-mallocr.o)
                0x2000327c                __malloc_top_pad
 .bss.__malloc_current_mallinfo
                0x20003280       0x28 c:/program files/atollic/truestudio for arm 7.1.0/armtools/bin/../lib/gcc/arm-atollic-eabi/5.3.1/../../../../arm-atollic-eabi/lib/armv7-m\libc.a(lib_a-mallocr.o)
                0x20003280                __malloc_current_mallinfo
 *(COMMON)
 COMMON         0x200032a8       0xe4 Src\console.o
                0x200032a8                rl
                0x2000337c                compl_world
 COMMON         0x2000338c        0x8 Src\main.o
                0x2000338c                defaultTaskHandle
                0x20003390                periodBlink
 COMMON         0x20003394      0x224 Src\usb_device.o
                0x20003394                hUsbDeviceFS
 COMMON         0x200035b8       0x85 Src\usbd_cdc_if.o
                0x200035b8                received_data_size
                0x200035bc                UserRxBufferFS
                0x200035fc                received_data
                0x200035fd                UserTxBufferFS
 *fill*         0x2000363d        0x3 
 COMMON         0x20003640      0x420 Src\usbd_conf.o
                0x20003640                hpcd_USB_FS
 COMMON         0x20003a60      0x200 Src\usbd_desc.o
                0x20003a60                USBD_StrDesc
 COMMON         0x20003c60        0x4 c:/program files/atollic/truestudio for arm 7.1.0/armtools/bin/../lib/gcc/arm-atollic-eabi/5.3.1/../../../../arm-atollic-eabi/lib/armv7-m\libc.a(lib_a-reent.o)
                0x20003c60                errno
                0x20003c64                . = ALIGN (0x4)
                0x20003c64                _ebss = .
                0x20003c64                __bss_end__ = _ebss

._user_heap_stack
                0x20003c64      0x600 load address 0x08009ae0
                0x20003c64                . = ALIGN (0x4)
                [!provide]                PROVIDE (end, .)
                0x20003c64                PROVIDE (_end, .)
                0x20003e64                . = (. + _Min_Heap_Size)
 *fill*         0x20003c64      0x200 
                0x20004264                . = (. + _Min_Stack_Size)
 *fill*         0x20003e64      0x400 
                0x20004264                . = ALIGN (0x4)

/DISCARD/
 libc.a(*)
 libm.a(*)
 libgcc.a(*)

.ARM.attributes
                0x00000000       0x29
 *(.ARM.attributes)
 .ARM.attributes
                0x00000000       0x1d c:/program files/atollic/truestudio for arm 7.1.0/armtools/bin/../lib/gcc/arm-atollic-eabi/5.3.1/armv7-m/crti.o
 .ARM.attributes
                0x0000001d       0x2d c:/program files/atollic/truestudio for arm 7.1.0/armtools/bin/../lib/gcc/arm-atollic-eabi/5.3.1/armv7-m/crtbegin.o
 .ARM.attributes
                0x0000004a       0x21 Drivers\CMSIS\Device\ST\STM32F1xx\Source\Templates\gcc\startup_stm32f103xe.o
 .ARM.attributes
                0x0000006b       0x33 Drivers\STM32F1xx_HAL_Driver\Src\stm32f1xx_hal.o
 .ARM.attributes
                0x0000009e       0x33 Drivers\STM32F1xx_HAL_Driver\Src\stm32f1xx_hal_cortex.o
 .ARM.attributes
                0x000000d1       0x33 Drivers\STM32F1xx_HAL_Driver\Src\stm32f1xx_hal_gpio.o
 .ARM.attributes
                0x00000104       0x33 Drivers\STM32F1xx_HAL_Driver\Src\stm32f1xx_hal_pcd.o
 .ARM.attributes
                0x00000137       0x33 Drivers\STM32F1xx_HAL_Driver\Src\stm32f1xx_hal_pcd_ex.o
 .ARM.attributes
                0x0000016a       0x33 Drivers\STM32F1xx_HAL_Driver\Src\stm32f1xx_hal_rcc.o
 .ARM.attributes
                0x0000019d       0x33 Drivers\STM32F1xx_HAL_Driver\Src\stm32f1xx_hal_rcc_ex.o
 .ARM.attributes
                0x000001d0       0x33 Drivers\STM32F1xx_HAL_Driver\Src\stm32f1xx_ll_usb.o
 .ARM.attributes
                0x00000203       0x33 Middlewares\ST\STM32_USB_Device_Library\Class\CDC\Src\usbd_cdc.o
 .ARM.attributes
                0x00000236       0x33 Middlewares\ST\STM32_USB_Device_Library\Core\Src\usbd_core.o
 .ARM.attributes
                0x00000269       0x33 Middlewares\ST\STM32_USB_Device_Library\Core\Src\usbd_ctlreq.o
 .ARM.attributes
                0x0000029c       0x33 Middlewares\ST\STM32_USB_Device_Library\Core\Src\usbd_ioreq.o
 .ARM.attributes
                0x000002cf       0x33 Middlewares\Third_Party\FreeRTOS\Source\CMSIS_RTOS\cmsis_os.o
 .ARM.attributes
                0x00000302       0x33 Middlewares\Third_Party\FreeRTOS\Source\list.o
 .ARM.attributes
                0x00000335       0x33 Middlewares\Third_Party\FreeRTOS\Source\portable\GCC\ARM_CM3\port.o
 .ARM.attributes
                0x00000368       0x33 Middlewares\Third_Party\FreeRTOS\Source\portable\MemMang\heap_4.o
 .ARM.attributes
                0x0000039b       0x33 Middlewares\Third_Party\FreeRTOS\Source\queue.o
 .ARM.attributes
                0x000003ce       0x33 Middlewares\Third_Party\FreeRTOS\Source\tasks.o
 .ARM.attributes
                0x00000401       0x33 Src\console.o
 .ARM.attributes
                0x00000434       0x33 Src\console_cmd.o
 .ARM.attributes
                0x00000467       0x33 Src\freertos.o
 .ARM.attributes
                0x0000049a       0x33 Src\main.o
 .ARM.attributes
                0x000004cd       0x33 Src\stm32f1xx_it.o
 .ARM.attributes
                0x00000500       0x33 Src\syscalls.o
 .ARM.attributes
                0x00000533       0x33 Src\system_stm32f1xx.o
 .ARM.attributes
                0x00000566       0x33 Src\usb_device.o
 .ARM.attributes
                0x00000599       0x33 Src\usbd_cdc_if.o
 .ARM.attributes
                0x000005cc       0x33 Src\usbd_conf.o
 .ARM.attributes
                0x000005ff       0x33 Src\usbd_desc.o
 .ARM.attributes
                0x00000632       0x33 microrl_lib\microrl.o
 .ARM.attributes
                0x00000665       0x2d c:/program files/atollic/truestudio for arm 7.1.0/armtools/bin/../lib/gcc/arm-atollic-eabi/5.3.1/../../../../arm-atollic-eabi/lib/armv7-m\libc.a(lib_a-init.o)
 .ARM.attributes
                0x00000692       0x2d c:/program files/atollic/truestudio for arm 7.1.0/armtools/bin/../lib/gcc/arm-atollic-eabi/5.3.1/../../../../arm-atollic-eabi/lib/armv7-m\libc.a(lib_a-memcpy-stub.o)
 .ARM.attributes
                0x000006bf       0x2d c:/program files/atollic/truestudio for arm 7.1.0/armtools/bin/../lib/gcc/arm-atollic-eabi/5.3.1/../../../../arm-atollic-eabi/lib/armv7-m\libc.a(lib_a-memmove.o)
 .ARM.attributes
                0x000006ec       0x2d c:/program files/atollic/truestudio for arm 7.1.0/armtools/bin/../lib/gcc/arm-atollic-eabi/5.3.1/../../../../arm-atollic-eabi/lib/armv7-m\libc.a(lib_a-memset.o)
 .ARM.attributes
                0x00000719       0x2d c:/program files/atollic/truestudio for arm 7.1.0/armtools/bin/../lib/gcc/arm-atollic-eabi/5.3.1/../../../../arm-atollic-eabi/lib/armv7-m\libc.a(lib_a-printf.o)
 .ARM.attributes
                0x00000746       0x2d c:/program files/atollic/truestudio for arm 7.1.0/armtools/bin/../lib/gcc/arm-atollic-eabi/5.3.1/../../../../arm-atollic-eabi/lib/armv7-m\libc.a(lib_a-puts.o)
 .ARM.attributes
                0x00000773       0x2d c:/program files/atollic/truestudio for arm 7.1.0/armtools/bin/../lib/gcc/arm-atollic-eabi/5.3.1/../../../../arm-atollic-eabi/lib/armv7-m\libc.a(lib_a-strcasecmp.o)
 .ARM.attributes
                0x000007a0       0x2d c:/program files/atollic/truestudio for arm 7.1.0/armtools/bin/../lib/gcc/arm-atollic-eabi/5.3.1/../../../../arm-atollic-eabi/lib/armv7-m\libc.a(lib_a-strcpy.o)
 .ARM.attributes
                0x000007cd       0x17 c:/program files/atollic/truestudio for arm 7.1.0/armtools/bin/../lib/gcc/arm-atollic-eabi/5.3.1/../../../../arm-atollic-eabi/lib/armv7-m\libc.a(lib_a-strlen.o)
 .ARM.attributes
                0x000007e4       0x2d c:/program files/atollic/truestudio for arm 7.1.0/armtools/bin/../lib/gcc/arm-atollic-eabi/5.3.1/../../../../arm-atollic-eabi/lib/armv7-m\libc.a(lib_a-strstr.o)
 .ARM.attributes
                0x00000811       0x2d c:/program files/atollic/truestudio for arm 7.1.0/armtools/bin/../lib/gcc/arm-atollic-eabi/5.3.1/../../../../arm-atollic-eabi/lib/armv7-m\libc.a(lib_a-vfprintf.o)
 .ARM.attributes
                0x0000083e       0x2d c:/program files/atollic/truestudio for arm 7.1.0/armtools/bin/../lib/gcc/arm-atollic-eabi/5.3.1/../../../../arm-atollic-eabi/lib/armv7-m\libc.a(lib_a-vprintf.o)
 .ARM.attributes
                0x0000086b       0x2d c:/program files/atollic/truestudio for arm 7.1.0/armtools/bin/../lib/gcc/arm-atollic-eabi/5.3.1/../../../../arm-atollic-eabi/lib/armv7-m\libc.a(lib_a-wsetup.o)