Archive member included to satisfy reference by file (symbol)

c:/program files/atollic/truestudio for arm 7.1.0/armtools/bin/../lib/gcc/arm-atollic-eabi/5.3.1/../../../../arm-atollic-eabi/lib/armv7-m\libc.a(lib_a-init.o)
                              Drivers\CMSIS\Device\ST\STM32F1xx\Source\Templates\gcc\startup_stm32f103xe.o (__libc_init_array)
c:/program files/atollic/truestudio for arm 7.1.0/armtools/bin/../lib/gcc/arm-atollic-eabi/5.3.1/../../../../arm-atollic-eabi/lib/armv7-m\libc.a(lib_a-memcpy-stub.o)
                              Middlewares\Third_Party\FreeRTOS\Source\queue.o (memcpy)
c:/program files/atollic/truestudio for arm 7.1.0/armtools/bin/../lib/gcc/arm-atollic-eabi/5.3.1/../../../../arm-atollic-eabi/lib/armv7-m\libc.a(lib_a-memmove.o)
                              microrl_lib\microrl.o (memmove)
c:/program files/atollic/truestudio for arm 7.1.0/armtools/bin/../lib/gcc/arm-atollic-eabi/5.3.1/../../../../arm-atollic-eabi/lib/armv7-m\libc.a(lib_a-memset.o)
                              Drivers\STM32F1xx_HAL_Driver\Src\stm32f1xx_hal_rcc.o (memset)
c:/program files/atollic/truestudio for arm 7.1.0/armtools/bin/../lib/gcc/arm-atollic-eabi/5.3.1/../../../../arm-atollic-eabi/lib/armv7-m\libc.a(lib_a-strcasecmp.o)
                              microrl_lib\microrl_func.o (strcasecmp)
c:/program files/atollic/truestudio for arm 7.1.0/armtools/bin/../lib/gcc/arm-atollic-eabi/5.3.1/../../../../arm-atollic-eabi/lib/armv7-m\libc.a(lib_a-strcmp.o)
                              microrl_lib\microrl_func.o (strcmp)
c:/program files/atollic/truestudio for arm 7.1.0/armtools/bin/../lib/gcc/arm-atollic-eabi/5.3.1/../../../../arm-atollic-eabi/lib/armv7-m\libc.a(lib_a-strcpy.o)
                              microrl_lib\microrl.o (strcpy)
c:/program files/atollic/truestudio for arm 7.1.0/armtools/bin/../lib/gcc/arm-atollic-eabi/5.3.1/../../../../arm-atollic-eabi/lib/armv7-m\libc.a(lib_a-strlen.o)
                              microrl_lib\microrl.o (strlen)
c:/program files/atollic/truestudio for arm 7.1.0/armtools/bin/../lib/gcc/arm-atollic-eabi/5.3.1/../../../../arm-atollic-eabi/lib/armv7-m\libc.a(lib_a-strstr.o)
                              microrl_lib\microrl_func.o (strstr)
c:/program files/atollic/truestudio for arm 7.1.0/armtools/bin/../lib/gcc/arm-atollic-eabi/5.3.1/../../../../arm-atollic-eabi/lib/armv7-m\libc.a(lib_a-vprintf.o)
                              microrl_lib\microrl_func.o (vprintf)
c:/program files/atollic/truestudio for arm 7.1.0/armtools/bin/../lib/gcc/arm-atollic-eabi/5.3.1/../../../../arm-atollic-eabi/lib/armv7-m\libc.a(lib_a-ctype_.o)
                              c:/program files/atollic/truestudio for arm 7.1.0/armtools/bin/../lib/gcc/arm-atollic-eabi/5.3.1/../../../../arm-atollic-eabi/lib/armv7-m\libc.a(lib_a-strcasecmp.o) (__ctype_ptr__)
c:/program files/atollic/truestudio for arm 7.1.0/armtools/bin/../lib/gcc/arm-atollic-eabi/5.3.1/../../../../arm-atollic-eabi/lib/armv7-m\libc.a(lib_a-findfp.o)
                              c:/program files/atollic/truestudio for arm 7.1.0/armtools/bin/../lib/gcc/arm-atollic-eabi/5.3.1/../../../../arm-atollic-eabi/lib/armv7-m\libc.a(lib_a-vprintf.o) (__sinit)
c:/program files/atollic/truestudio for arm 7.1.0/armtools/bin/../lib/gcc/arm-atollic-eabi/5.3.1/../../../../arm-atollic-eabi/lib/armv7-m\libc.a(lib_a-fwalk.o)
                              c:/program files/atollic/truestudio for arm 7.1.0/armtools/bin/../lib/gcc/arm-atollic-eabi/5.3.1/../../../../arm-atollic-eabi/lib/armv7-m\libc.a(lib_a-findfp.o) (_fwalk)
c:/program files/atollic/truestudio for arm 7.1.0/armtools/bin/../lib/gcc/arm-atollic-eabi/5.3.1/../../../../arm-atollic-eabi/lib/armv7-m\libc.a(lib_a-impure.o)
                              c:/program files/atollic/truestudio for arm 7.1.0/armtools/bin/../lib/gcc/arm-atollic-eabi/5.3.1/../../../../arm-atollic-eabi/lib/armv7-m\libc.a(lib_a-findfp.o) (_global_impure_ptr)
c:/program files/atollic/truestudio for arm 7.1.0/armtools/bin/../lib/gcc/arm-atollic-eabi/5.3.1/../../../../arm-atollic-eabi/lib/armv7-m\libc.a(lib_a-mallocr.o)
                              c:/program files/atollic/truestudio for arm 7.1.0/armtools/bin/../lib/gcc/arm-atollic-eabi/5.3.1/../../../../arm-atollic-eabi/lib/armv7-m\libc.a(lib_a-findfp.o) (_malloc_r)
c:/program files/atollic/truestudio for arm 7.1.0/armtools/bin/../lib/gcc/arm-atollic-eabi/5.3.1/../../../../arm-atollic-eabi/lib/armv7-m\libc.a(lib_a-mlock.o)
                              c:/program files/atollic/truestudio for arm 7.1.0/armtools/bin/../lib/gcc/arm-atollic-eabi/5.3.1/../../../../arm-atollic-eabi/lib/armv7-m\libc.a(lib_a-mallocr.o) (__malloc_lock)
c:/program files/atollic/truestudio for arm 7.1.0/armtools/bin/../lib/gcc/arm-atollic-eabi/5.3.1/../../../../arm-atollic-eabi/lib/armv7-m\libc.a(lib_a-sbrkr.o)
[...]
Memory Configuration

Name             Origin             Length             Attributes
RAM              0x20000000         0x00010000         xrw
FLASH            0x08000000         0x00080000         xr
*default*        0x00000000         0xffffffff

Linker script and memory map

LOAD c:/program files/atollic/truestudio for arm 7.1.0/armtools/bin/../lib/gcc/arm-atollic-eabi/5.3.1/armv7-m/crti.o
LOAD c:/program files/atollic/truestudio for arm 7.1.0/armtools/bin/../lib/gcc/arm-atollic-eabi/5.3.1/armv7-m/crtbegin.o
LOAD Drivers\CMSIS\Device\ST\STM32F1xx\Source\Templates\gcc\startup_stm32f103xe.o
LOAD Drivers\STM32F1xx_HAL_Driver\Src\stm32f1xx_hal.o
LOAD Drivers\STM32F1xx_HAL_Driver\Src\stm32f1xx_hal_cortex.o
LOAD Drivers\STM32F1xx_HAL_Driver\Src\stm32f1xx_hal_dma.o
LOAD Drivers\STM32F1xx_HAL_Driver\Src\stm32f1xx_hal_flash.o
LOAD Drivers\STM32F1xx_HAL_Driver\Src\stm32f1xx_hal_flash_ex.o
LOAD Drivers\STM32F1xx_HAL_Driver\Src\stm32f1xx_hal_gpio.o
LOAD Drivers\STM32F1xx_HAL_Driver\Src\stm32f1xx_hal_gpio_ex.o
LOAD Drivers\STM32F1xx_HAL_Driver\Src\stm32f1xx_hal_pcd.o
LOAD Drivers\STM32F1xx_HAL_Driver\Src\stm32f1xx_hal_pcd_ex.o
LOAD Drivers\STM32F1xx_HAL_Driver\Src\stm32f1xx_hal_pwr.o
LOAD Drivers\STM32F1xx_HAL_Driver\Src\stm32f1xx_hal_rcc.o
LOAD Drivers\STM32F1xx_HAL_Driver\Src\stm32f1xx_hal_rcc_ex.o
LOAD Drivers\STM32F1xx_HAL_Driver\Src\stm32f1xx_hal_tim.o
LOAD Drivers\STM32F1xx_HAL_Driver\Src\stm32f1xx_hal_tim_ex.o
LOAD Drivers\STM32F1xx_HAL_Driver\Src\stm32f1xx_ll_usb.o
LOAD Middlewares\ST\STM32_USB_Device_Library\Class\CDC\Src\usbd_cdc.o
LOAD Middlewares\ST\STM32_USB_Device_Library\Core\Src\usbd_core.o
LOAD Middlewares\ST\STM32_USB_Device_Library\Core\Src\usbd_ctlreq.o
LOAD Middlewares\ST\STM32_USB_Device_Library\Core\Src\usbd_ioreq.o
LOAD Middlewares\Third_Party\FreeRTOS\Source\CMSIS_RTOS\cmsis_os.o
LOAD Middlewares\Third_Party\FreeRTOS\Source\croutine.o
LOAD Middlewares\Third_Party\FreeRTOS\Source\event_groups.o
LOAD Middlewares\Third_Party\FreeRTOS\Source\list.o
LOAD Middlewares\Third_Party\FreeRTOS\Source\portable\GCC\ARM_CM3\port.o
LOAD Middlewares\Third_Party\FreeRTOS\Source\portable\MemMang\heap_4.o
LOAD Middlewares\Third_Party\FreeRTOS\Source\queue.o
LOAD Middlewares\Third_Party\FreeRTOS\Source\tasks.o
LOAD Middlewares\Third_Party\FreeRTOS\Source\timers.o
LOAD Src\freertos.o
LOAD Src\main.o
LOAD Src\stm32f1xx_hal_msp.o
LOAD Src\stm32f1xx_it.o
LOAD Src\syscalls.o
LOAD Src\system_stm32f1xx.o
LOAD Src\usb_device.o
LOAD Src\usbd_cdc_if.o
LOAD Src\usbd_conf.o
LOAD Src\usbd_desc.o
LOAD microrl_lib\console_cmd.o
LOAD microrl_lib\microrl.o
LOAD microrl_lib\microrl_func.o
START GROUP
LOAD c:/program files/atollic/truestudio for arm 7.1.0/armtools/bin/../lib/gcc/arm-atollic-eabi/5.3.1/../../../../arm-atollic-eabi/lib/armv7-m\libc.a
LOAD c:/program files/atollic/truestudio for arm 7.1.0/armtools/bin/../lib/gcc/arm-atollic-eabi/5.3.1/../../../../arm-atollic-eabi/lib/armv7-m\libm.a
END GROUP
                0x00000080                malloc_getpagesize_P = 0x80
START GROUP
LOAD c:/program files/atollic/truestudio for arm 7.1.0/armtools/bin/../lib/gcc/arm-atollic-eabi/5.3.1/armv7-m\libgcc.a
LOAD c:/program files/atollic/truestudio for arm 7.1.0/armtools/bin/../lib/gcc/arm-atollic-eabi/5.3.1/../../../../arm-atollic-eabi/lib/armv7-m\libc.a
END GROUP
LOAD c:/program files/atollic/truestudio for arm 7.1.0/armtools/bin/../lib/gcc/arm-atollic-eabi/5.3.1/armv7-m/crtend.o
LOAD c:/program files/atollic/truestudio for arm 7.1.0/armtools/bin/../lib/gcc/arm-atollic-eabi/5.3.1/armv7-m/crtn.o
                0x20010000                _estack = 0x20010000
                0x00000200                _Min_Heap_Size = 0x200
                0x00000400                _Min_Stack_Size = 0x400

.isr_vector     0x08000000      0x1e4
                0x08000000                . = ALIGN (0x4)
 *(.isr_vector)
 .isr_vector    0x08000000      0x1e4 Drivers\CMSIS\Device\ST\STM32F1xx\Source\Templates\gcc\startup_stm32f103xe.o
                0x08000000                g_pfnVectors
                0x080001e4                . = ALIGN (0x4)

.text           0x080001e8     0x8bf8
                0x080001e8                . = ALIGN (0x4)
 *(.text)
 .text          0x080001e8       0x40 c:/program files/atollic/truestudio for arm 7.1.0/armtools/bin/../lib/gcc/arm-atollic-eabi/5.3.1/armv7-m/crtbegin.o
 .text          0x08000228       0x14 c:/program files/atollic/truestudio for arm 7.1.0/armtools/bin/../lib/gcc/arm-atollic-eabi/5.3.1/../../../../arm-atollic-eabi/lib/armv7-m\libc.a(lib_a-strcmp.o)
                0x08000228                strcmp
 .text          0x0800023c       0x10 c:/program files/atollic/truestudio for arm 7.1.0/armtools/bin/../lib/gcc/arm-atollic-eabi/5.3.1/../../../../arm-atollic-eabi/lib/armv7-m\libc.a(lib_a-strlen.o)
                0x0800023c                strlen
 .text          0x0800024c      0x370 c:/program files/atollic/truestudio for arm 7.1.0/armtools/bin/../lib/gcc/arm-atollic-eabi/5.3.1/armv7-m\libgcc.a(_arm_addsubdf3.o)
                0x0800024c                __aeabi_drsub
                0x08000254                __aeabi_dsub
                0x08000254                __subdf3
                0x08000258                __aeabi_dadd
                0x08000258                __adddf3
                0x080004d0                __floatunsidf
                0x080004d0                __aeabi_ui2d
                0x080004f0                __floatsidf
                0x080004f0                __aeabi_i2d
                0x08000514                __aeabi_f2d
                0x08000514                __extendsfdf2
                0x08000550                __floatundidf
                0x08000550                __aeabi_ul2d
                0x08000560                __floatdidf
                0x08000560                __aeabi_l2d
 .text          0x080005bc      0x424 c:/program files/atollic/truestudio for arm 7.1.0/armtools/bin/../lib/gcc/arm-atollic-eabi/5.3.1/armv7-m\libgcc.a(_arm_muldivdf3.o)
                0x080005bc                __aeabi_dmul
                0x080005bc                __muldf3
                0x08000810                __divdf3
                0x08000810                __aeabi_ddiv
 .text          0x080009e0      0x110 c:/program files/atollic/truestudio for arm 7.1.0/armtools/bin/../lib/gcc/arm-atollic-eabi/5.3.1/armv7-m\libgcc.a(_arm_cmpdf2.o)
                0x080009e0                __gtdf2
                0x080009e0                __gedf2
                0x080009e8                __ltdf2
                0x080009e8                __ledf2
                0x080009f0                __nedf2
                0x080009f0                __eqdf2
                0x080009f0                __cmpdf2
                0x08000a6c                __aeabi_cdrcmple
                0x08000a7c                __aeabi_cdcmpeq
                0x08000a7c                __aeabi_cdcmple
                0x08000a8c                __aeabi_dcmpeq
                0x08000aa0                __aeabi_dcmplt
                0x08000ab4                __aeabi_dcmple
                0x08000ac8                __aeabi_dcmpge
                0x08000adc                __aeabi_dcmpgt
 .text          0x08000af0       0x2c c:/program files/atollic/truestudio for arm 7.1.0/armtools/bin/../lib/gcc/arm-atollic-eabi/5.3.1/armv7-m\libgcc.a(_arm_unorddf2.o)
                0x08000af0                __unorddf2
                0x08000af0                __aeabi_dcmpun
 .text          0x08000b1c       0x50 c:/program files/atollic/truestudio for arm 7.1.0/armtools/bin/../lib/gcc/arm-atollic-eabi/5.3.1/armv7-m\libgcc.a(_arm_fixdfsi.o)
                0x08000b1c                __aeabi_d2iz
                0x08000b1c                __fixdfsi
 .text          0x08000b6c       0x30 c:/program files/atollic/truestudio for arm 7.1.0/armtools/bin/../lib/gcc/arm-atollic-eabi/5.3.1/armv7-m\libgcc.a(_aeabi_uldivmod.o)
                0x08000b6c                __aeabi_uldivmod
 .text          0x08000b9c      0x2ec c:/program files/atollic/truestudio for arm 7.1.0/armtools/bin/../lib/gcc/arm-atollic-eabi/5.3.1/armv7-m\libgcc.a(_udivmoddi4.o)
                0x08000b9c                __udivmoddi4
 .text          0x08000e88        0x4 c:/program files/atollic/truestudio for arm 7.1.0/armtools/bin/../lib/gcc/arm-atollic-eabi/5.3.1/armv7-m\libgcc.a(_dvmd_tls.o)
                0x08000e88                __aeabi_idiv0
                0x08000e88                __aeabi_ldiv0
 *(.text*)
 .text.Reset_Handler
                0x08000e8c       0x48 Drivers\CMSIS\Device\ST\STM32F1xx\Source\Templates\gcc\startup_stm32f103xe.o
                0x08000e8c                Reset_Handler
 .text.Default_Handler
                0x08000ed4        0x2 Drivers\CMSIS\Device\ST\STM32F1xx\Source\Templates\gcc\startup_stm32f103xe.o
                0x08000ed4                RTC_Alarm_IRQHandler
                0x08000ed4                EXTI2_IRQHandler
                0x08000ed4                TIM8_TRG_COM_IRQHandler
                0x08000ed4                TIM8_CC_IRQHandler
                0x08000ed4                TIM1_CC_IRQHandler
                0x08000ed4                TIM6_IRQHandler
                0x08000ed4                PVD_IRQHandler
                0x08000ed4                SDIO_IRQHandler
                0x08000ed4                EXTI3_IRQHandler
                0x08000ed4                EXTI0_IRQHandler
                0x08000ed4                I2C2_EV_IRQHandler
                0x08000ed4                ADC1_2_IRQHandler
                0x08000ed4                SPI1_IRQHandler
                0x08000ed4                TAMPER_IRQHandler
                0x08000ed4                TIM8_UP_IRQHandler
                0x08000ed4                DMA2_Channel2_IRQHandler
                0x08000ed4                DMA1_Channel4_IRQHandler
                0x08000ed4                USART3_IRQHandler
                0x08000ed4                RTC_IRQHandler
                0x08000ed4                DMA1_Channel7_IRQHandler
                0x08000ed4                CAN1_RX1_IRQHandler
                0x08000ed4                UART5_IRQHandler
                0x08000ed4                ADC3_IRQHandler
                0x08000ed4                TIM4_IRQHandler
                0x08000ed4                DMA2_Channel1_IRQHandler
                0x08000ed4                I2C1_EV_IRQHandler
                0x08000ed4                DMA1_Channel6_IRQHandler
                0x08000ed4                UART4_IRQHandler
                0x08000ed4                TIM3_IRQHandler
                0x08000ed4                RCC_IRQHandler
                0x08000ed4                TIM1_TRG_COM_IRQHandler
                0x08000ed4                DMA1_Channel1_IRQHandler
                0x08000ed4                Default_Handler
                0x08000ed4                EXTI15_10_IRQHandler
                0x08000ed4                TIM7_IRQHandler
                0x08000ed4                TIM5_IRQHandler
                0x08000ed4                EXTI9_5_IRQHandler
                0x08000ed4                SPI2_IRQHandler
                0x08000ed4                DMA1_Channel5_IRQHandler
                0x08000ed4                EXTI4_IRQHandler
                0x08000ed4                USB_HP_CAN1_TX_IRQHandler
                0x08000ed4                DMA1_Channel3_IRQHandler
                0x08000ed4                FSMC_IRQHandler
                0x08000ed4                TIM1_UP_IRQHandler
                0x08000ed4                WWDG_IRQHandler
                0x08000ed4                TIM2_IRQHandler
                0x08000ed4                TIM1_BRK_IRQHandler
                0x08000ed4                EXTI1_IRQHandler
                0x08000ed4                DMA2_Channel4_5_IRQHandler
                0x08000ed4                USART2_IRQHandler
                0x08000ed4                I2C2_ER_IRQHandler
                0x08000ed4                DMA1_Channel2_IRQHandler
                0x08000ed4                TIM8_BRK_IRQHandler
                0x08000ed4                CAN1_SCE_IRQHandler
                0x08000ed4                FLASH_IRQHandler
                0x08000ed4                USART1_IRQHandler
                0x08000ed4                SPI3_IRQHandler
                0x08000ed4                I2C1_ER_IRQHandler
                0x08000ed4                USBWakeUp_IRQHandler
                0x08000ed4                DMA2_Channel3_IRQHandler
 .text.HAL_InitTick
                0x08000ed6       0x24 Drivers\STM32F1xx_HAL_Driver\Src\stm32f1xx_hal.o
                0x08000ed6                HAL_InitTick
 *fill*         0x08000efa        0x2 
 .text.HAL_Init
                0x08000efc       0x20 Drivers\STM32F1xx_HAL_Driver\Src\stm32f1xx_hal.o
                0x08000efc                HAL_Init
 .text.HAL_IncTick
                0x08000f1c       0x10 Drivers\STM32F1xx_HAL_Driver\Src\stm32f1xx_hal.o
                0x08000f1c                HAL_IncTick
 .text.HAL_GetTick
                0x08000f2c        0xc Drivers\STM32F1xx_HAL_Driver\Src\stm32f1xx_hal.o
                0x08000f2c                HAL_GetTick
 .text.HAL_Delay
                0x08000f38       0x1a Drivers\STM32F1xx_HAL_Driver\Src\stm32f1xx_hal.o
                0x08000f38                HAL_Delay
 *fill*         0x08000f52        0x2 
 .text.HAL_NVIC_SetPriorityGrouping
                0x08000f54       0x24 Drivers\STM32F1xx_HAL_Driver\Src\stm32f1xx_hal_cortex.o
                0x08000f54                HAL_NVIC_SetPriorityGrouping
 .text.HAL_NVIC_SetPriority
                0x08000f78       0x68 Drivers\STM32F1xx_HAL_Driver\Src\stm32f1xx_hal_cortex.o
                0x08000f78                HAL_NVIC_SetPriority
 .text.HAL_NVIC_EnableIRQ
                0x08000fe0       0x18 Drivers\STM32F1xx_HAL_Driver\Src\stm32f1xx_hal_cortex.o
                0x08000fe0                HAL_NVIC_EnableIRQ
 .text.HAL_SYSTICK_Config
                0x08000ff8       0x2c Drivers\STM32F1xx_HAL_Driver\Src\stm32f1xx_hal_cortex.o
                0x08000ff8                HAL_SYSTICK_Config
 .text.HAL_SYSTICK_CLKSourceConfig
                0x08001024       0x18 Drivers\STM32F1xx_HAL_Driver\Src\stm32f1xx_hal_cortex.o
                0x08001024                HAL_SYSTICK_CLKSourceConfig
 .text.HAL_GPIO_Init
                0x0800103c      0x1cc Drivers\STM32F1xx_HAL_Driver\Src\stm32f1xx_hal_gpio.o
                0x0800103c                HAL_GPIO_Init
 .text.HAL_GPIO_WritePin
                0x08001208        0x8 Drivers\STM32F1xx_HAL_Driver\Src\stm32f1xx_hal_gpio.o
                0x08001208                HAL_GPIO_WritePin
 .text.HAL_GPIO_TogglePin
                0x08001210        0x8 Drivers\STM32F1xx_HAL_Driver\Src\stm32f1xx_hal_gpio.o
                0x08001210                HAL_GPIO_TogglePin
 .text.HAL_PCD_Init
                0x08001218       0xd4 Drivers\STM32F1xx_HAL_Driver\Src\stm32f1xx_hal_pcd.o
                0x08001218                HAL_PCD_Init
 .text.HAL_PCD_Start
                0x080012ec       0x2e Drivers\STM32F1xx_HAL_Driver\Src\stm32f1xx_hal_pcd.o
                0x080012ec                HAL_PCD_Start
 .text.HAL_PCD_SetAddress
                0x0800131a       0x28 Drivers\STM32F1xx_HAL_Driver\Src\stm32f1xx_hal_pcd.o
                0x0800131a                HAL_PCD_SetAddress
 .text.HAL_PCD_EP_Open
                0x08001342       0x46 Drivers\STM32F1xx_HAL_Driver\Src\stm32f1xx_hal_pcd.o
                0x08001342                HAL_PCD_EP_Open
 .text.HAL_PCD_EP_Close
                0x08001388       0x42 Drivers\STM32F1xx_HAL_Driver\Src\stm32f1xx_hal_pcd.o
                0x08001388                HAL_PCD_EP_Close
 .text.HAL_PCD_EP_Receive
                0x080013ca       0x48 Drivers\STM32F1xx_HAL_Driver\Src\stm32f1xx_hal_pcd.o
                0x080013ca                HAL_PCD_EP_Receive
 .text.HAL_PCD_EP_GetRxCount
                0x08001412        0xe Drivers\STM32F1xx_HAL_Driver\Src\stm32f1xx_hal_pcd.o
                0x08001412                HAL_PCD_EP_GetRxCount
 .text.HAL_PCD_EP_Transmit
                0x08001420       0x40 Drivers\STM32F1xx_HAL_Driver\Src\stm32f1xx_hal_pcd.o
                0x08001420                HAL_PCD_EP_Transmit
 .text.HAL_PCD_IRQHandler
                0x08001460      0x4d0 Drivers\STM32F1xx_HAL_Driver\Src\stm32f1xx_hal_pcd.o
                0x08001460                HAL_PCD_IRQHandler
 .text.HAL_PCD_EP_SetStall
                0x08001930       0x52 Drivers\STM32F1xx_HAL_Driver\Src\stm32f1xx_hal_pcd.o
                0x08001930                HAL_PCD_EP_SetStall
 .text.HAL_PCD_EP_ClrStall
                0x08001982       0x46 Drivers\STM32F1xx_HAL_Driver\Src\stm32f1xx_hal_pcd.o
                0x08001982                HAL_PCD_EP_ClrStall
 .text.HAL_PCDEx_PMAConfig
                0x080019c8       0x30 Drivers\STM32F1xx_HAL_Driver\Src\stm32f1xx_hal_pcd_ex.o
                0x080019c8                HAL_PCDEx_PMAConfig
 .text.HAL_RCC_OscConfig
                0x080019f8      0x4c0 Drivers\STM32F1xx_HAL_Driver\Src\stm32f1xx_hal_rcc.o
                0x080019f8                HAL_RCC_OscConfig
 .text.HAL_RCC_GetSysClockFreq
                0x08001eb8       0x90 Drivers\STM32F1xx_HAL_Driver\Src\stm32f1xx_hal_rcc.o
                0x08001eb8                HAL_RCC_GetSysClockFreq
 .text.HAL_RCC_ClockConfig
                0x08001f48      0x164 Drivers\STM32F1xx_HAL_Driver\Src\stm32f1xx_hal_rcc.o
                0x08001f48                HAL_RCC_ClockConfig
 .text.HAL_RCC_GetHCLKFreq
                0x080020ac        0xc Drivers\STM32F1xx_HAL_Driver\Src\stm32f1xx_hal_rcc.o
                0x080020ac                HAL_RCC_GetHCLKFreq
 .text.HAL_RCCEx_PeriphCLKConfig
                0x080020b8      0x114 Drivers\STM32F1xx_HAL_Driver\Src\stm32f1xx_hal_rcc_ex.o
                0x080020b8                HAL_RCCEx_PeriphCLKConfig
 .text.USB_CoreInit
                0x080021cc        0xe Drivers\STM32F1xx_HAL_Driver\Src\stm32f1xx_ll_usb.o
                0x080021cc                USB_CoreInit
 .text.USB_EnableGlobalInt
                0x080021da       0x12 Drivers\STM32F1xx_HAL_Driver\Src\stm32f1xx_ll_usb.o
                0x080021da                USB_EnableGlobalInt
 .text.USB_DisableGlobalInt
                0x080021ec       0x14 Drivers\STM32F1xx_HAL_Driver\Src\stm32f1xx_ll_usb.o
                0x080021ec                USB_DisableGlobalInt
 .text.USB_SetCurrentMode
                0x08002200        0x4 Drivers\STM32F1xx_HAL_Driver\Src\stm32f1xx_ll_usb.o
                0x08002200                USB_SetCurrentMode
 .text.USB_DevInit
                0x08002204       0x28 Drivers\STM32F1xx_HAL_Driver\Src\stm32f1xx_ll_usb.o
                0x08002204                USB_DevInit
 .text.USB_ActivateEndpoint
                0x0800222c      0x2e4 Drivers\STM32F1xx_HAL_Driver\Src\stm32f1xx_ll_usb.o
                0x0800222c                USB_ActivateEndpoint
 .text.USB_DeactivateEndpoint
                0x08002510      0x170 Drivers\STM32F1xx_HAL_Driver\Src\stm32f1xx_ll_usb.o
                0x08002510                USB_DeactivateEndpoint
 .text.USB_EPSetStall
                0x08002680       0x62 Drivers\STM32F1xx_HAL_Driver\Src\stm32f1xx_ll_usb.o
                0x08002680                USB_EPSetStall
 .text.USB_EPClearStall
                0x080026e2       0x84 Drivers\STM32F1xx_HAL_Driver\Src\stm32f1xx_ll_usb.o
                0x080026e2                USB_EPClearStall
 .text.USB_SetDevAddress
                0x08002766        0xc Drivers\STM32F1xx_HAL_Driver\Src\stm32f1xx_ll_usb.o
                0x08002766                USB_SetDevAddress
 .text.USB_DevConnect
                0x08002772        0x4 Drivers\STM32F1xx_HAL_Driver\Src\stm32f1xx_ll_usb.o
                0x08002772                USB_DevConnect
 .text.USB_DevDisconnect
                0x08002776        0x4 Drivers\STM32F1xx_HAL_Driver\Src\stm32f1xx_ll_usb.o
                0x08002776                USB_DevDisconnect
 .text.USB_ReadInterrupts
                0x0800277a        0x8 Drivers\STM32F1xx_HAL_Driver\Src\stm32f1xx_ll_usb.o
                0x0800277a                USB_ReadInterrupts
 .text.USB_EP0_OutStart
                0x08002782        0x4 Drivers\STM32F1xx_HAL_Driver\Src\stm32f1xx_ll_usb.o
                0x08002782                USB_EP0_OutStart
 .text.USB_WritePMA
                0x08002786       0x22 Drivers\STM32F1xx_HAL_Driver\Src\stm32f1xx_ll_usb.o
                0x08002786                USB_WritePMA
 .text.USB_EPStartXfer
                0x080027a8      0x1a0 Drivers\STM32F1xx_HAL_Driver\Src\stm32f1xx_ll_usb.o
                0x080027a8                USB_EPStartXfer
 .text.USB_ReadPMA
                0x08002948       0x22 Drivers\STM32F1xx_HAL_Driver\Src\stm32f1xx_ll_usb.o
                0x08002948                USB_ReadPMA
 .text.USBD_CDC_DataIn
                0x0800296a       0x12 Middlewares\ST\STM32_USB_Device_Library\Class\CDC\Src\usbd_cdc.o
 .text.USBD_CDC_EP0_RxReady
                0x0800297c       0x28 Middlewares\ST\STM32_USB_Device_Library\Class\CDC\Src\usbd_cdc.o
 .text.USBD_CDC_GetFSCfgDesc
                0x080029a4        0xc Middlewares\ST\STM32_USB_Device_Library\Class\CDC\Src\usbd_cdc.o
 .text.USBD_CDC_GetHSCfgDesc
                0x080029b0        0xc Middlewares\ST\STM32_USB_Device_Library\Class\CDC\Src\usbd_cdc.o
 .text.USBD_CDC_GetOtherSpeedCfgDesc
                0x080029bc        0xc Middlewares\ST\STM32_USB_Device_Library\Class\CDC\Src\usbd_cdc.o
 .text.USBD_CDC_GetDeviceQualifierDescriptor
                0x080029c8        0xc Middlewares\ST\STM32_USB_Device_Library\Class\CDC\Src\usbd_cdc.o
                0x080029c8                USBD_CDC_GetDeviceQualifierDescriptor
 .text.USBD_CDC_DataOut
                0x080029d4       0x2e Middlewares\ST\STM32_USB_Device_Library\Class\CDC\Src\usbd_cdc.o
 *fill*         0x08002a02        0x2 
 .text.USBD_CDC_Setup
                0x08002a04       0x6c Middlewares\ST\STM32_USB_Device_Library\Class\CDC\Src\usbd_cdc.o
 .text.USBD_CDC_DeInit
                0x08002a70       0x3a Middlewares\ST\STM32_USB_Device_Library\Class\CDC\Src\usbd_cdc.o
 .text.USBD_CDC_Init
                0x08002aaa       0x8c Middlewares\ST\STM32_USB_Device_Library\Class\CDC\Src\usbd_cdc.o
 .text.USBD_CDC_RegisterInterface
                0x08002b36        0xe Middlewares\ST\STM32_USB_Device_Library\Class\CDC\Src\usbd_cdc.o
                0x08002b36                USBD_CDC_RegisterInterface
 .text.USBD_CDC_SetTxBuffer
                0x08002b44       0x10 Middlewares\ST\STM32_USB_Device_Library\Class\CDC\Src\usbd_cdc.o
                0x08002b44                USBD_CDC_SetTxBuffer
 .text.USBD_CDC_SetRxBuffer
                0x08002b54        0xc Middlewares\ST\STM32_USB_Device_Library\Class\CDC\Src\usbd_cdc.o
                0x08002b54                USBD_CDC_SetRxBuffer
 .text.USBD_CDC_TransmitPacket
                0x08002b60       0x2e Middlewares\ST\STM32_USB_Device_Library\Class\CDC\Src\usbd_cdc.o
                0x08002b60                USBD_CDC_TransmitPacket
 .text.USBD_CDC_ReceivePacket
                0x08002b8e       0x26 Middlewares\ST\STM32_USB_Device_Library\Class\CDC\Src\usbd_cdc.o
                0x08002b8e                USBD_CDC_ReceivePacket
 .text.USBD_Init
                0x08002bb4       0x2a Middlewares\ST\STM32_USB_Device_Library\Core\Src\usbd_core.o
                0x08002bb4                USBD_Init
 .text.USBD_RegisterClass
                0x08002bde        0xe Middlewares\ST\STM32_USB_Device_Library\Core\Src\usbd_core.o
                0x08002bde                USBD_RegisterClass
 .text.USBD_Start
                0x08002bec        0xa Middlewares\ST\STM32_USB_Device_Library\Core\Src\usbd_core.o
                0x08002bec                USBD_Start
 .text.USBD_SetClassConfig
                0x08002bf6       0x16 Middlewares\ST\STM32_USB_Device_Library\Core\Src\usbd_core.o
                0x08002bf6                USBD_SetClassConfig
 .text.USBD_ClrClassConfig
                0x08002c0c        0xe Middlewares\ST\STM32_USB_Device_Library\Core\Src\usbd_core.o
                0x08002c0c                USBD_ClrClassConfig
 .text.USBD_LL_SetupStage
                0x08002c1a       0x5a Middlewares\ST\STM32_USB_Device_Library\Core\Src\usbd_core.o
                0x08002c1a                USBD_LL_SetupStage
 .text.USBD_LL_DataOutStage
                0x08002c74       0x62 Middlewares\ST\STM32_USB_Device_Library\Core\Src\usbd_core.o
                0x08002c74                USBD_LL_DataOutStage
 .text.USBD_LL_DataInStage
                0x08002cd6       0x9c Middlewares\ST\STM32_USB_Device_Library\Core\Src\usbd_core.o
                0x08002cd6                USBD_LL_DataInStage
 .text.USBD_LL_Reset
                0x08002d72       0x3e Middlewares\ST\STM32_USB_Device_Library\Core\Src\usbd_core.o
                0x08002d72                USBD_LL_Reset
 .text.USBD_LL_SetSpeed
                0x08002db0        0x6 Middlewares\ST\STM32_USB_Device_Library\Core\Src\usbd_core.o
                0x08002db0                USBD_LL_SetSpeed
 .text.USBD_LL_Suspend
                0x08002db6       0x12 Middlewares\ST\STM32_USB_Device_Library\Core\Src\usbd_core.o
                0x08002db6                USBD_LL_Suspend
 .text.USBD_LL_Resume
                0x08002dc8        0xc Middlewares\ST\STM32_USB_Device_Library\Core\Src\usbd_core.o
                0x08002dc8                USBD_LL_Resume
 .text.USBD_LL_SOF
                0x08002dd4       0x18 Middlewares\ST\STM32_USB_Device_Library\Core\Src\usbd_core.o
                0x08002dd4                USBD_LL_SOF
 .text.USBD_ParseSetupRequest
                0x08002dec       0x28 Middlewares\ST\STM32_USB_Device_Library\Core\Src\usbd_ctlreq.o
                0x08002dec                USBD_ParseSetupRequest
 .text.USBD_CtlError
                0x08002e14       0x16 Middlewares\ST\STM32_USB_Device_Library\Core\Src\usbd_ctlreq.o
                0x08002e14                USBD_CtlError
 *fill*         0x08002e2a        0x2 
 .text.USBD_StdDevReq
                0x08002e2c      0x214 Middlewares\ST\STM32_USB_Device_Library\Core\Src\usbd_ctlreq.o
                0x08002e2c                USBD_StdDevReq
 .text.USBD_StdItfReq
                0x08003040       0x30 Middlewares\ST\STM32_USB_Device_Library\Core\Src\usbd_ctlreq.o
                0x08003040                USBD_StdItfReq
 .text.USBD_StdEPReq
                0x08003070       0xc6 Middlewares\ST\STM32_USB_Device_Library\Core\Src\usbd_ctlreq.o
                0x08003070                USBD_StdEPReq
 .text.USBD_GetString
                0x08003136       0x38 Middlewares\ST\STM32_USB_Device_Library\Core\Src\usbd_ctlreq.o
                0x08003136                USBD_GetString
 .text.USBD_CtlSendData
                0x0800316e       0x1a Middlewares\ST\STM32_USB_Device_Library\Core\Src\usbd_ioreq.o
                0x0800316e                USBD_CtlSendData
 .text.USBD_CtlContinueSendData
                0x08003188       0x10 Middlewares\ST\STM32_USB_Device_Library\Core\Src\usbd_ioreq.o
                0x08003188                USBD_CtlContinueSendData
 .text.USBD_CtlPrepareRx
                0x08003198       0x1e Middlewares\ST\STM32_USB_Device_Library\Core\Src\usbd_ioreq.o
                0x08003198                USBD_CtlPrepareRx
 .text.USBD_CtlContinueRx
                0x080031b6       0x10 Middlewares\ST\STM32_USB_Device_Library\Core\Src\usbd_ioreq.o
                0x080031b6                USBD_CtlContinueRx
 .text.USBD_CtlSendStatus
                0x080031c6       0x16 Middlewares\ST\STM32_USB_Device_Library\Core\Src\usbd_ioreq.o
                0x080031c6                USBD_CtlSendStatus
 .text.USBD_CtlReceiveStatus
                0x080031dc       0x16 Middlewares\ST\STM32_USB_Device_Library\Core\Src\usbd_ioreq.o
                0x080031dc                USBD_CtlReceiveStatus
 .text.osSystickHandler
                0x080031f2       0x14 Middlewares\Third_Party\FreeRTOS\Source\CMSIS_RTOS\cmsis_os.o
                0x080031f2                osSystickHandler
 .text.vListInitialise
                0x08003206       0x16 Middlewares\Third_Party\FreeRTOS\Source\list.o
                0x08003206                vListInitialise
 .text.vListInitialiseItem
                0x0800321c        0x6 Middlewares\Third_Party\FreeRTOS\Source\list.o
                0x0800321c                vListInitialiseItem
 .text.vListInsertEnd
                0x08003222       0x18 Middlewares\Third_Party\FreeRTOS\Source\list.o
                0x08003222                vListInsertEnd
 .text.vListInsert
                0x0800323a       0x30 Middlewares\Third_Party\FreeRTOS\Source\list.o
                0x0800323a                vListInsert
 .text.uxListRemove
                0x0800326a       0x20 Middlewares\Third_Party\FreeRTOS\Source\list.o
                0x0800326a                uxListRemove
 *fill*         0x0800328a        0x2 
 .text.prvPortStartFirstTask
                0x0800328c       0x20 Middlewares\Third_Party\FreeRTOS\Source\portable\GCC\ARM_CM3\port.o
 .text.pxPortInitialiseStack
                0x080032ac       0x1c Middlewares\Third_Party\FreeRTOS\Source\portable\GCC\ARM_CM3\port.o
                0x080032ac                pxPortInitialiseStack
 .text.SVC_Handler
                0x080032c8       0x24 Middlewares\Third_Party\FreeRTOS\Source\portable\GCC\ARM_CM3\port.o
                0x080032c8                SVC_Handler
 .text.vPortYield
                0x080032ec       0x18 Middlewares\Third_Party\FreeRTOS\Source\portable\GCC\ARM_CM3\port.o
                0x080032ec                vPortYield
 .text.ulPortSetInterruptMask
                0x08003304       0x10 Middlewares\Third_Party\FreeRTOS\Source\portable\GCC\ARM_CM3\port.o
                0x08003304                ulPortSetInterruptMask
 .text.prvTaskExitError
                0x08003314       0x1c Middlewares\Third_Party\FreeRTOS\Source\portable\GCC\ARM_CM3\port.o
 .text.vPortEnterCritical
                0x08003330       0x34 Middlewares\Third_Party\FreeRTOS\Source\portable\GCC\ARM_CM3\port.o
                0x08003330                vPortEnterCritical
 .text.vPortClearInterruptMask
                0x08003364        0x6 Middlewares\Third_Party\FreeRTOS\Source\portable\GCC\ARM_CM3\port.o
                0x08003364                vPortClearInterruptMask
 *fill*         0x0800336a        0x2 
 .text.vPortExitCritical
                0x0800336c       0x24 Middlewares\Third_Party\FreeRTOS\Source\portable\GCC\ARM_CM3\port.o
                0x0800336c                vPortExitCritical
 .text.PendSV_Handler
                0x08003390       0x44 Middlewares\Third_Party\FreeRTOS\Source\portable\GCC\ARM_CM3\port.o
                0x08003390                PendSV_Handler
 .text.xPortSysTickHandler
                0x080033d4       0x24 Middlewares\Third_Party\FreeRTOS\Source\portable\GCC\ARM_CM3\port.o
                0x080033d4                xPortSysTickHandler
 .text.vPortSuppressTicksAndSleep
                0x080033f8      0x118 Middlewares\Third_Party\FreeRTOS\Source\portable\GCC\ARM_CM3\port.o
                0x080033f8                vPortSuppressTicksAndSleep
 .text.vPortSetupTimerInterrupt
                0x08003510       0x50 Middlewares\Third_Party\FreeRTOS\Source\portable\GCC\ARM_CM3\port.o
                0x08003510                vPortSetupTimerInterrupt
 .text.xPortStartScheduler
                0x08003560       0x94 Middlewares\Third_Party\FreeRTOS\Source\portable\GCC\ARM_CM3\port.o
                0x08003560                xPortStartScheduler
 .text.vPortValidateInterruptPriority
                0x080035f4       0x44 Middlewares\Third_Party\FreeRTOS\Source\portable\GCC\ARM_CM3\port.o
                0x080035f4                vPortValidateInterruptPriority
 .text.prvInsertBlockIntoFreeList
                0x08003638       0x48 Middlewares\Third_Party\FreeRTOS\Source\portable\MemMang\heap_4.o
 .text.pvPortMalloc
                0x08003680      0x114 Middlewares\Third_Party\FreeRTOS\Source\portable\MemMang\heap_4.o
                0x08003680                pvPortMalloc
 .text.vPortFree
                0x08003794       0x58 Middlewares\Third_Party\FreeRTOS\Source\portable\MemMang\heap_4.o
                0x08003794                vPortFree
 .text.prvCopyDataToQueue
                0x080037ec       0x6a Middlewares\Third_Party\FreeRTOS\Source\queue.o
 .text.prvCopyDataFromQueue
                0x08003856       0x28 Middlewares\Third_Party\FreeRTOS\Source\queue.o
 .text.prvUnlockQueue
                0x0800387e       0x68 Middlewares\Third_Party\FreeRTOS\Source\queue.o
 .text.xQueueGenericReset
                0x080038e6       0x62 Middlewares\Third_Party\FreeRTOS\Source\queue.o
                0x080038e6                xQueueGenericReset
 .text.xQueueGenericCreate
                0x08003948       0x4c Middlewares\Third_Party\FreeRTOS\Source\queue.o
                0x08003948                xQueueGenericCreate
 .text.xQueueGenericSendFromISR
                0x08003994       0x8a Middlewares\Third_Party\FreeRTOS\Source\queue.o
                0x08003994                xQueueGenericSendFromISR
 .text.xQueueGenericReceive
                0x08003a1e      0x12c Middlewares\Third_Party\FreeRTOS\Source\queue.o
                0x08003a1e                xQueueGenericReceive
 *fill*         0x08003b4a        0x2 
 .text.prvGetExpectedIdleTime
                0x08003b4c       0x30 Middlewares\Third_Party\FreeRTOS\Source\tasks.o
 .text.prvResetNextTaskUnblockTime
                0x08003b7c       0x24 Middlewares\Third_Party\FreeRTOS\Source\tasks.o
 .text.prvAddCurrentTaskToDelayedList
                0x08003ba0       0x50 Middlewares\Third_Party\FreeRTOS\Source\tasks.o
 .text.xTaskGenericCreate
                0x08003bf0      0x1c8 Middlewares\Third_Party\FreeRTOS\Source\tasks.o
                0x08003bf0                xTaskGenericCreate
 .text.vTaskStartScheduler
                0x08003db8       0x64 Middlewares\Third_Party\FreeRTOS\Source\tasks.o
                0x08003db8                vTaskStartScheduler
 .text.vTaskSuspendAll
                0x08003e1c       0x10 Middlewares\Third_Party\FreeRTOS\Source\tasks.o
                0x08003e1c                vTaskSuspendAll
 .text.vTaskStepTick
                0x08003e2c       0x28 Middlewares\Third_Party\FreeRTOS\Source\tasks.o
                0x08003e2c                vTaskStepTick
 .text.xTaskIncrementTick
                0x08003e54      0x134 Middlewares\Third_Party\FreeRTOS\Source\tasks.o
                0x08003e54                xTaskIncrementTick
 .text.xTaskResumeAll
                0x08003f88       0xd0 Middlewares\Third_Party\FreeRTOS\Source\tasks.o
                0x08003f88                xTaskResumeAll
 .text.vTaskDelay
                0x08004058       0x60 Middlewares\Third_Party\FreeRTOS\Source\tasks.o
                0x08004058                vTaskDelay
 .text.prvIdleTask
                0x080040b8       0xa4 Middlewares\Third_Party\FreeRTOS\Source\tasks.o
 .text.vTaskSwitchContext
                0x0800415c       0x88 Middlewares\Third_Party\FreeRTOS\Source\tasks.o
                0x0800415c                vTaskSwitchContext
 .text.vTaskPlaceOnEventList
                0x080041e4       0x64 Middlewares\Third_Party\FreeRTOS\Source\tasks.o
                0x080041e4                vTaskPlaceOnEventList
 .text.xTaskRemoveFromEventList
                0x08004248       0x7c Middlewares\Third_Party\FreeRTOS\Source\tasks.o
                0x08004248                xTaskRemoveFromEventList
 .text.vTaskSetTimeOutState
                0x080042c4       0x20 Middlewares\Third_Party\FreeRTOS\Source\tasks.o
                0x080042c4                vTaskSetTimeOutState
 .text.xTaskCheckForTimeOut
                0x080042e4       0x5c Middlewares\Third_Party\FreeRTOS\Source\tasks.o
                0x080042e4                xTaskCheckForTimeOut
 .text.vTaskMissedYield
                0x08004340        0xc Middlewares\Third_Party\FreeRTOS\Source\tasks.o
                0x08004340                vTaskMissedYield
 .text.eTaskConfirmSleepModeStatus
                0x0800434c       0x34 Middlewares\Third_Party\FreeRTOS\Source\tasks.o
                0x0800434c                eTaskConfirmSleepModeStatus
 .text.xTaskGetSchedulerState
                0x08004380       0x20 Middlewares\Third_Party\FreeRTOS\Source\tasks.o
                0x08004380                xTaskGetSchedulerState
 .text.vTaskPriorityInherit
                0x080043a0       0x94 Middlewares\Third_Party\FreeRTOS\Source\tasks.o
                0x080043a0                vTaskPriorityInherit
 .text.xTaskPriorityDisinherit
                0x08004434       0x88 Middlewares\Third_Party\FreeRTOS\Source\tasks.o
                0x08004434                xTaskPriorityDisinherit
 .text.pvTaskIncrementMutexHeldCount
                0x080044bc       0x18 Middlewares\Third_Party\FreeRTOS\Source\tasks.o
                0x080044bc                pvTaskIncrementMutexHeldCount
 .text.configureTimerForRunTimeStats
                0x080044d4        0x2 Src\freertos.o
                0x080044d4                configureTimerForRunTimeStats
 .text.getRunTimeCounterValue
                0x080044d6        0x4 Src\freertos.o
                0x080044d6                getRunTimeCounterValue
 .text.vApplicationIdleHook
                0x080044da        0x2 Src\freertos.o
                0x080044da                vApplicationIdleHook
 .text.vApplicationTickHook
                0x080044dc        0x2 Src\freertos.o
                0x080044dc                vApplicationTickHook
 .text.vApplicationMallocFailedHook
                0x080044de        0x2 Src\freertos.o
                0x080044de                vApplicationMallocFailedHook
 .text.PreSleepProcessing
                0x080044e0        0x2 Src\freertos.o
                0x080044e0                PreSleepProcessing
 .text.PostSleepProcessing
                0x080044e2        0x2 Src\freertos.o
                0x080044e2                PostSleepProcessing
 .text.microrl_run
                0x080044e4        0xc Src\main.o
                0x080044e4                microrl_run
 .text.vLedTask
                0x080044f0       0x1c Src\main.o
                0x080044f0                vLedTask
 .text.SystemClock_Config
                0x0800450c       0x7e Src\main.o
                0x0800450c                SystemClock_Config
 *fill*         0x0800458a        0x2 
 .text.startup.main
                0x0800458c       0xb8 Src\main.o
                0x0800458c                main
 .text.Error_Handler
                0x08004644        0x2 Src\main.o
                0x08004644                Error_Handler
 .text.NMI_Handler
                0x08004646        0x2 Src\stm32f1xx_it.o
                0x08004646                NMI_Handler
 .text.HardFault_Handler
                0x08004648        0x2 Src\stm32f1xx_it.o
                0x08004648                HardFault_Handler
 .text.MemManage_Handler
                0x0800464a        0x2 Src\stm32f1xx_it.o
                0x0800464a                MemManage_Handler
 .text.BusFault_Handler
                0x0800464c        0x2 Src\stm32f1xx_it.o
                0x0800464c                BusFault_Handler
 .text.UsageFault_Handler
                0x0800464e        0x2 Src\stm32f1xx_it.o
                0x0800464e                UsageFault_Handler
 .text.DebugMon_Handler
                0x08004650        0x2 Src\stm32f1xx_it.o
                0x08004650                DebugMon_Handler
 .text.SysTick_Handler
                0x08004652        0xe Src\stm32f1xx_it.o
                0x08004652                SysTick_Handler
 .text.USB_LP_CAN1_RX0_IRQHandler
                0x08004660        0xc Src\stm32f1xx_it.o
                0x08004660                USB_LP_CAN1_RX0_IRQHandler
 .text._sbrk    0x0800466c       0x1c Src\syscalls.o
                0x0800466c                _sbrk
 .text._close   0x08004688        0x6 Src\syscalls.o
                0x08004688                _close
 .text._fstat   0x0800468e        0xa Src\syscalls.o
                0x0800468e                _fstat
 .text._isatty  0x08004698        0x4 Src\syscalls.o
                0x08004698                _isatty
 .text._lseek   0x0800469c        0x4 Src\syscalls.o
                0x0800469c                _lseek
 .text._read    0x080046a0        0x4 Src\syscalls.o
                0x080046a0                _read
 .text._write   0x080046a4       0x10 Src\syscalls.o
                0x080046a4                _write
 .text.SystemInit
                0x080046b4       0x4c Src\system_stm32f1xx.o
                0x080046b4                SystemInit
 .text.MX_USB_DEVICE_Init
                0x08004700       0x38 Src\usb_device.o
                0x08004700                MX_USB_DEVICE_Init
 .text.CDC_DeInit_FS
                0x08004738        0x4 Src\usbd_cdc_if.o
 .text.CDC_Control_FS
                0x0800473c        0x4 Src\usbd_cdc_if.o
 .text.CDC_Receive_FS
                0x08004740       0x4c Src\usbd_cdc_if.o
 .text.CDC_Init_FS
                0x0800478c       0x28 Src\usbd_cdc_if.o
 .text.CDC_Transmit_FS
                0x080047b4       0x2c Src\usbd_cdc_if.o
                0x080047b4                CDC_Transmit_FS
 .text.HAL_PCD_MspInit
                0x080047e0       0x3c Src\usbd_conf.o
                0x080047e0                HAL_PCD_MspInit
 .text.HAL_PCD_SetupStageCallback
                0x0800481c        0xc Src\usbd_conf.o
                0x0800481c                HAL_PCD_SetupStageCallback
 .text.HAL_PCD_DataOutStageCallback
                0x08004828       0x10 Src\usbd_conf.o
                0x08004828                HAL_PCD_DataOutStageCallback
 .text.HAL_PCD_DataInStageCallback
                0x08004838        0xe Src\usbd_conf.o
                0x08004838                HAL_PCD_DataInStageCallback
 .text.HAL_PCD_SOFCallback
                0x08004846        0x8 Src\usbd_conf.o
                0x08004846                HAL_PCD_SOFCallback
 .text.HAL_PCD_ResetCallback
                0x0800484e       0x1a Src\usbd_conf.o
                0x0800484e                HAL_PCD_ResetCallback
 .text.HAL_PCD_SuspendCallback
                0x08004868       0x20 Src\usbd_conf.o
                0x08004868                HAL_PCD_SuspendCallback
 .text.HAL_PCD_ResumeCallback
                0x08004888        0x8 Src\usbd_conf.o
                0x08004888                HAL_PCD_ResumeCallback
 .text.USBD_LL_Init
                0x08004890       0x84 Src\usbd_conf.o
                0x08004890                USBD_LL_Init
 .text.USBD_LL_Start
                0x08004914       0x1c Src\usbd_conf.o
                0x08004914                USBD_LL_Start
 .text.USBD_LL_OpenEP
                0x08004930       0x20 Src\usbd_conf.o
                0x08004930                USBD_LL_OpenEP
 .text.USBD_LL_CloseEP
                0x08004950       0x1c Src\usbd_conf.o
                0x08004950                USBD_LL_CloseEP
 .text.USBD_LL_StallEP
                0x0800496c       0x1c Src\usbd_conf.o
                0x0800496c                USBD_LL_StallEP
 .text.USBD_LL_ClearStallEP
                0x08004988       0x1c Src\usbd_conf.o
                0x08004988                USBD_LL_ClearStallEP
 .text.USBD_LL_IsStallEP
                0x080049a4       0x20 Src\usbd_conf.o
                0x080049a4                USBD_LL_IsStallEP
 .text.USBD_LL_SetUSBAddress
                0x080049c4       0x1c Src\usbd_conf.o
                0x080049c4                USBD_LL_SetUSBAddress
 .text.USBD_LL_Transmit
                0x080049e0       0x1c Src\usbd_conf.o
                0x080049e0                USBD_LL_Transmit
 .text.USBD_LL_PrepareReceive
                0x080049fc       0x1c Src\usbd_conf.o
                0x080049fc                USBD_LL_PrepareReceive
 .text.USBD_LL_GetRxDataSize
                0x08004a18        0xc Src\usbd_conf.o
                0x08004a18                USBD_LL_GetRxDataSize
 .text.USBD_static_malloc
                0x08004a24        0x8 Src\usbd_conf.o
                0x08004a24                USBD_static_malloc
 .text.USBD_static_free
                0x08004a2c        0x2 Src\usbd_conf.o
                0x08004a2c                USBD_static_free
 .text.HAL_PCDEx_SetConnectionState
                0x08004a2e        0x2 Src\usbd_conf.o
                0x08004a2e                HAL_PCDEx_SetConnectionState
 .text.USBD_FS_DeviceDescriptor
                0x08004a30        0xc Src\usbd_desc.o
                0x08004a30                USBD_FS_DeviceDescriptor
 .text.USBD_FS_LangIDStrDescriptor
                0x08004a3c        0xc Src\usbd_desc.o
                0x08004a3c                USBD_FS_LangIDStrDescriptor
 .text.USBD_FS_ManufacturerStrDescriptor
                0x08004a48       0x1c Src\usbd_desc.o
                0x08004a48                USBD_FS_ManufacturerStrDescriptor
 .text.USBD_FS_ProductStrDescriptor
                0x08004a64       0x1c Src\usbd_desc.o
                0x08004a64                USBD_FS_ProductStrDescriptor
 .text.USBD_FS_SerialStrDescriptor
                0x08004a80       0x1c Src\usbd_desc.o
                0x08004a80                USBD_FS_SerialStrDescriptor
 .text.USBD_FS_ConfigStrDescriptor
                0x08004a9c       0x1c Src\usbd_desc.o
                0x08004a9c                USBD_FS_ConfigStrDescriptor
 .text.USBD_FS_InterfaceStrDescriptor
                0x08004ab8       0x1c Src\usbd_desc.o
                0x08004ab8                USBD_FS_InterfaceStrDescriptor
 .text.cmdHelp  0x08004ad4       0x14 microrl_lib\console_cmd.o
                0x08004ad4                cmdHelp
 .text.split    0x08004ae8       0x52 microrl_lib\microrl.o
 .text.u16bit_to_str
                0x08004b3a       0x4a microrl_lib\microrl.o
 .text.terminal_reset_cursor.isra.2
                0x08004b84       0x40 microrl_lib\microrl.o
 .text.terminal_move_cursor.isra.3
                0x08004bc4       0x54 microrl_lib\microrl.o
 .text.terminal_print_line
                0x08004c18       0x5c microrl_lib\microrl.o
 .text.hist_search
                0x08004c74      0x116 microrl_lib\microrl.o
 *fill*         0x08004d8a        0x2 
 .text.microrl_backspace
                0x08004d8c       0x50 microrl_lib\microrl.o
 .text.microrl_insert_text
                0x08004ddc       0x66 microrl_lib\microrl.o
 *fill*         0x08004e42        0x2 
 .text.microrl_init
                0x08004e44       0x58 microrl_lib\microrl.o
                0x08004e44                microrl_init
 .text.microrl_set_complete_callback
                0x08004e9c        0x6 microrl_lib\microrl.o
                0x08004e9c                microrl_set_complete_callback
 .text.microrl_set_execute_callback
                0x08004ea2        0x6 microrl_lib\microrl.o
                0x08004ea2                microrl_set_execute_callback
 .text.new_line_handler
                0x08004ea8       0xfc microrl_lib\microrl.o
                0x08004ea8                new_line_handler
 .text.microrl_insert_char
                0x08004fa4      0x2e8 microrl_lib\microrl.o
                0x08004fa4                microrl_insert_char
 .text.complet  0x0800528c       0x88 microrl_lib\microrl_func.o
                0x0800528c                complet
 .text.fc_printf
                0x08005314       0x1a microrl_lib\microrl_func.o
                0x08005314                fc_printf
 *fill*         0x0800532e        0x2 
 .text.consoleExecute
                0x08005330       0x30 microrl_lib\microrl_func.o
                0x08005330                consoleExecute
 .text.execute  0x08005360        0x4 microrl_lib\microrl_func.o
                0x08005360                execute
 .text.consoleInit
                0x08005364       0x18 microrl_lib\microrl_func.o
                0x08005364                consoleInit
 .text.microrl_terminalProcess
                0x0800537c       0x30 microrl_lib\microrl_func.o
                0x0800537c                microrl_terminalProcess
 .text.ConsoleInput
                0x080053ac       0x40 microrl_lib\microrl_func.o
                0x080053ac                ConsoleInput
 .text.microrl_sendString
                0x080053ec       0x1a microrl_lib\microrl_func.o
                0x080053ec                microrl_sendString
 *fill*         0x08005406        0x2 
 .text.microrl_printEndl
                0x08005408        0xc microrl_lib\microrl_func.o
                0x08005408                microrl_printEndl
 .text.print    0x08005414        0x4 microrl_lib\microrl_func.o
                0x08005414                print
 .text.microrl_terminalInit
                0x08005418       0x30 microrl_lib\microrl_func.o
                0x08005418                microrl_terminalInit
 .text.__libc_init_array
                0x08005448       0x4c c:/program files/atollic/truestudio for arm 7.1.0/armtools/bin/../lib/gcc/arm-atollic-eabi/5.3.1/../../../../arm-atollic-eabi/lib/armv7-m\libc.a(lib_a-init.o)
                0x08005448                __libc_init_array
 .text.memcpy   0x08005494       0x16 c:/program files/atollic/truestudio for arm 7.1.0/armtools/bin/../lib/gcc/arm-atollic-eabi/5.3.1/../../../../arm-atollic-eabi/lib/armv7-m\libc.a(lib_a-memcpy-stub.o)
                0x08005494                memcpy
 .text.memmove  0x080054aa       0x36 c:/program files/atollic/truestudio for arm 7.1.0/armtools/bin/../lib/gcc/arm-atollic-eabi/5.3.1/../../../../arm-atollic-eabi/lib/armv7-m\libc.a(lib_a-memmove.o)
                0x080054aa                memmove
 .text.memset   0x080054e0       0x10 c:/program files/atollic/truestudio for arm 7.1.0/armtools/bin/../lib/gcc/arm-atollic-eabi/5.3.1/../../../../arm-atollic-eabi/lib/armv7-m\libc.a(lib_a-memset.o)
                0x080054e0                memset
 .text.strcasecmp
                0x080054f0       0x3c c:/program files/atollic/truestudio for arm 7.1.0/armtools/bin/../lib/gcc/arm-atollic-eabi/5.3.1/../../../../arm-atollic-eabi/lib/armv7-m\libc.a(lib_a-strcasecmp.o)
                0x080054f0                strcasecmp
 .text.strcpy   0x0800552c       0x10 c:/program files/atollic/truestudio for arm 7.1.0/armtools/bin/../lib/gcc/arm-atollic-eabi/5.3.1/../../../../arm-atollic-eabi/lib/armv7-m\libc.a(lib_a-strcpy.o)
                0x0800552c                strcpy
 .text.strstr   0x0800553c       0x34 c:/program files/atollic/truestudio for arm 7.1.0/armtools/bin/../lib/gcc/arm-atollic-eabi/5.3.1/../../../../arm-atollic-eabi/lib/armv7-m\libc.a(lib_a-strstr.o)
                0x0800553c                strstr
 .text.vprintf  0x08005570       0x2c c:/program files/atollic/truestudio for arm 7.1.0/armtools/bin/../lib/gcc/arm-atollic-eabi/5.3.1/../../../../arm-atollic-eabi/lib/armv7-m\libc.a(lib_a-vprintf.o)
                0x08005570                vprintf
 .text._cleanup_r
                0x0800559c        0xc c:/program files/atollic/truestudio for arm 7.1.0/armtools/bin/../lib/gcc/arm-atollic-eabi/5.3.1/../../../../arm-atollic-eabi/lib/armv7-m\libc.a(lib_a-findfp.o)
                0x0800559c                _cleanup_r
 .text.std.isra.0
                0x080055a8       0x48 c:/program files/atollic/truestudio for arm 7.1.0/armtools/bin/../lib/gcc/arm-atollic-eabi/5.3.1/../../../../arm-atollic-eabi/lib/armv7-m\libc.a(lib_a-findfp.o)
 .text.__sfmoreglue
                0x080055f0       0x2c c:/program files/atollic/truestudio for arm 7.1.0/armtools/bin/../lib/gcc/arm-atollic-eabi/5.3.1/../../../../arm-atollic-eabi/lib/armv7-m\libc.a(lib_a-findfp.o)
                0x080055f0                __sfmoreglue
 .text.__sinit  0x0800561c       0x68 c:/program files/atollic/truestudio for arm 7.1.0/armtools/bin/../lib/gcc/arm-atollic-eabi/5.3.1/../../../../arm-atollic-eabi/lib/armv7-m\libc.a(lib_a-findfp.o)
                0x0800561c                __sinit
 .text.__sfp    0x08005684       0x78 c:/program files/atollic/truestudio for arm 7.1.0/armtools/bin/../lib/gcc/arm-atollic-eabi/5.3.1/../../../../arm-atollic-eabi/lib/armv7-m\libc.a(lib_a-findfp.o)
                0x08005684                __sfp
 .text.__sfp_lock_acquire
                0x080056fc        0x2 c:/program files/atollic/truestudio for arm 7.1.0/armtools/bin/../lib/gcc/arm-atollic-eabi/5.3.1/../../../../arm-atollic-eabi/lib/armv7-m\libc.a(lib_a-findfp.o)
                0x080056fc                __sfp_lock_acquire
 .text.__sfp_lock_release
                0x080056fe        0x2 c:/program files/atollic/truestudio for arm 7.1.0/armtools/bin/../lib/gcc/arm-atollic-eabi/5.3.1/../../../../arm-atollic-eabi/lib/armv7-m\libc.a(lib_a-findfp.o)
                0x080056fe                __sfp_lock_release
 .text._fwalk_reent
                0x08005700       0x3c c:/program files/atollic/truestudio for arm 7.1.0/armtools/bin/../lib/gcc/arm-atollic-eabi/5.3.1/../../../../arm-atollic-eabi/lib/armv7-m\libc.a(lib_a-fwalk.o)
                0x08005700                _fwalk_reent
 .text._malloc_r
                0x0800573c      0x438 c:/program files/atollic/truestudio for arm 7.1.0/armtools/bin/../lib/gcc/arm-atollic-eabi/5.3.1/../../../../arm-atollic-eabi/lib/armv7-m\libc.a(lib_a-mallocr.o)
                0x0800573c                _malloc_r
 .text.__malloc_lock
                0x08005b74        0x2 c:/program files/atollic/truestudio for arm 7.1.0/armtools/bin/../lib/gcc/arm-atollic-eabi/5.3.1/../../../../arm-atollic-eabi/lib/armv7-m\libc.a(lib_a-mlock.o)
                0x08005b74                __malloc_lock
 .text.__malloc_unlock
                0x08005b76        0x2 c:/program files/atollic/truestudio for arm 7.1.0/armtools/bin/../lib/gcc/arm-atollic-eabi/5.3.1/../../../../arm-atollic-eabi/lib/armv7-m\libc.a(lib_a-mlock.o)
                0x08005b76                __malloc_unlock
 .text._sbrk_r  0x08005b78       0x20 c:/program files/atollic/truestudio for arm 7.1.0/armtools/bin/../lib/gcc/arm-atollic-eabi/5.3.1/../../../../arm-atollic-eabi/lib/armv7-m\libc.a(lib_a-sbrkr.o)
                0x08005b78                _sbrk_r
 .text.__sread  0x08005b98       0x22 c:/program files/atollic/truestudio for arm 7.1.0/armtools/bin/../lib/gcc/arm-atollic-eabi/5.3.1/../../../../arm-atollic-eabi/lib/armv7-m\libc.a(lib_a-stdio.o)
                0x08005b98                __sread
 .text.__swrite
                0x08005bba       0x38 c:/program files/atollic/truestudio for arm 7.1.0/armtools/bin/../lib/gcc/arm-atollic-eabi/5.3.1/../../../../arm-atollic-eabi/lib/armv7-m\libc.a(lib_a-stdio.o)
                0x08005bba                __swrite
 .text.__sseek  0x08005bf2       0x24 c:/program files/atollic/truestudio for arm 7.1.0/armtools/bin/../lib/gcc/arm-atollic-eabi/5.3.1/../../../../arm-atollic-eabi/lib/armv7-m\libc.a(lib_a-stdio.o)
                0x08005bf2                __sseek
 .text.__sclose
                0x08005c16        0x8 c:/program files/atollic/truestudio for arm 7.1.0/armtools/bin/../lib/gcc/arm-atollic-eabi/5.3.1/../../../../arm-atollic-eabi/lib/armv7-m\libc.a(lib_a-stdio.o)
                0x08005c16                __sclose
 *fill*         0x08005c1e        0x2 
 .text._vfprintf_r
                0x08005c20      0xfdc c:/program files/atollic/truestudio for arm 7.1.0/armtools/bin/../lib/gcc/arm-atollic-eabi/5.3.1/../../../../arm-atollic-eabi/lib/armv7-m\libc.a(lib_a-vfprintf.o)
                0x08005c20                _vfprintf_r
 .text.__sbprintf
                0x08006bfc       0x6a c:/program files/atollic/truestudio for arm 7.1.0/armtools/bin/../lib/gcc/arm-atollic-eabi/5.3.1/../../../../arm-atollic-eabi/lib/armv7-m\libc.a(lib_a-vfprintf.o)
 *fill*         0x08006c66        0x2 
 .text._write_r
                0x08006c68       0x24 c:/program files/atollic/truestudio for arm 7.1.0/armtools/bin/../lib/gcc/arm-atollic-eabi/5.3.1/../../../../arm-atollic-eabi/lib/armv7-m\libc.a(lib_a-writer.o)
                0x08006c68                _write_r
 .text.__swsetup_r
                0x08006c8c       0xdc c:/program files/atollic/truestudio for arm 7.1.0/armtools/bin/../lib/gcc/arm-atollic-eabi/5.3.1/../../../../arm-atollic-eabi/lib/armv7-m\libc.a(lib_a-wsetup.o)
                0x08006c8c                __swsetup_r
 .text._close_r
                0x08006d68       0x20 c:/program files/atollic/truestudio for arm 7.1.0/armtools/bin/../lib/gcc/arm-atollic-eabi/5.3.1/../../../../arm-atollic-eabi/lib/armv7-m\libc.a(lib_a-closer.o)
                0x08006d68                _close_r
 .text.quorem   0x08006d88      0x116 c:/program files/atollic/truestudio for arm 7.1.0/armtools/bin/../lib/gcc/arm-atollic-eabi/5.3.1/../../../../arm-atollic-eabi/lib/armv7-m\libc.a(lib_a-dtoa.o)
 *fill*         0x08006e9e        0x2 
 .text._dtoa_r  0x08006ea0      0xb30 c:/program files/atollic/truestudio for arm 7.1.0/armtools/bin/../lib/gcc/arm-atollic-eabi/5.3.1/../../../../arm-atollic-eabi/lib/armv7-m\libc.a(lib_a-dtoa.o)
                0x08006ea0                _dtoa_r
 .text._fclose_r
                0x080079d0       0xa4 c:/program files/atollic/truestudio for arm 7.1.0/armtools/bin/../lib/gcc/arm-atollic-eabi/5.3.1/../../../../arm-atollic-eabi/lib/armv7-m\libc.a(lib_a-fclose.o)
                0x080079d0                _fclose_r
 .text.__sflush_r
                0x08007a74      0x120 c:/program files/atollic/truestudio for arm 7.1.0/armtools/bin/../lib/gcc/arm-atollic-eabi/5.3.1/../../../../arm-atollic-eabi/lib/armv7-m\libc.a(lib_a-fflush.o)
                0x08007a74                __sflush_r
 .text._fflush_r
                0x08007b94       0x54 c:/program files/atollic/truestudio for arm 7.1.0/armtools/bin/../lib/gcc/arm-atollic-eabi/5.3.1/../../../../arm-atollic-eabi/lib/armv7-m\libc.a(lib_a-fflush.o)
                0x08007b94                _fflush_r
 .text._malloc_trim_r
                0x08007be8       0xac c:/program files/atollic/truestudio for arm 7.1.0/armtools/bin/../lib/gcc/arm-atollic-eabi/5.3.1/../../../../arm-atollic-eabi/lib/armv7-m\libc.a(lib_a-freer.o)
                0x08007be8                _malloc_trim_r
 .text._free_r  0x08007c94      0x17c c:/program files/atollic/truestudio for arm 7.1.0/armtools/bin/../lib/gcc/arm-atollic-eabi/5.3.1/../../../../arm-atollic-eabi/lib/armv7-m\libc.a(lib_a-freer.o)
                0x08007c94                _free_r
 .text.__locale_charset
                0x08007e10        0x8 c:/program files/atollic/truestudio for arm 7.1.0/armtools/bin/../lib/gcc/arm-atollic-eabi/5.3.1/../../../../arm-atollic-eabi/lib/armv7-m\libc.a(lib_a-locale.o)
                0x08007e10                __locale_charset
 .text.__locale_mb_cur_max
                0x08007e18        0xc c:/program files/atollic/truestudio for arm 7.1.0/armtools/bin/../lib/gcc/arm-atollic-eabi/5.3.1/../../../../arm-atollic-eabi/lib/armv7-m\libc.a(lib_a-locale.o)
                0x08007e18                __locale_mb_cur_max
 .text._localeconv_r
                0x08007e24        0x8 c:/program files/atollic/truestudio for arm 7.1.0/armtools/bin/../lib/gcc/arm-atollic-eabi/5.3.1/../../../../arm-atollic-eabi/lib/armv7-m\libc.a(lib_a-locale.o)
                0x08007e24                _localeconv_r
 .text._lseek_r
                0x08007e2c       0x24 c:/program files/atollic/truestudio for arm 7.1.0/armtools/bin/../lib/gcc/arm-atollic-eabi/5.3.1/../../../../arm-atollic-eabi/lib/armv7-m\libc.a(lib_a-lseekr.o)
                0x08007e2c                _lseek_r
 .text.__swhatbuf_r
                0x08007e50       0x58 c:/program files/atollic/truestudio for arm 7.1.0/armtools/bin/../lib/gcc/arm-atollic-eabi/5.3.1/../../../../arm-atollic-eabi/lib/armv7-m\libc.a(lib_a-makebuf.o)
                0x08007e50                __swhatbuf_r
 .text.__smakebuf_r
                0x08007ea8       0x78 c:/program files/atollic/truestudio for arm 7.1.0/armtools/bin/../lib/gcc/arm-atollic-eabi/5.3.1/../../../../arm-atollic-eabi/lib/armv7-m\libc.a(lib_a-makebuf.o)
                0x08007ea8                __smakebuf_r
 .text.malloc   0x08007f20       0x10 c:/program files/atollic/truestudio for arm 7.1.0/armtools/bin/../lib/gcc/arm-atollic-eabi/5.3.1/../../../../arm-atollic-eabi/lib/armv7-m\libc.a(lib_a-malloc.o)
                0x08007f20                malloc
 .text.memchr   0x08007f30       0x1c c:/program files/atollic/truestudio for arm 7.1.0/armtools/bin/../lib/gcc/arm-atollic-eabi/5.3.1/../../../../arm-atollic-eabi/lib/armv7-m\libc.a(lib_a-memchr-stub.o)
                0x08007f30                memchr
 .text._Balloc  0x08007f4c       0x6a c:/program files/atollic/truestudio for arm 7.1.0/armtools/bin/../lib/gcc/arm-atollic-eabi/5.3.1/../../../../arm-atollic-eabi/lib/armv7-m\libc.a(lib_a-mprec.o)
                0x08007f4c                _Balloc
 .text._Bfree   0x08007fb6       0x2e c:/program files/atollic/truestudio for arm 7.1.0/armtools/bin/../lib/gcc/arm-atollic-eabi/5.3.1/../../../../arm-atollic-eabi/lib/armv7-m\libc.a(lib_a-mprec.o)
                0x08007fb6                _Bfree
 .text.__multadd
                0x08007fe4       0x76 c:/program files/atollic/truestudio for arm 7.1.0/armtools/bin/../lib/gcc/arm-atollic-eabi/5.3.1/../../../../arm-atollic-eabi/lib/armv7-m\libc.a(lib_a-mprec.o)
                0x08007fe4                __multadd
 .text.__hi0bits
                0x0800805a       0x40 c:/program files/atollic/truestudio for arm 7.1.0/armtools/bin/../lib/gcc/arm-atollic-eabi/5.3.1/../../../../arm-atollic-eabi/lib/armv7-m\libc.a(lib_a-mprec.o)
                0x0800805a                __hi0bits
 .text.__lo0bits
                0x0800809a       0x5a c:/program files/atollic/truestudio for arm 7.1.0/armtools/bin/../lib/gcc/arm-atollic-eabi/5.3.1/../../../../arm-atollic-eabi/lib/armv7-m\libc.a(lib_a-mprec.o)
                0x0800809a                __lo0bits
 .text.__i2b    0x080080f4       0x12 c:/program files/atollic/truestudio for arm 7.1.0/armtools/bin/../lib/gcc/arm-atollic-eabi/5.3.1/../../../../arm-atollic-eabi/lib/armv7-m\libc.a(lib_a-mprec.o)
                0x080080f4                __i2b
 .text.__multiply
                0x08008106      0x120 c:/program files/atollic/truestudio for arm 7.1.0/armtools/bin/../lib/gcc/arm-atollic-eabi/5.3.1/../../../../arm-atollic-eabi/lib/armv7-m\libc.a(lib_a-mprec.o)
                0x08008106                __multiply
 *fill*         0x08008226        0x2 
 .text.__pow5mult
                0x08008228       0x9c c:/program files/atollic/truestudio for arm 7.1.0/armtools/bin/../lib/gcc/arm-atollic-eabi/5.3.1/../../../../arm-atollic-eabi/lib/armv7-m\libc.a(lib_a-mprec.o)
                0x08008228                __pow5mult
 .text.__lshift
                0x080082c4       0xa2 c:/program files/atollic/truestudio for arm 7.1.0/armtools/bin/../lib/gcc/arm-atollic-eabi/5.3.1/../../../../arm-atollic-eabi/lib/armv7-m\libc.a(lib_a-mprec.o)
                0x080082c4                __lshift
 .text.__mcmp   0x08008366       0x38 c:/program files/atollic/truestudio for arm 7.1.0/armtools/bin/../lib/gcc/arm-atollic-eabi/5.3.1/../../../../arm-atollic-eabi/lib/armv7-m\libc.a(lib_a-mprec.o)
                0x08008366                __mcmp
 .text.__mdiff  0x0800839e       0xbe c:/program files/atollic/truestudio for arm 7.1.0/armtools/bin/../lib/gcc/arm-atollic-eabi/5.3.1/../../../../arm-atollic-eabi/lib/armv7-m\libc.a(lib_a-mprec.o)
                0x0800839e                __mdiff
 .text.__d2b    0x0800845c       0x9c c:/program files/atollic/truestudio for arm 7.1.0/armtools/bin/../lib/gcc/arm-atollic-eabi/5.3.1/../../../../arm-atollic-eabi/lib/armv7-m\libc.a(lib_a-mprec.o)
                0x0800845c                __d2b
 .text._read_r  0x080084f8       0x24 c:/program files/atollic/truestudio for arm 7.1.0/armtools/bin/../lib/gcc/arm-atollic-eabi/5.3.1/../../../../arm-atollic-eabi/lib/armv7-m\libc.a(lib_a-readr.o)
                0x080084f8                _read_r
 .text.__sprint_r
                0x0800851c       0x64 c:/program files/atollic/truestudio for arm 7.1.0/armtools/bin/../lib/gcc/arm-atollic-eabi/5.3.1/../../../../arm-atollic-eabi/lib/armv7-m\libc.a(lib_a-vfiprintf.o)
                0x0800851c                __sprint_r
 .text._calloc_r
                0x08008580       0x5a c:/program files/atollic/truestudio for arm 7.1.0/armtools/bin/../lib/gcc/arm-atollic-eabi/5.3.1/../../../../arm-atollic-eabi/lib/armv7-m\libc.a(lib_a-callocr.o)
                0x08008580                _calloc_r
 .text.__fputwc
                0x080085da       0x7e c:/program files/atollic/truestudio for arm 7.1.0/armtools/bin/../lib/gcc/arm-atollic-eabi/5.3.1/../../../../arm-atollic-eabi/lib/armv7-m\libc.a(lib_a-fputwc.o)
                0x080085da                __fputwc
 .text._fputwc_r
                0x08008658       0x1e c:/program files/atollic/truestudio for arm 7.1.0/armtools/bin/../lib/gcc/arm-atollic-eabi/5.3.1/../../../../arm-atollic-eabi/lib/armv7-m\libc.a(lib_a-fputwc.o)
                0x08008658                _fputwc_r
 *fill*         0x08008676        0x2 
 .text._fstat_r
                0x08008678       0x24 c:/program files/atollic/truestudio for arm 7.1.0/armtools/bin/../lib/gcc/arm-atollic-eabi/5.3.1/../../../../arm-atollic-eabi/lib/armv7-m\libc.a(lib_a-fstatr.o)
                0x08008678                _fstat_r
 .text.__sfvwrite_r
                0x0800869c      0x294 c:/program files/atollic/truestudio for arm 7.1.0/armtools/bin/../lib/gcc/arm-atollic-eabi/5.3.1/../../../../arm-atollic-eabi/lib/armv7-m\libc.a(lib_a-fvwrite.o)
                0x0800869c                __sfvwrite_r
 .text._isatty_r
                0x08008930       0x20 c:/program files/atollic/truestudio for arm 7.1.0/armtools/bin/../lib/gcc/arm-atollic-eabi/5.3.1/../../../../arm-atollic-eabi/lib/armv7-m\libc.a(lib_a-isattyr.o)
                0x08008930                _isatty_r
 .text._realloc_r
                0x08008950      0x358 c:/program files/atollic/truestudio for arm 7.1.0/armtools/bin/../lib/gcc/arm-atollic-eabi/5.3.1/../../../../arm-atollic-eabi/lib/armv7-m\libc.a(lib_a-reallocr.o)
                0x08008950                _realloc_r
 .text.__swbuf_r
                0x08008ca8       0xbc c:/program files/atollic/truestudio for arm 7.1.0/armtools/bin/../lib/gcc/arm-atollic-eabi/5.3.1/../../../../arm-atollic-eabi/lib/armv7-m\libc.a(lib_a-wbuf.o)
                0x08008ca8                __swbuf_r
 .text._wcrtomb_r
                0x08008d64       0x48 c:/program files/atollic/truestudio for arm 7.1.0/armtools/bin/../lib/gcc/arm-atollic-eabi/5.3.1/../../../../arm-atollic-eabi/lib/armv7-m\libc.a(lib_a-wcrtomb.o)
                0x08008d64                _wcrtomb_r
 .text.__ascii_wctomb
                0x08008dac       0x1a c:/program files/atollic/truestudio for arm 7.1.0/armtools/bin/../lib/gcc/arm-atollic-eabi/5.3.1/../../../../arm-atollic-eabi/lib/armv7-m\libc.a(lib_a-wctomb_r.o)
                0x08008dac                __ascii_wctomb
 *(.glue_7)
 .glue_7        0x08008dc6        0x0 linker stubs
 *(.glue_7t)
 .glue_7t       0x08008dc6        0x0 linker stubs
 *(.eh_frame)
 *fill*         0x08008dc6        0x2 
 .eh_frame      0x08008dc8        0x0 c:/program files/atollic/truestudio for arm 7.1.0/armtools/bin/../lib/gcc/arm-atollic-eabi/5.3.1/armv7-m/crtbegin.o
 *(.init)
 .init          0x08008dc8        0x4 c:/program files/atollic/truestudio for arm 7.1.0/armtools/bin/../lib/gcc/arm-atollic-eabi/5.3.1/armv7-m/crti.o
                0x08008dc8                _init
 .init          0x08008dcc        0x8 c:/program files/atollic/truestudio for arm 7.1.0/armtools/bin/../lib/gcc/arm-atollic-eabi/5.3.1/armv7-m/crtn.o
 *(.fini)
 .fini          0x08008dd4        0x4 c:/program files/atollic/truestudio for arm 7.1.0/armtools/bin/../lib/gcc/arm-atollic-eabi/5.3.1/armv7-m/crti.o
                0x08008dd4                _fini
 .fini          0x08008dd8        0x8 c:/program files/atollic/truestudio for arm 7.1.0/armtools/bin/../lib/gcc/arm-atollic-eabi/5.3.1/armv7-m/crtn.o
                0x08008de0                . = ALIGN (0x4)
                0x08008de0                _etext = .

.vfp11_veneer   0x08008de0        0x0
 .vfp11_veneer  0x08008de0        0x0 linker stubs

.v4_bx          0x08008de0        0x0
 .v4_bx         0x08008de0        0x0 linker stubs

.iplt           0x08008de0        0x0
 .iplt          0x08008de0        0x0 c:/program files/atollic/truestudio for arm 7.1.0/armtools/bin/../lib/gcc/arm-atollic-eabi/5.3.1/armv7-m/crtbegin.o

.rodata         0x08008de0      0x404
                0x08008de0                . = ALIGN (0x4)
 *(.rodata)
 .rodata        0x08008de0       0x12 Drivers\STM32F1xx_HAL_Driver\Src\stm32f1xx_hal_rcc.o
 *(.rodata*)
 .rodata.str1.1
                0x08008df2        0x5 Middlewares\Third_Party\FreeRTOS\Source\tasks.o
 .rodata.str1.1
                0x08008df7        0xc Src\main.o
 .rodata.AHBPrescTable
                0x08008e03       0x10 Src\system_stm32f1xx.o
                0x08008e03                AHBPrescTable
 .rodata.CSWTCH.39
                0x08008e13        0x4 Src\usbd_conf.o
 .rodata.str1.1
                0x08008e17       0x4f Src\usbd_desc.o
 .rodata.str1.1
                0x08008e66        0xa microrl_lib\console_cmd.o
 .rodata.str1.1
                0x08008e70       0x39 microrl_lib\microrl.o
                                 0x43 (size before relaxing)
 *fill*         0x08008ea9        0x3 
 .rodata.engine_key
                0x08008eac       0x1c microrl_lib\microrl_func.o
 .rodata.str1.1
                0x08008ec8       0x4a microrl_lib\microrl_func.o
                                 0x51 (size before relaxing)
 .rodata._ctype_
                0x08008f12      0x101 c:/program files/atollic/truestudio for arm 7.1.0/armtools/bin/../lib/gcc/arm-atollic-eabi/5.3.1/../../../../arm-atollic-eabi/lib/armv7-m\libc.a(lib_a-ctype_.o)
                0x08008f12                _ctype_
 *fill*         0x08009013        0x1 
 .rodata.__sf_fake_stdin
                0x08009014       0x20 c:/program files/atollic/truestudio for arm 7.1.0/armtools/bin/../lib/gcc/arm-atollic-eabi/5.3.1/../../../../arm-atollic-eabi/lib/armv7-m\libc.a(lib_a-findfp.o)
                0x08009014                __sf_fake_stdin
 .rodata.__sf_fake_stdout
                0x08009034       0x20 c:/program files/atollic/truestudio for arm 7.1.0/armtools/bin/../lib/gcc/arm-atollic-eabi/5.3.1/../../../../arm-atollic-eabi/lib/armv7-m\libc.a(lib_a-findfp.o)
                0x08009034                __sf_fake_stdout
 .rodata.__sf_fake_stderr
                0x08009054       0x20 c:/program files/atollic/truestudio for arm 7.1.0/armtools/bin/../lib/gcc/arm-atollic-eabi/5.3.1/../../../../arm-atollic-eabi/lib/armv7-m\libc.a(lib_a-findfp.o)
                0x08009054                __sf_fake_stderr
 .rodata.str1.1
                0x08009074        0x2 c:/program files/atollic/truestudio for arm 7.1.0/armtools/bin/../lib/gcc/arm-atollic-eabi/5.3.1/../../../../arm-atollic-eabi/lib/armv7-m\libc.a(lib_a-impure.o)
 .rodata._global_impure_ptr
                0x08009074        0x4 c:/program files/atollic/truestudio for arm 7.1.0/armtools/bin/../lib/gcc/arm-atollic-eabi/5.3.1/../../../../arm-atollic-eabi/lib/armv7-m\libc.a(lib_a-impure.o)
                0x08009074                _global_impure_ptr
 .rodata.blanks.7057
                0x08009078       0x10 c:/program files/atollic/truestudio for arm 7.1.0/armtools/bin/../lib/gcc/arm-atollic-eabi/5.3.1/../../../../arm-atollic-eabi/lib/armv7-m\libc.a(lib_a-vfprintf.o)
 .rodata.str1.1
                0x08009088       0x34 c:/program files/atollic/truestudio for arm 7.1.0/armtools/bin/../lib/gcc/arm-atollic-eabi/5.3.1/../../../../arm-atollic-eabi/lib/armv7-m\libc.a(lib_a-vfprintf.o)
 .rodata.zeroes.7058
                0x080090bc       0x10 c:/program files/atollic/truestudio for arm 7.1.0/armtools/bin/../lib/gcc/arm-atollic-eabi/5.3.1/../../../../arm-atollic-eabi/lib/armv7-m\libc.a(lib_a-vfprintf.o)
 .rodata.str1.1
                0x080090cc        0xd c:/program files/atollic/truestudio for arm 7.1.0/armtools/bin/../lib/gcc/arm-atollic-eabi/5.3.1/../../../../arm-atollic-eabi/lib/armv7-m\libc.a(lib_a-dtoa.o)
                                  0xf (size before relaxing)
 .rodata.str1.1
                0x080090d9        0x8 c:/program files/atollic/truestudio for arm 7.1.0/armtools/bin/../lib/gcc/arm-atollic-eabi/5.3.1/../../../../arm-atollic-eabi/lib/armv7-m\libc.a(lib_a-locale.o)
                                  0xb (size before relaxing)
 *fill*         0x080090e1        0x7 
 .rodata.__mprec_tens
                0x080090e8       0xc8 c:/program files/atollic/truestudio for arm 7.1.0/armtools/bin/../lib/gcc/arm-atollic-eabi/5.3.1/../../../../arm-atollic-eabi/lib/armv7-m\libc.a(lib_a-mprec.o)
                0x080090e8                __mprec_tens
 .rodata.__mprec_bigtens
                0x080091b0       0x28 c:/program files/atollic/truestudio for arm 7.1.0/armtools/bin/../lib/gcc/arm-atollic-eabi/5.3.1/../../../../arm-atollic-eabi/lib/armv7-m\libc.a(lib_a-mprec.o)
                0x080091b0                __mprec_bigtens
 .rodata.p05.5386
                0x080091d8        0xc c:/program files/atollic/truestudio for arm 7.1.0/armtools/bin/../lib/gcc/arm-atollic-eabi/5.3.1/../../../../arm-atollic-eabi/lib/armv7-m\libc.a(lib_a-mprec.o)
                0x080091e4                . = ALIGN (0x4)

.ARM.extab
 *(.ARM.extab* .gnu.linkonce.armextab.*)

.ARM            0x080091e4        0x8
                0x080091e4                __exidx_start = .
 *(.ARM.exidx*)
 .ARM.exidx     0x080091e4        0x8 c:/program files/atollic/truestudio for arm 7.1.0/armtools/bin/../lib/gcc/arm-atollic-eabi/5.3.1/armv7-m\libgcc.a(_udivmoddi4.o)
                0x080091ec                __exidx_end = .

.rel.dyn        0x080091ec        0x0
 .rel.iplt      0x080091ec        0x0 c:/program files/atollic/truestudio for arm 7.1.0/armtools/bin/../lib/gcc/arm-atollic-eabi/5.3.1/armv7-m/crtbegin.o

.preinit_array  0x080091ec        0x0
                0x080091ec                PROVIDE (__preinit_array_start, .)
 *(.preinit_array*)
                0x080091ec                PROVIDE (__preinit_array_end, .)

.init_array     0x080091ec        0x4
                0x080091ec                PROVIDE (__init_array_start, .)
 *(SORT(.init_array.*))
 *(.init_array*)
 .init_array    0x080091ec        0x4 c:/program files/atollic/truestudio for arm 7.1.0/armtools/bin/../lib/gcc/arm-atollic-eabi/5.3.1/armv7-m/crtbegin.o
                0x080091f0                PROVIDE (__init_array_end, .)

.fini_array     0x080091f0        0x4
                [!provide]                PROVIDE (__fini_array_start, .)
 *(SORT(.fini_array.*))
 *(.fini_array*)
 .fini_array    0x080091f0        0x4 c:/program files/atollic/truestudio for arm 7.1.0/armtools/bin/../lib/gcc/arm-atollic-eabi/5.3.1/armv7-m/crtbegin.o
                [!provide]                PROVIDE (__fini_array_end, .)
                0x080091f4                _sidata = LOADADDR (.data)

.data           0x20000000      0x6cc load address 0x080091f4
                0x20000000                . = ALIGN (0x4)
                0x20000000                _sdata = .
 *(.data)
 *(.data*)
 .data.USBD_CDC_CfgFSDesc
                0x20000000       0x43 Middlewares\ST\STM32_USB_Device_Library\Class\CDC\Src\usbd_cdc.o
                0x20000000                USBD_CDC_CfgFSDesc
 *fill*         0x20000043        0x1 
 .data.USBD_CDC
                0x20000044       0x38 Middlewares\ST\STM32_USB_Device_Library\Class\CDC\Src\usbd_cdc.o
                0x20000044                USBD_CDC
 .data.USBD_CDC_DeviceQualifierDesc
                0x2000007c        0xa Middlewares\ST\STM32_USB_Device_Library\Class\CDC\Src\usbd_cdc.o
 *fill*         0x20000086        0x2 
 .data.USBD_CDC_OtherSpeedCfgDesc
                0x20000088       0x43 Middlewares\ST\STM32_USB_Device_Library\Class\CDC\Src\usbd_cdc.o
                0x20000088                USBD_CDC_OtherSpeedCfgDesc
 *fill*         0x200000cb        0x1 
 .data.USBD_CDC_CfgHSDesc
                0x200000cc       0x43 Middlewares\ST\STM32_USB_Device_Library\Class\CDC\Src\usbd_cdc.o
                0x200000cc                USBD_CDC_CfgHSDesc
 *fill*         0x2000010f        0x1 
 .data.uxCriticalNesting
                0x20000110        0x4 Middlewares\Third_Party\FreeRTOS\Source\portable\GCC\ARM_CM3\port.o
 .data.SystemCoreClock
                0x20000114        0x4 Src\system_stm32f1xx.o
                0x20000114                SystemCoreClock
 .data.USBD_Interface_fops_FS
                0x20000118       0x10 Src\usbd_cdc_if.o
                0x20000118                USBD_Interface_fops_FS
 .data.FS_Desc  0x20000128       0x1c Src\usbd_desc.o
                0x20000128                FS_Desc
 .data.USBD_LangIDDesc
                0x20000144        0x4 Src\usbd_desc.o
                0x20000144                USBD_LangIDDesc
 .data.USBD_FS_DeviceDesc
                0x20000148       0x12 Src\usbd_desc.o
                0x20000148                USBD_FS_DeviceDesc
 *fill*         0x2000015a        0x2 
 .data.prompt_default
                0x2000015c        0x4 microrl_lib\microrl.o
                0x2000015c                prompt_default
 .data.prl      0x20000160        0x4 microrl_lib\microrl_func.o
                0x20000160                prl
 .data.__ctype_ptr__
                0x20000164        0x4 c:/program files/atollic/truestudio for arm 7.1.0/armtools/bin/../lib/gcc/arm-atollic-eabi/5.3.1/../../../../arm-atollic-eabi/lib/armv7-m\libc.a(lib_a-ctype_.o)
                0x20000164                __ctype_ptr__
 .data.impure_data
                0x20000168       0xf0 c:/program files/atollic/truestudio for arm 7.1.0/armtools/bin/../lib/gcc/arm-atollic-eabi/5.3.1/../../../../arm-atollic-eabi/lib/armv7-m\libc.a(lib_a-impure.o)
 .data._impure_ptr
                0x20000258        0x4 c:/program files/atollic/truestudio for arm 7.1.0/armtools/bin/../lib/gcc/arm-atollic-eabi/5.3.1/../../../../arm-atollic-eabi/lib/armv7-m\libc.a(lib_a-impure.o)
                0x20000258                _impure_ptr
 .data.__malloc_av_
                0x2000025c      0x408 c:/program files/atollic/truestudio for arm 7.1.0/armtools/bin/../lib/gcc/arm-atollic-eabi/5.3.1/../../../../arm-atollic-eabi/lib/armv7-m\libc.a(lib_a-mallocr.o)
                0x2000025c                __malloc_av_
 .data.__malloc_trim_threshold
                0x20000664        0x4 c:/program files/atollic/truestudio for arm 7.1.0/armtools/bin/../lib/gcc/arm-atollic-eabi/5.3.1/../../../../arm-atollic-eabi/lib/armv7-m\libc.a(lib_a-mallocr.o)
                0x20000664                __malloc_trim_threshold
 .data.__malloc_sbrk_base
                0x20000668        0x4 c:/program files/atollic/truestudio for arm 7.1.0/armtools/bin/../lib/gcc/arm-atollic-eabi/5.3.1/../../../../arm-atollic-eabi/lib/armv7-m\libc.a(lib_a-mallocr.o)
                0x20000668                __malloc_sbrk_base
 .data.lconv    0x2000066c       0x38 c:/program files/atollic/truestudio for arm 7.1.0/armtools/bin/../lib/gcc/arm-atollic-eabi/5.3.1/../../../../arm-atollic-eabi/lib/armv7-m\libc.a(lib_a-locale.o)
 .data.lc_ctype_charset
                0x200006a4       0x20 c:/program files/atollic/truestudio for arm 7.1.0/armtools/bin/../lib/gcc/arm-atollic-eabi/5.3.1/../../../../arm-atollic-eabi/lib/armv7-m\libc.a(lib_a-locale.o)
 .data.__mb_cur_max
                0x200006c4        0x4 c:/program files/atollic/truestudio for arm 7.1.0/armtools/bin/../lib/gcc/arm-atollic-eabi/5.3.1/../../../../arm-atollic-eabi/lib/armv7-m\libc.a(lib_a-locale.o)
                0x200006c4                __mb_cur_max
 .data.__wctomb
                0x200006c8        0x4 c:/program files/atollic/truestudio for arm 7.1.0/armtools/bin/../lib/gcc/arm-atollic-eabi/5.3.1/../../../../arm-atollic-eabi/lib/armv7-m\libc.a(lib_a-wctomb_r.o)
                0x200006c8                __wctomb
                0x200006cc                . = ALIGN (0x4)
                0x200006cc                _edata = .

.igot.plt       0x200006cc        0x0 load address 0x080098c0
 .igot.plt      0x200006cc        0x0 c:/program files/atollic/truestudio for arm 7.1.0/armtools/bin/../lib/gcc/arm-atollic-eabi/5.3.1/armv7-m/crtbegin.o
                0x200006cc                . = ALIGN (0x4)

.bss            0x200006cc     0x3600 load address 0x080098c0
                0x200006cc                _sbss = .
                0x200006cc                __bss_start__ = _sbss
 *(.bss)
 .bss           0x200006cc       0x1c c:/program files/atollic/truestudio for arm 7.1.0/armtools/bin/../lib/gcc/arm-atollic-eabi/5.3.1/armv7-m/crtbegin.o
 *(.bss*)
 .bss.uwTick    0x200006e8        0x4 Drivers\STM32F1xx_HAL_Driver\Src\stm32f1xx_hal.o
 .bss.ifalt.7564
                0x200006ec        0x1 Middlewares\ST\STM32_USB_Device_Library\Class\CDC\Src\usbd_cdc.o
 .bss.cfgidx.7569
                0x200006ed        0x1 Middlewares\ST\STM32_USB_Device_Library\Core\Src\usbd_ctlreq.o
 *fill*         0x200006ee        0x2 
 .bss.ulTimerCountsForOneTick
                0x200006f0        0x4 Middlewares\Third_Party\FreeRTOS\Source\portable\GCC\ARM_CM3\port.o
 .bss.ulStoppedTimerCompensation
                0x200006f4        0x4 Middlewares\Third_Party\FreeRTOS\Source\portable\GCC\ARM_CM3\port.o
 .bss.ucMaxSysCallPriority
                0x200006f8        0x1 Middlewares\Third_Party\FreeRTOS\Source\portable\GCC\ARM_CM3\port.o
 *fill*         0x200006f9        0x3 
 .bss.ulMaxPRIGROUPValue
                0x200006fc        0x4 Middlewares\Third_Party\FreeRTOS\Source\portable\GCC\ARM_CM3\port.o
 .bss.xMaximumPossibleSuppressedTicks
                0x20000700        0x4 Middlewares\Third_Party\FreeRTOS\Source\portable\GCC\ARM_CM3\port.o
 .bss.xFreeBytesRemaining
                0x20000704        0x4 Middlewares\Third_Party\FreeRTOS\Source\portable\MemMang\heap_4.o
 .bss.pxEnd     0x20000708        0x4 Middlewares\Third_Party\FreeRTOS\Source\portable\MemMang\heap_4.o
 .bss.xStart    0x2000070c        0x8 Middlewares\Third_Party\FreeRTOS\Source\portable\MemMang\heap_4.o
 .bss.ucHeap    0x20000714     0x2800 Middlewares\Third_Party\FreeRTOS\Source\portable\MemMang\heap_4.o
 .bss.xBlockAllocatedBit
                0x20002f14        0x4 Middlewares\Third_Party\FreeRTOS\Source\portable\MemMang\heap_4.o
 .bss.xMinimumEverFreeBytesRemaining
                0x20002f18        0x4 Middlewares\Third_Party\FreeRTOS\Source\portable\MemMang\heap_4.o
 .bss.ulTaskSwitchedInTime
                0x20002f1c        0x4 Middlewares\Third_Party\FreeRTOS\Source\tasks.o
 .bss.xNumOfOverflows
                0x20002f20        0x4 Middlewares\Third_Party\FreeRTOS\Source\tasks.o
 .bss.pxDelayedTaskList
                0x20002f24        0x4 Middlewares\Third_Party\FreeRTOS\Source\tasks.o
 .bss.xSchedulerRunning
                0x20002f28        0x4 Middlewares\Third_Party\FreeRTOS\Source\tasks.o
 .bss.uxTasksDeleted
                0x20002f2c        0x4 Middlewares\Third_Party\FreeRTOS\Source\tasks.o
 .bss.xDelayedTaskList1
                0x20002f30       0x14 Middlewares\Third_Party\FreeRTOS\Source\tasks.o
 .bss.uxPendedTicks
                0x20002f44        0x4 Middlewares\Third_Party\FreeRTOS\Source\tasks.o
 .bss.pxReadyTasksLists
                0x20002f48       0x8c Middlewares\Third_Party\FreeRTOS\Source\tasks.o
 .bss.xTasksWaitingTermination
                0x20002fd4       0x14 Middlewares\Third_Party\FreeRTOS\Source\tasks.o
 .bss.pxCurrentTCB
                0x20002fe8        0x4 Middlewares\Third_Party\FreeRTOS\Source\tasks.o
                0x20002fe8                pxCurrentTCB
 .bss.xNextTaskUnblockTime
                0x20002fec        0x4 Middlewares\Third_Party\FreeRTOS\Source\tasks.o
 .bss.uxSchedulerSuspended
                0x20002ff0        0x4 Middlewares\Third_Party\FreeRTOS\Source\tasks.o
 .bss.xTickCount
                0x20002ff4        0x4 Middlewares\Third_Party\FreeRTOS\Source\tasks.o
 .bss.pxOverflowDelayedTaskList
                0x20002ff8        0x4 Middlewares\Third_Party\FreeRTOS\Source\tasks.o
 .bss.xPendingReadyList
                0x20002ffc       0x14 Middlewares\Third_Party\FreeRTOS\Source\tasks.o
 .bss.uxTaskNumber
                0x20003010        0x4 Middlewares\Third_Party\FreeRTOS\Source\tasks.o
 .bss.uxCurrentNumberOfTasks
                0x20003014        0x4 Middlewares\Third_Party\FreeRTOS\Source\tasks.o
 .bss.xDelayedTaskList2
                0x20003018       0x14 Middlewares\Third_Party\FreeRTOS\Source\tasks.o
 .bss.xSuspendedTaskList
                0x2000302c       0x14 Middlewares\Third_Party\FreeRTOS\Source\tasks.o
 .bss.uxTopReadyPriority
                0x20003040        0x4 Middlewares\Third_Party\FreeRTOS\Source\tasks.o
 .bss.xYieldPending
                0x20003044        0x4 Middlewares\Third_Party\FreeRTOS\Source\tasks.o
 .bss.heap.7666
                0x20003048        0x4 Src\syscalls.o
 .bss.receive_total
                0x2000304c        0x4 Src\usbd_cdc_if.o
                0x2000304c                receive_total
 .bss.mem.7722  0x20003050      0x220 Src\usbd_conf.o
 .bss.xQueueCmdBuffer
                0x20003270        0x4 microrl_lib\microrl_func.o
 .bss.__malloc_max_total_mem
                0x20003274        0x4 c:/program files/atollic/truestudio for arm 7.1.0/armtools/bin/../lib/gcc/arm-atollic-eabi/5.3.1/../../../../arm-atollic-eabi/lib/armv7-m\libc.a(lib_a-mallocr.o)
                0x20003274                __malloc_max_total_mem
 .bss.__malloc_max_sbrked_mem
                0x20003278        0x4 c:/program files/atollic/truestudio for arm 7.1.0/armtools/bin/../lib/gcc/arm-atollic-eabi/5.3.1/../../../../arm-atollic-eabi/lib/armv7-m\libc.a(lib_a-mallocr.o)
                0x20003278                __malloc_max_sbrked_mem
 .bss.__malloc_top_pad
                0x2000327c        0x4 c:/program files/atollic/truestudio for arm 7.1.0/armtools/bin/../lib/gcc/arm-atollic-eabi/5.3.1/../../../../arm-atollic-eabi/lib/armv7-m\libc.a(lib_a-mallocr.o)
                0x2000327c                __malloc_top_pad
 .bss.__malloc_current_mallinfo
                0x20003280       0x28 c:/program files/atollic/truestudio for arm 7.1.0/armtools/bin/../lib/gcc/arm-atollic-eabi/5.3.1/../../../../arm-atollic-eabi/lib/armv7-m\libc.a(lib_a-mallocr.o)
                0x20003280                __malloc_current_mallinfo
 *(COMMON)
 COMMON         0x200032a8      0x224 Src\usb_device.o
                0x200032a8                hUsbDeviceFS
 COMMON         0x200034cc       0x85 Src\usbd_cdc_if.o
                0x200034cc                received_data_size
                0x200034d0                UserRxBufferFS
                0x20003510                received_data
                0x20003511                UserTxBufferFS
 *fill*         0x20003551        0x3 
 COMMON         0x20003554      0x420 Src\usbd_conf.o
                0x20003554                hpcd_USB_FS
 COMMON         0x20003974      0x200 Src\usbd_desc.o
                0x20003974                USBD_StrDesc
 COMMON         0x20003b74      0x154 microrl_lib\microrl_func.o
                0x20003b74                rl
                0x20003c48                compl_world
                0x20003c50                terminalFuncArray
 COMMON         0x20003cc8        0x4 c:/program files/atollic/truestudio for arm 7.1.0/armtools/bin/../lib/gcc/arm-atollic-eabi/5.3.1/../../../../arm-atollic-eabi/lib/armv7-m\libc.a(lib_a-reent.o)
                0x20003cc8                errno
                0x20003ccc                . = ALIGN (0x4)
                0x20003ccc                _ebss = .
                0x20003ccc                __bss_end__ = _ebss

._user_heap_stack
                0x20003ccc      0x600 load address 0x080098c0
                0x20003ccc                . = ALIGN (0x4)
                [!provide]                PROVIDE (end, .)
                0x20003ccc                PROVIDE (_end, .)
                0x20003ecc                . = (. + _Min_Heap_Size)
 *fill*         0x20003ccc      0x200 
                0x200042cc                . = (. + _Min_Stack_Size)
 *fill*         0x20003ecc      0x400 
                0x200042cc                . = ALIGN (0x4)

/DISCARD/
 libc.a(*)
 libm.a(*)
 libgcc.a(*)

.ARM.attributes
                0x00000000       0x29
 *(.ARM.attributes)
 .ARM.attributes
                0x00000000       0x1d c:/program files/atollic/truestudio for arm 7.1.0/armtools/bin/../lib/gcc/arm-atollic-eabi/5.3.1/armv7-m/crti.o
 .ARM.attributes
                0x0000001d       0x2d c:/program files/atollic/truestudio for arm 7.1.0/armtools/bin/../lib/gcc/arm-atollic-eabi/5.3.1/armv7-m/crtbegin.o
 .ARM.attributes
                0x0000004a       0x21 Drivers\CMSIS\Device\ST\STM32F1xx\Source\Templates\gcc\startup_stm32f103xe.o
 .ARM.attributes
                0x0000006b       0x33 Drivers\STM32F1xx_HAL_Driver\Src\stm32f1xx_hal.o
 .ARM.attributes
                0x0000009e       0x33 Drivers\STM32F1xx_HAL_Driver\Src\stm32f1xx_hal_cortex.o
 .ARM.attributes
                0x000000d1       0x33 Drivers\STM32F1xx_HAL_Driver\Src\stm32f1xx_hal_gpio.o
 .ARM.attributes
                0x00000104       0x33 Drivers\STM32F1xx_HAL_Driver\Src\stm32f1xx_hal_pcd.o
 .ARM.attributes
                0x00000137       0x33 Drivers\STM32F1xx_HAL_Driver\Src\stm32f1xx_hal_pcd_ex.o
 .ARM.attributes
                0x0000016a       0x33 Drivers\STM32F1xx_HAL_Driver\Src\stm32f1xx_hal_rcc.o
 .ARM.attributes
                0x0000019d       0x33 Drivers\STM32F1xx_HAL_Driver\Src\stm32f1xx_hal_rcc_ex.o
 .ARM.attributes
                0x000001d0       0x33 Drivers\STM32F1xx_HAL_Driver\Src\stm32f1xx_ll_usb.o
 .ARM.attributes
                0x00000203       0x33 Middlewares\ST\STM32_USB_Device_Library\Class\CDC\Src\usbd_cdc.o
 .ARM.attributes
                0x00000236       0x33 Middlewares\ST\STM32_USB_Device_Library\Core\Src\usbd_core.o
 .ARM.attributes
                0x00000269       0x33 Middlewares\ST\STM32_USB_Device_Library\Core\Src\usbd_ctlreq.o
 .ARM.attributes
                0x0000029c       0x33 Middlewares\ST\STM32_USB_Device_Library\Core\Src\usbd_ioreq.o
 .ARM.attributes
                0x000002cf       0x33 Middlewares\Third_Party\FreeRTOS\Source\CMSIS_RTOS\cmsis_os.o
 .ARM.attributes
                0x00000302       0x33 Middlewares\Third_Party\FreeRTOS\Source\list.o
 .ARM.attributes
                0x00000335       0x33 Middlewares\Third_Party\FreeRTOS\Source\portable\GCC\ARM_CM3\port.o
 .ARM.attributes
                0x00000368       0x33 Middlewares\Third_Party\FreeRTOS\Source\portable\MemMang\heap_4.o
 .ARM.attributes
                0x0000039b       0x33 Middlewares\Third_Party\FreeRTOS\Source\queue.o
 .ARM.attributes
                0x000003ce       0x33 Middlewares\Third_Party\FreeRTOS\Source\tasks.o
 .ARM.attributes
                0x00000401       0x33 Src\freertos.o
 .ARM.attributes
                0x00000434       0x33 Src\main.o
 .ARM.attributes
                0x00000467       0x33 Src\stm32f1xx_it.o
 .ARM.attributes
                0x0000049a       0x33 Src\syscalls.o
 .ARM.attributes
                0x000004cd       0x33 Src\system_stm32f1xx.o
 .ARM.attributes
                0x00000500       0x33 Src\usb_device.o
 .ARM.attributes
                0x00000533       0x33 Src\usbd_cdc_if.o
 .ARM.attributes
                0x00000566       0x33 Src\usbd_conf.o
 .ARM.attributes
                0x00000599       0x33 Src\usbd_desc.o
 .ARM.attributes
                0x000005cc       0x33 microrl_lib\console_cmd.o
 .ARM.attributes
                0x000005ff       0x33 microrl_lib\microrl.o
 .ARM.attributes
                0x00000632       0x33 microrl_lib\microrl_func.o
 .ARM.attributes
                0x00000665       0x2d c:/program files/atollic/truestudio for arm 7.1.0/armtools/bin/../lib/gcc/arm-atollic-eabi/5.3.1/../../../../arm-atollic-eabi/lib/armv7-m\libc.a(lib_a-init.o)
 .ARM.attributes
                0x00000692       0x2d c:/program files/atollic/truestudio for arm 7.1.0/armtools/bin/../lib/gcc/arm-atollic-eabi/5.3.1/../../../../arm-atollic-eabi/lib/armv7-m\libc.a(lib_a-memcpy-stub.o)
 .ARM.attributes
                0x000006bf       0x2d c:/program files/atollic/truestudio for arm 7.1.0/armtools/bin/../lib/gcc/arm-atollic-eabi/5.3.1/../../../../arm-atollic-eabi/lib/armv7-m\libc.a(lib_a-memmove.o)
 .ARM.attributes
                0x000006ec       0x2d c:/program files/atollic/truestudio for arm 7.1.0/armtools/bin/../lib/gcc/arm-atollic-eabi/5.3.1/../../../../arm-atollic-eabi/lib/armv7-m\libc.a(lib_a-memset.o)
 .ARM.attributes
                0x00000719       0x2d c:/program files/atollic/truestudio for arm 7.1.0/armtools/bin/../lib/gcc/arm-atollic-eabi/5.3.1/../../../../arm-atollic-eabi/lib/armv7-m\libc.a(lib_a-strcasecmp.o)
 .ARM.attributes
                0x00000746       0x1b c:/program files/atollic/truestudio for arm 7.1.0/armtools/bin/../lib/gcc/arm-atollic-eabi/5.3.1/../../../../arm-atollic-eabi/lib/armv7-m\libc.a(lib_a-strcmp.o)
 .ARM.attributes
                0x00000761       0x2d c:/program files/atollic/truestudio for arm 7.1.0/armtools/bin/../lib/gcc/arm-atollic-eabi/5.3.1/../../../../arm-atollic-eabi/lib/armv7-m\libc.a(lib_a-strcpy.o)
 .ARM.attributes
                0x0000078e       0x17 c:/program files/atollic/truestudio for arm 7.1.0/armtools/bin/../lib/gcc/arm-atollic-eabi/5.3.1/../../../../arm-atollic-eabi/lib/armv7-m\libc.a(lib_a-strlen.o)
 .ARM.attributes
                0x000007a5       0x2d c:/program files/atollic/truestudio for arm 7.1.0/armtools/bin/../lib/gcc/arm-atollic-eabi/5.3.1/../../../../arm-atollic-eabi/lib/armv7-m\libc.a(lib_a-strstr.o)
 .ARM.attributes
                0x000007d2       0x2d c:/program files/atollic/truestudio for arm 7.1.0/armtools/bin/../lib/gcc/arm-atollic-eabi/5.3.1/../../../../arm-atollic-eabi/lib/armv7-m\libc.a(lib_a-vprintf.o)
 .ARM.attributes
                0x000007ff       0x2d c:/program files/atollic/truestudio for arm 7.1.0/armtools/bin/../lib/gcc/arm-atollic-eabi/5.3.1/../../../../arm-atollic-eabi/lib/armv7-m\libc.a(lib_a-ctype_.o)
 .ARM.attributes
                0x0000082c       0x2d c:/program files/atollic/truestudio for arm 7.1.0/armtools/bin/../lib/gcc/arm-atollic-eabi/5.3.1/../../../../arm-atollic-eabi/lib/armv7-m\libc.a(lib_a-findfp.o)
 .ARM.attributes
                0x00000859       0x2d c:/program files/atollic/truestudio for arm 7.1.0/armtools/bin/../lib/gcc/arm-atollic-eabi/5.3.1/../../../../arm-atollic-eabi/lib/armv7-m\libc.a(lib_a-fwalk.o)
 .ARM.attributes
                0x00000886       0x2d c:/program files/atollic/truestudio for arm 7.1.0/armtools/bin/../lib/gcc/arm-atollic-eabi/5.3.1/../../../../arm-atollic-eabi/lib/armv7-m\libc.a(lib_a-impure.o)
 .ARM.attributes
                0x000008b3       0x2d c:/program files/atollic/truestudio for arm 7.1.0/armtools/bin/../lib/gcc/arm-atollic-eabi/5.3.1/../../../../arm-atollic-eabi/lib/armv7-m\libc.a(lib_a-mallocr.o)
 .ARM.attributes
                0x000008e0       0x2d c:/program files/atollic/truestudio for arm 7.1.0/armtools/bin/../lib/gcc/arm-atollic-eabi/5.3.1/../../../../arm-atollic-eabi/lib/armv7-m\libc.a(lib_a-mlock.o)
 .ARM.attributes